#
# There is insufficient memory for the Java Runtime Environment to continue.
# Native memory allocation (malloc) failed to allocate 304176 bytes. Error detail: Chunk::new
# Possible reasons:
#   The system is out of physical RAM or swap space
#   This process is running with CompressedOops enabled, and the Java Heap may be blocking the growth of the native heap
# Possible solutions:
#   Reduce memory load on the system
#   Increase physical memory or swap space
#   Check if swap backing store is full
#   Decrease Java heap size (-Xmx/-Xms)
#   Decrease number of Java threads
#   Decrease Java thread stack sizes (-Xss)
#   Set larger code cache with -XX:ReservedCodeCacheSize=
#   JVM is running with Zero Based Compressed Oops mode in which the Java heap is
#     placed in the first 32GB address space. The Java Heap base address is the
#     maximum limit for the native heap growth. Please use -XX:HeapBaseMinAddress
#     to set the Java Heap base and to place the Java Heap above 32GB virtual address.
# This output file may be truncated or incomplete.
#
#  Out of Memory Error (arena.cpp:168), pid=19916, tid=60312
#
# JRE version: OpenJDK Runtime Environment Temurin-21.0.12.1+1 (21.0.12.1+1) (build 21.0.12.1+1-LTS)
# Java VM: OpenJDK 64-Bit Server VM Temurin-21.0.12.1+1 (21.0.12.1+1-LTS, mixed mode, sharing, tiered, compressed oops, compressed class ptrs, g1 gc, windows-amd64)
# No core dump will be written. Minidumps are not enabled by default on client versions of Windows
#

---------------  S U M M A R Y ------------

Command Line: --add-opens=java.base/java.lang=ALL-UNNAMED --add-opens=java.base/java.lang.invoke=ALL-UNNAMED --add-opens=java.base/java.util=ALL-UNNAMED --add-opens=java.prefs/java.util.prefs=ALL-UNNAMED --add-exports=jdk.compiler/com.sun.tools.javac.api=ALL-UNNAMED --add-exports=jdk.compiler/com.sun.tools.javac.util=ALL-UNNAMED --add-opens=java.base/java.nio.charset=ALL-UNNAMED --add-opens=java.base/java.net=ALL-UNNAMED --add-opens=java.base/java.util.concurrent=ALL-UNNAMED --add-opens=java.base/java.util.concurrent.atomic=ALL-UNNAMED --add-opens=java.xml/javax.xml.namespace=ALL-UNNAMED --add-opens=java.base/java.time=ALL-UNNAMED -Dfile.encoding=UTF-8 -Duser.country=KR -Duser.language=ko -Duser.variant -javaagent:C:\Users\Coding\.gradle\wrapper\dists\gradle-9.7.1-bin\1w1c7tv4s851m17nbqdsro2tv\gradle-9.7.1\lib\agents\gradle-instrumentation-agent-9.7.1.jar org.gradle.launcher.daemon.bootstrap.GradleDaemon 9.7.1

Host: AMD Ryzen 5 5560U with Radeon Graphics         , 12 cores, 15G,  Windows 11 , 64 bit Build 26100 (10.0.26100.9549)
Time: Wed Oct  7 17:15:24 2026 elapsed time: 177.309344 seconds (0d 0h 2m 57s)

---------------  T H R E A D  ---------------

Current thread (0x00000297d2e31850):  JavaThread "C2 CompilerThread0" daemon [_thread_in_native, id=60312, stack(0x000000a825400000,0x000000a825500000) (1024K)]


Current CompileTask:
C2:177309 3258       4       javax.management.ObjectName::construct (1135 bytes)

Stack: [0x000000a825400000,0x000000a825500000]
Native frames: (J=compiled Java code, j=interpreted, Vv=VM code, C=native code)
V  [jvm.dll+0x6d83e9]
V  [jvm.dll+0x8b5736]
V  [jvm.dll+0x8b7cee]
V  [jvm.dll+0x8b83d3]
V  [jvm.dll+0x284596]
V  [jvm.dll+0xc685d]
V  [jvm.dll+0xc6da1]
V  [jvm.dll+0x2fb5ae]
V  [jvm.dll+0x5fee94]
V  [jvm.dll+0x255d67]
V  [jvm.dll+0x24ddab]
V  [jvm.dll+0x24bbe6]
V  [jvm.dll+0x1cb4ae]
V  [jvm.dll+0x25baad]
V  [jvm.dll+0x25a03a]
V  [jvm.dll+0x3f8aae]
V  [jvm.dll+0x8600cd]
V  [jvm.dll+0x6d6c1d]
C  [ucrtbase.dll+0x2cd30]
C  [KERNEL32.DLL+0x2cdf7]
C  [ntdll.dll+0x7ee4c]


---------------  P R O C E S S  ---------------

Threads class SMR info:
_java_thread_list=0x000002981bd97d40, length=27, elements={
0x00000297b6922b00, 0x00000297d2e235f0, 0x00000297d2e26bd0, 0x00000297d2e281a0,
0x00000297d2e28c00, 0x00000297d2e2a1d0, 0x00000297d2e2b7a0, 0x00000297d2e31850,
0x00000297d2e32550, 0x00000298181e7600, 0x00000298182b2c50, 0x0000029819394950,
0x0000029819f48bf0, 0x0000029818385040, 0x000002981a0f6430, 0x000002981a0f6aa0,
0x0000029819bf78a0, 0x000002981a16aeb0, 0x0000029819c95ff0, 0x0000029819c96680,
0x0000029819c952d0, 0x0000029819c96d10, 0x0000029819c973a0, 0x0000029819c95960,
0x0000029819c980c0, 0x000002981a1a1c30, 0x000002981b50e7e0
}

Java Threads: ( => current thread )
  0x00000297b6922b00 JavaThread "main"                              [_thread_blocked, id=39372, stack(0x000000a824600000,0x000000a824700000) (1024K)]
  0x00000297d2e235f0 JavaThread "Reference Handler"          daemon [_thread_blocked, id=42492, stack(0x000000a824e00000,0x000000a824f00000) (1024K)]
  0x00000297d2e26bd0 JavaThread "Finalizer"                  daemon [_thread_blocked, id=12868, stack(0x000000a824f00000,0x000000a825000000) (1024K)]
  0x00000297d2e281a0 JavaThread "Signal Dispatcher"          daemon [_thread_blocked, id=29900, stack(0x000000a825000000,0x000000a825100000) (1024K)]
  0x00000297d2e28c00 JavaThread "Attach Listener"            daemon [_thread_blocked, id=9512, stack(0x000000a825100000,0x000000a825200000) (1024K)]
  0x00000297d2e2a1d0 JavaThread "Service Thread"             daemon [_thread_blocked, id=48804, stack(0x000000a825200000,0x000000a825300000) (1024K)]
  0x00000297d2e2b7a0 JavaThread "Monitor Deflation Thread"   daemon [_thread_blocked, id=2420, stack(0x000000a825300000,0x000000a825400000) (1024K)]
=>0x00000297d2e31850 JavaThread "C2 CompilerThread0"         daemon [_thread_in_native, id=60312, stack(0x000000a825400000,0x000000a825500000) (1024K)]
  0x00000297d2e32550 JavaThread "C1 CompilerThread0"         daemon [_thread_blocked, id=62068, stack(0x000000a825500000,0x000000a825600000) (1024K)]
  0x00000298181e7600 JavaThread "Common-Cleaner"             daemon [_thread_blocked, id=16416, stack(0x000000a825600000,0x000000a825700000) (1024K)]
  0x00000298182b2c50 JavaThread "Notification Thread"        daemon [_thread_blocked, id=44740, stack(0x000000a825700000,0x000000a825800000) (1024K)]
  0x0000029819394950 JavaThread "Daemon health stats"               [_thread_blocked, id=44452, stack(0x000000a824300000,0x000000a824400000) (1024K)]
  0x0000029819f48bf0 JavaThread "Incoming local TCP Connector on port 54167"        [_thread_in_native, id=3868, stack(0x000000a824500000,0x000000a824600000) (1024K)]
  0x0000029818385040 JavaThread "Daemon periodic checks"            [_thread_blocked, id=7452, stack(0x000000a825c00000,0x000000a825d00000) (1024K)]
  0x000002981a0f6430 JavaThread "Daemon"                            [_thread_blocked, id=40584, stack(0x000000a825e00000,0x000000a825f00000) (1024K)]
  0x000002981a0f6aa0 JavaThread "Handler for socket connection from /127.0.0.1:54167 to /127.0.0.1:60846"        [_thread_in_native, id=52124, stack(0x000000a825f00000,0x000000a826000000) (1024K)]
  0x0000029819bf78a0 JavaThread "Cancel handler"                    [_thread_blocked, id=44372, stack(0x000000a826000000,0x000000a826100000) (1024K)]
  0x000002981a16aeb0 JavaThread "Daemon worker"                     [_thread_in_native, id=51052, stack(0x000000a826100000,0x000000a826200000) (1024K)]
  0x0000029819c95ff0 JavaThread "Asynchronous log dispatcher for DefaultDaemonConnection: socket connection from /127.0.0.1:54167 to /127.0.0.1:60846"        [_thread_blocked, id=35980, stack(0x000000a826200000,0x000000a826300000) (1024K)]
  0x0000029819c96680 JavaThread "Stdin handler"                     [_thread_blocked, id=44136, stack(0x000000a826300000,0x000000a826400000) (1024K)]
  0x0000029819c952d0 JavaThread "Daemon client event forwarder"        [_thread_blocked, id=29012, stack(0x000000a826400000,0x000000a826500000) (1024K)]
  0x0000029819c96d10 JavaThread "Cache worker for journal cache (C:\Users\Coding\.gradle\caches\journal-1)"        [_thread_blocked, id=58784, stack(0x000000a826500000,0x000000a826600000) (1024K)]
  0x0000029819c973a0 JavaThread "File lock request listener"        [_thread_in_native, id=22804, stack(0x000000a826600000,0x000000a826700000) (1024K)]
  0x0000029819c95960 JavaThread "File lock release action executor"        [_thread_blocked, id=61152, stack(0x000000a826700000,0x000000a826800000) (1024K)]
  0x0000029819c980c0 JavaThread "Cache worker for file hash cache (C:\Users\Coding\.gradle\caches\9.7.1\fileHashes)"        [_thread_blocked, id=46984, stack(0x000000a826800000,0x000000a826900000) (1024K)]
  0x000002981a1a1c30 JavaThread "C2 CompilerThread1"         daemon [_thread_blocked, id=2372, stack(0x000000a826e00000,0x000000a826f00000) (1024K)]
  0x000002981b50e7e0 JavaThread "Cache worker for file hash cache (C:\Users\Coding\projects\autodoc\.gradle\9.7.1\fileHashes)"        [_thread_blocked, id=30728, stack(0x000000a826f00000,0x000000a827000000) (1024K)]
Total: 27

Other Threads:
  0x00000297d2e02250 VMThread "VM Thread"                           [id=53152, stack(0x000000a824d00000,0x000000a824e00000) (1024K)]
  0x00000297d2defc60 WatcherThread "VM Periodic Task Thread"        [id=48072, stack(0x000000a824c00000,0x000000a824d00000) (1024K)]
  0x00000297b8db80b0 WorkerThread "GC Thread#0"                     [id=38604, stack(0x000000a824700000,0x000000a824800000) (1024K)]
  0x000002981869b150 WorkerThread "GC Thread#1"                     [id=56248, stack(0x000000a825800000,0x000000a825900000) (1024K)]
  0x00000298180e7e40 WorkerThread "GC Thread#2"                     [id=47392, stack(0x000000a825900000,0x000000a825a00000) (1024K)]
  0x00000298180e81f0 WorkerThread "GC Thread#3"                     [id=50760, stack(0x000000a825a00000,0x000000a825b00000) (1024K)]
  0x00000298180e85a0 WorkerThread "GC Thread#4"                     [id=38924, stack(0x000000a825b00000,0x000000a825c00000) (1024K)]
  0x000002981a58b430 WorkerThread "GC Thread#5"                     [id=53012, stack(0x000000a824400000,0x000000a824500000) (1024K)]
  0x000002981a58bb90 WorkerThread "GC Thread#6"                     [id=47504, stack(0x000000a825d00000,0x000000a825e00000) (1024K)]
  0x000002981a58ca50 WorkerThread "GC Thread#7"                     [id=46412, stack(0x000000a826900000,0x000000a826a00000) (1024K)]
  0x000002981a58b080 WorkerThread "GC Thread#8"                     [id=58740, stack(0x000000a826a00000,0x000000a826b00000) (1024K)]
  0x000002981a58c2f0 WorkerThread "GC Thread#9"                     [id=41560, stack(0x000000a826b00000,0x000000a826c00000) (1024K)]
  0x00000297b8dc8530 ConcurrentGCThread "G1 Main Marker"            [id=8376, stack(0x000000a824800000,0x000000a824900000) (1024K)]
  0x00000297b8dc8e50 WorkerThread "G1 Conc#0"                       [id=61396, stack(0x000000a824900000,0x000000a824a00000) (1024K)]
  0x000002981bd536d0 WorkerThread "G1 Conc#1"                       [id=54984, stack(0x000000a826c00000,0x000000a826d00000) (1024K)]
  0x000002981bd52810 WorkerThread "G1 Conc#2"                       [id=17744, stack(0x000000a826d00000,0x000000a826e00000) (1024K)]
  0x00000297d2cc1280 ConcurrentGCThread "G1 Refine#0"               [id=58628, stack(0x000000a824a00000,0x000000a824b00000) (1024K)]
  0x00000297d2cc1ab0 ConcurrentGCThread "G1 Service"                [id=44928, stack(0x000000a824b00000,0x000000a824c00000) (1024K)]
Total: 18

Threads with active compile tasks:
C2 CompilerThread0  186403 3258       4       javax.management.ObjectName::construct (1135 bytes)
Total: 1

VM state: not at safepoint (normal execution)

VM Mutex/Monitor currently owned by a thread: None

Heap address: 0x0000000709800000, size: 3944 MB, Compressed Oops mode: Zero based, Oop shift amount: 3

CDS archive(s) mapped at: [0x00000297d3000000-0x00000297d3ba0000-0x00000297d3ba0000), size 12189696, SharedBaseAddress: 0x00000297d3000000, ArchiveRelocationMode: 1.
Compressed class space mapped at: 0x00000297d4000000-0x0000029814000000, reserved size: 1073741824
Narrow klass base: 0x00000297d3000000, Narrow klass shift: 0, Narrow klass range: 0x100000000

GC Precious Log:
 CardTable entry size: 512
 Card Set container configuration: InlinePtr #cards 4 size 8 Array Of Cards #cards 16 size 48 Howl #buckets 8 coarsen threshold 3686 Howl Bitmap #cards 512 size 80 coarsen threshold 460 Card regions per heap region 1 cards per card region 4096
 CPUs: 12 total, 12 available
 Memory: 15774M
 Large Page Support: Disabled
 NUMA Support: Disabled
 Compressed Oops: Enabled (Zero based)
 Heap Region Size: 2M
 Heap Min Capacity: 8M
 Heap Initial Capacity: 248M
 Heap Max Capacity: 3944M
 Pre-touch: Disabled
 Parallel Workers: 10
 Concurrent Workers: 3
 Concurrent Refinement Workers: 10
 Periodic GC: Disabled

Heap:
 garbage-first heap   total 90112K, used 51118K [0x0000000709800000, 0x0000000800000000)
  region size 2048K, 21 young (43008K), 7 survivors (14336K)
 Metaspace       used 23852K, committed 24640K, reserved 1114112K
  class space    used 3464K, committed 3840K, reserved 1048576K

Heap Regions: E=young(eden), S=young(survivor), O=old, HS=humongous(starts), HC=humongous(continues), CS=collection set, F=free, TAMS=top-at-mark-start, PB=parsable bottom
|   0|0x0000000709800000, 0x0000000709a00000, 0x0000000709a00000|100%|HS|  |TAMS 0x0000000709800000| PB 0x0000000709800000| Complete 
|   1|0x0000000709a00000, 0x0000000709c00000, 0x0000000709c00000|100%|HC|  |TAMS 0x0000000709a00000| PB 0x0000000709a00000| Complete 
|   2|0x0000000709c00000, 0x0000000709e00000, 0x0000000709e00000|100%| O|  |TAMS 0x0000000709c00000| PB 0x0000000709c00000| Untracked 
|   3|0x0000000709e00000, 0x000000070a000000, 0x000000070a000000|100%| O|  |TAMS 0x0000000709e00000| PB 0x0000000709e00000| Untracked 
|   4|0x000000070a000000, 0x000000070a200000, 0x000000070a200000|100%| O|  |TAMS 0x000000070a000000| PB 0x000000070a000000| Untracked 
|   5|0x000000070a200000, 0x000000070a2f6920, 0x000000070a400000| 48%| O|Cm|TAMS 0x000000070a200000| PB 0x000000070a200000| Complete 
|   6|0x000000070a400000, 0x000000070a400000, 0x000000070a600000|  0%| F|  |TAMS 0x000000070a400000| PB 0x000000070a400000| Untracked 
|   7|0x000000070a600000, 0x000000070a600000, 0x000000070a800000|  0%| F|  |TAMS 0x000000070a600000| PB 0x000000070a600000| Untracked 
|   8|0x000000070a800000, 0x000000070a800000, 0x000000070aa00000|  0%| F|  |TAMS 0x000000070a800000| PB 0x000000070a800000| Untracked 
|   9|0x000000070aa00000, 0x000000070aa00000, 0x000000070ac00000|  0%| F|  |TAMS 0x000000070aa00000| PB 0x000000070aa00000| Untracked 
|  10|0x000000070ac00000, 0x000000070ac00000, 0x000000070ae00000|  0%| F|  |TAMS 0x000000070ac00000| PB 0x000000070ac00000| Untracked 
|  11|0x000000070ae00000, 0x000000070ae00000, 0x000000070b000000|  0%| F|  |TAMS 0x000000070ae00000| PB 0x000000070ae00000| Untracked 
|  12|0x000000070b000000, 0x000000070b000000, 0x000000070b200000|  0%| F|  |TAMS 0x000000070b000000| PB 0x000000070b000000| Untracked 
|  13|0x000000070b200000, 0x000000070b200000, 0x000000070b400000|  0%| F|  |TAMS 0x000000070b200000| PB 0x000000070b200000| Untracked 
|  14|0x000000070b400000, 0x000000070b400000, 0x000000070b600000|  0%| F|  |TAMS 0x000000070b400000| PB 0x000000070b400000| Untracked 
|  15|0x000000070b600000, 0x000000070b600000, 0x000000070b800000|  0%| F|  |TAMS 0x000000070b600000| PB 0x000000070b600000| Untracked 
|  16|0x000000070b800000, 0x000000070b800000, 0x000000070ba00000|  0%| F|  |TAMS 0x000000070b800000| PB 0x000000070b800000| Untracked 
|  17|0x000000070ba00000, 0x000000070ba00000, 0x000000070bc00000|  0%| F|  |TAMS 0x000000070ba00000| PB 0x000000070ba00000| Untracked 
|  18|0x000000070bc00000, 0x000000070bc00000, 0x000000070be00000|  0%| F|  |TAMS 0x000000070bc00000| PB 0x000000070bc00000| Untracked 
|  19|0x000000070be00000, 0x000000070be00000, 0x000000070c000000|  0%| F|  |TAMS 0x000000070be00000| PB 0x000000070be00000| Untracked 
|  20|0x000000070c000000, 0x000000070c000000, 0x000000070c200000|  0%| F|  |TAMS 0x000000070c000000| PB 0x000000070c000000| Untracked 
|  21|0x000000070c200000, 0x000000070c200000, 0x000000070c400000|  0%| F|  |TAMS 0x000000070c200000| PB 0x000000070c200000| Untracked 
|  22|0x000000070c400000, 0x000000070c400000, 0x000000070c600000|  0%| F|  |TAMS 0x000000070c400000| PB 0x000000070c400000| Untracked 
|  23|0x000000070c600000, 0x000000070c655c40, 0x000000070c800000| 16%| E|  |TAMS 0x000000070c600000| PB 0x000000070c600000| Complete 
|  24|0x000000070c800000, 0x000000070ca00000, 0x000000070ca00000|100%| E|CS|TAMS 0x000000070c800000| PB 0x000000070c800000| Complete 
|  25|0x000000070ca00000, 0x000000070cc00000, 0x000000070cc00000|100%| E|CS|TAMS 0x000000070ca00000| PB 0x000000070ca00000| Complete 
|  26|0x000000070cc00000, 0x000000070ce00000, 0x000000070ce00000|100%| E|CS|TAMS 0x000000070cc00000| PB 0x000000070cc00000| Complete 
|  27|0x000000070ce00000, 0x000000070d000000, 0x000000070d000000|100%| E|CS|TAMS 0x000000070ce00000| PB 0x000000070ce00000| Complete 
|  28|0x000000070d000000, 0x000000070d200000, 0x000000070d200000|100%| E|CS|TAMS 0x000000070d000000| PB 0x000000070d000000| Complete 
|  29|0x000000070d200000, 0x000000070d400000, 0x000000070d400000|100%| E|CS|TAMS 0x000000070d200000| PB 0x000000070d200000| Complete 
|  30|0x000000070d400000, 0x000000070d600000, 0x000000070d600000|100%| E|CS|TAMS 0x000000070d400000| PB 0x000000070d400000| Complete 
|  31|0x000000070d600000, 0x000000070d800000, 0x000000070d800000|100%| E|CS|TAMS 0x000000070d600000| PB 0x000000070d600000| Complete 
|  32|0x000000070d800000, 0x000000070da00000, 0x000000070da00000|100%| E|CS|TAMS 0x000000070d800000| PB 0x000000070d800000| Complete 
|  33|0x000000070da00000, 0x000000070dc00000, 0x000000070dc00000|100%| E|CS|TAMS 0x000000070da00000| PB 0x000000070da00000| Complete 
|  34|0x000000070dc00000, 0x000000070de00000, 0x000000070de00000|100%| E|CS|TAMS 0x000000070dc00000| PB 0x000000070dc00000| Complete 
|  35|0x000000070de00000, 0x000000070e000000, 0x000000070e000000|100%| E|CS|TAMS 0x000000070de00000| PB 0x000000070de00000| Complete 
|  52|0x0000000710000000, 0x00000007100f4f10, 0x0000000710200000| 47%| S|CS|TAMS 0x0000000710000000| PB 0x0000000710000000| Complete 
|  53|0x0000000710200000, 0x0000000710400000, 0x0000000710400000|100%| S|CS|TAMS 0x0000000710200000| PB 0x0000000710200000| Complete 
|  54|0x0000000710400000, 0x0000000710600000, 0x0000000710600000|100%| S|CS|TAMS 0x0000000710400000| PB 0x0000000710400000| Complete 
|  55|0x0000000710600000, 0x0000000710800000, 0x0000000710800000|100%| S|CS|TAMS 0x0000000710600000| PB 0x0000000710600000| Complete 
|  56|0x0000000710800000, 0x0000000710a00000, 0x0000000710a00000|100%| S|CS|TAMS 0x0000000710800000| PB 0x0000000710800000| Complete 
|  57|0x0000000710a00000, 0x0000000710c00000, 0x0000000710c00000|100%| S|CS|TAMS 0x0000000710a00000| PB 0x0000000710a00000| Complete 
|  58|0x0000000710c00000, 0x0000000710e00000, 0x0000000710e00000|100%| S|CS|TAMS 0x0000000710c00000| PB 0x0000000710c00000| Complete 
| 123|0x0000000718e00000, 0x0000000719000000, 0x0000000719000000|100%| E|CS|TAMS 0x0000000718e00000| PB 0x0000000718e00000| Complete 

Card table byte_map: [0x00000297cbc50000,0x00000297cc410000] _byte_map_base: 0x00000297c8404000

Marking Bits: (CMBitMap*) 0x00000297b8db85d0
 Bits: [0x00000297cc410000, 0x00000297d01b0000)

Polling page: 0x00000297b6bc0000

Metaspace:

Usage:
  Non-class:     19.91 MB used.
      Class:      3.38 MB used.
       Both:     23.29 MB used.

Virtual space:
  Non-class space:       64.00 MB reserved,      20.31 MB ( 32%) committed,  1 nodes.
      Class space:        1.00 GB reserved,       3.75 MB ( <1%) committed,  1 nodes.
             Both:        1.06 GB reserved,      24.06 MB (  2%) committed. 

Chunk freelists:
   Non-Class:  11.39 MB
       Class:  12.22 MB
        Both:  23.61 MB

MaxMetaspaceSize: unlimited
CompressedClassSpaceSize: 1.00 GB
Initial GC threshold: 21.00 MB
Current GC threshold: 35.25 MB
CDS: on
 - commit_granule_bytes: 65536.
 - commit_granule_words: 8192.
 - virtual_space_node_default_size: 8388608.
 - enlarge_chunks_in_place: 1.
 - use_allocation_guard: 0.


Internal statistics:

num_allocs_failed_limit: 3.
num_arena_births: 1222.
num_arena_deaths: 0.
num_vsnodes_births: 2.
num_vsnodes_deaths: 0.
num_space_committed: 385.
num_space_uncommitted: 0.
num_chunks_returned_to_freelist: 3.
num_chunks_taken_from_freelist: 2216.
num_chunk_merges: 3.
num_chunk_splits: 1439.
num_chunks_enlarged: 906.
num_inconsistent_stats: 0.

CodeHeap 'non-profiled nmethods': size=120000Kb used=1867Kb max_used=1867Kb free=118132Kb
 bounds [0x00000297c3a10000, 0x00000297c3c80000, 0x00000297caf40000]
CodeHeap 'profiled nmethods': size=120000Kb used=7367Kb max_used=7367Kb free=112632Kb
 bounds [0x00000297bbf40000, 0x00000297bc680000, 0x00000297c3470000]
CodeHeap 'non-nmethods': size=5760Kb used=1435Kb max_used=1474Kb free=4324Kb
 bounds [0x00000297c3470000, 0x00000297c36e0000, 0x00000297c3a10000]
CodeCache: size=245760Kb, used=10669Kb, max_used=10708Kb, free=235088Kb
 total_blobs=4289, nmethods=3698, adapters=495, full_count=0
Compilation: enabled, stopped_count=0, restarted_count=0

Compilation events (20 events):
Event: 176.952 Thread 0x00000297d2e32550 nmethod 3246 0x00000297bc578390 code [0x00000297bc578540, 0x00000297bc5786c0]
Event: 176.952 Thread 0x00000297d2e32550 3247       3       sun.security.provider.MD5::GG (27 bytes)
Event: 176.953 Thread 0x00000297d2e32550 nmethod 3247 0x00000297bc578790 code [0x00000297bc578940, 0x00000297bc578ab8]
Event: 176.953 Thread 0x00000297d2e32550 3248       3       sun.security.provider.MD5::HH (23 bytes)
Event: 176.953 Thread 0x00000297d2e32550 nmethod 3248 0x00000297bc578b90 code [0x00000297bc578d40, 0x00000297bc578eb8]
Event: 176.953 Thread 0x00000297d2e32550 3249       3       sun.security.provider.MD5::II (25 bytes)
Event: 176.953 Thread 0x00000297d2e32550 nmethod 3249 0x00000297bc578f90 code [0x00000297bc579140, 0x00000297bc5792b0]
Event: 176.981 Thread 0x00000297d2e32550 3250       3       java.lang.invoke.InvokerBytecodeGenerator::classData (173 bytes)
Event: 176.983 Thread 0x00000297d2e32550 nmethod 3250 0x00000297bc579390 code [0x00000297bc579720, 0x00000297bc57acf0]
Event: 176.994 Thread 0x00000297d2e31850 3251       4       java.util.Arrays::equals (57 bytes)
Event: 176.998 Thread 0x00000297d2e31850 nmethod 3251 0x00000297c3b9cc10 code [0x00000297c3b9cda0, 0x00000297c3b9cf68]
Event: 177.110 Thread 0x00000297d2e31850 3254       4       java.util.HashMap$KeyIterator::next (8 bytes)
Event: 177.125 Thread 0x00000297d2e31850 nmethod 3254 0x00000297c3b9d710 code [0x00000297c3b9d8c0, 0x00000297c3b9dd20]
Event: 177.141 Thread 0x00000297d2e31850 3255       4       jdk.internal.org.objectweb.asm.Frame::getLocal (46 bytes)
Event: 177.145 Thread 0x00000297d2e31850 nmethod 3255 0x00000297c3b9de90 code [0x00000297c3b9e020, 0x00000297c3b9e120]
Event: 177.161 Thread 0x00000297d2e32550 3256       3       java.lang.invoke.MethodType::methodType (21 bytes)
Event: 177.161 Thread 0x00000297d2e32550 nmethod 3256 0x00000297bc57b390 code [0x00000297bc57b560, 0x00000297bc57b730]
Event: 177.164 Thread 0x00000297d2e32550 3257       3       java.util.HashMap::put (13 bytes)
Event: 177.165 Thread 0x00000297d2e32550 nmethod 3257 0x00000297bc57b810 code [0x00000297bc57b9e0, 0x00000297bc57bce8]
Event: 177.241 Thread 0x00000297d2e31850 3258       4       javax.management.ObjectName::construct (1135 bytes)

GC Heap History (4 events):
Event: 26.151 GC heap before
{Heap before GC invocations=0 (full 0):
 garbage-first heap   total 253952K, used 24576K [0x0000000709800000, 0x0000000800000000)
  region size 2048K, 11 young (22528K), 0 survivors (0K)
 Metaspace       used 2213K, committed 2368K, reserved 1114112K
  class space    used 243K, committed 320K, reserved 1048576K
}
Event: 26.163 GC heap after
{Heap after GC invocations=1 (full 0):
 garbage-first heap   total 253952K, used 10946K [0x0000000709800000, 0x0000000800000000)
  region size 2048K, 2 young (4096K), 2 survivors (4096K)
 Metaspace       used 2213K, committed 2368K, reserved 1114112K
  class space    used 243K, committed 320K, reserved 1048576K
}
Event: 48.027 GC heap before
{Heap before GC invocations=1 (full 0):
 garbage-first heap   total 253952K, used 35522K [0x0000000709800000, 0x0000000800000000)
  region size 2048K, 14 young (28672K), 2 survivors (4096K)
 Metaspace       used 4630K, committed 4800K, reserved 1114112K
  class space    used 596K, committed 704K, reserved 1048576K
}
Event: 48.034 GC heap after
{Heap after GC invocations=2 (full 0):
 garbage-first heap   total 253952K, used 12696K [0x0000000709800000, 0x0000000800000000)
  region size 2048K, 1 young (2048K), 1 survivors (2048K)
 Metaspace       used 4630K, committed 4800K, reserved 1114112K
  class space    used 596K, committed 704K, reserved 1048576K
}

Dll operation events (20 events):
Event: 2.149 Attempting to load shared library C:\Users\Coding\.vscode\extensions\redhat.java-1.56.0-win32-x64\jre\21.0.12.1-win32-x86_64\bin\nio.dll
Event: 2.186 Loaded shared library C:\Users\Coding\.vscode\extensions\redhat.java-1.56.0-win32-x64\jre\21.0.12.1-win32-x86_64\bin\nio.dll
Event: 2.308 Attempting to load shared library C:\Users\Coding\.vscode\extensions\redhat.java-1.56.0-win32-x64\jre\21.0.12.1-win32-x86_64\bin\zip.dll
Event: 2.308 Loaded shared library C:\Users\Coding\.vscode\extensions\redhat.java-1.56.0-win32-x64\jre\21.0.12.1-win32-x86_64\bin\zip.dll
Event: 16.711 Attempting to load shared library C:\Users\Coding\.vscode\extensions\redhat.java-1.56.0-win32-x64\jre\21.0.12.1-win32-x86_64\bin\jimage.dll
Event: 16.711 Loaded shared library C:\Users\Coding\.vscode\extensions\redhat.java-1.56.0-win32-x64\jre\21.0.12.1-win32-x86_64\bin\jimage.dll
Event: 25.671 Attempting to load shared library C:\Users\Coding\.vscode\extensions\redhat.java-1.56.0-win32-x64\jre\21.0.12.1-win32-x86_64\bin\verify.dll
Event: 25.705 Loaded shared library C:\Users\Coding\.vscode\extensions\redhat.java-1.56.0-win32-x64\jre\21.0.12.1-win32-x86_64\bin\verify.dll
Event: 26.112 Attempting to load shared library C:\Users\Coding\.gradle\native\660c5614fbf4a5f2a75b1949f50a0caf5cd603558e7d8a26e50b933a0cfb79d1\windows-amd64\native-platform.dll
Event: 26.141 Loaded shared library C:\Users\Coding\.gradle\native\660c5614fbf4a5f2a75b1949f50a0caf5cd603558e7d8a26e50b933a0cfb79d1\windows-amd64\native-platform.dll
Event: 26.369 Attempting to load shared library C:\Users\Coding\.gradle\native\0.2.8\x86_64-windows-gnu\gradle-fileevents.dll
Event: 26.392 Loaded shared library C:\Users\Coding\.gradle\native\0.2.8\x86_64-windows-gnu\gradle-fileevents.dll
Event: 79.834 Attempting to load shared library C:\Users\Coding\.vscode\extensions\redhat.java-1.56.0-win32-x64\jre\21.0.12.1-win32-x86_64\bin\management.dll
Event: 79.868 Loaded shared library C:\Users\Coding\.vscode\extensions\redhat.java-1.56.0-win32-x64\jre\21.0.12.1-win32-x86_64\bin\management.dll
Event: 80.033 Attempting to load shared library C:\Users\Coding\.vscode\extensions\redhat.java-1.56.0-win32-x64\jre\21.0.12.1-win32-x86_64\bin\management_ext.dll
Event: 80.112 Loaded shared library C:\Users\Coding\.vscode\extensions\redhat.java-1.56.0-win32-x64\jre\21.0.12.1-win32-x86_64\bin\management_ext.dll
Event: 81.842 Attempting to load shared library C:\Users\Coding\.vscode\extensions\redhat.java-1.56.0-win32-x64\jre\21.0.12.1-win32-x86_64\bin\extnet.dll
Event: 82.049 Loaded shared library C:\Users\Coding\.vscode\extensions\redhat.java-1.56.0-win32-x64\jre\21.0.12.1-win32-x86_64\bin\extnet.dll
Event: 139.538 Attempting to load shared library C:\Users\Coding\.vscode\extensions\redhat.java-1.56.0-win32-x64\jre\21.0.12.1-win32-x86_64\bin\sunmscapi.dll
Event: 139.865 Loaded shared library C:\Users\Coding\.vscode\extensions\redhat.java-1.56.0-win32-x64\jre\21.0.12.1-win32-x86_64\bin\sunmscapi.dll

Deoptimization events (20 events):
Event: 144.402 Thread 0x000002981a16aeb0 Uncommon trap: trap_request=0xffffff45 fr.pc=0x00000297c3a86854 relative=0x0000000000000294
Event: 144.402 Thread 0x000002981a16aeb0 Uncommon trap: reason=unstable_if action=reinterpret pc=0x00000297c3a86854 method=java.util.concurrent.ConcurrentHashMap.get(Ljava/lang/Object;)Ljava/lang/Object; @ 76 c2
Event: 144.402 Thread 0x000002981a16aeb0 DEOPT PACKING pc=0x00000297c3a86854 sp=0x000000a8261fb4a0
Event: 144.402 Thread 0x000002981a16aeb0 DEOPT UNPACKING pc=0x00000297c34c4422 sp=0x000000a8261fb408 mode 2
Event: 145.337 Thread 0x000002981a16aeb0 DEOPT PACKING pc=0x00000297bc0ac549 sp=0x000000a8261f8d40
Event: 145.337 Thread 0x000002981a16aeb0 DEOPT UNPACKING pc=0x00000297c34c4bc2 sp=0x000000a8261f8240 mode 0
Event: 146.021 Thread 0x000002981a16aeb0 Uncommon trap: trap_request=0xffffff76 fr.pc=0x00000297c3ac7ce0 relative=0x00000000000001a0
Event: 146.021 Thread 0x000002981a16aeb0 Uncommon trap: reason=predicate action=maybe_recompile pc=0x00000297c3ac7ce0 method=java.util.regex.Pattern$BmpCharPropertyGreedy.match(Ljava/util/regex/Matcher;ILjava/lang/CharSequence;)Z @ 12 c2
Event: 146.021 Thread 0x000002981a16aeb0 DEOPT PACKING pc=0x00000297c3ac7ce0 sp=0x000000a8261fc1c0
Event: 146.022 Thread 0x000002981a16aeb0 DEOPT UNPACKING pc=0x00000297c34c4422 sp=0x000000a8261fc158 mode 2
Event: 146.710 Thread 0x0000029819c973a0 Uncommon trap: trap_request=0xffffff45 fr.pc=0x00000297c3ae2fac relative=0x000000000000018c
Event: 146.710 Thread 0x0000029819c973a0 Uncommon trap: reason=unstable_if action=reinterpret pc=0x00000297c3ae2fac method=java.util.concurrent.locks.ReentrantLock$NonfairSync.initialTryLock()Z @ 25 c2
Event: 146.710 Thread 0x0000029819c973a0 DEOPT PACKING pc=0x00000297c3ae2fac sp=0x000000a8266fedb0
Event: 146.710 Thread 0x0000029819c973a0 DEOPT UNPACKING pc=0x00000297c34c4422 sp=0x000000a8266fed58 mode 2
Event: 156.767 Thread 0x000002981a16aeb0 DEOPT PACKING pc=0x00000297bc40f6d5 sp=0x000000a8261fc580
Event: 156.767 Thread 0x000002981a16aeb0 DEOPT UNPACKING pc=0x00000297c34c4bc2 sp=0x000000a8261fba90 mode 0
Event: 176.975 Thread 0x000002981a16aeb0 Uncommon trap: trap_request=0xffffff45 fr.pc=0x00000297c3a36f14 relative=0x00000000000000f4
Event: 176.975 Thread 0x000002981a16aeb0 Uncommon trap: reason=unstable_if action=reinterpret pc=0x00000297c3a36f14 method=java.util.HashMap.hash(Ljava/lang/Object;)I @ 1 c2
Event: 176.975 Thread 0x000002981a16aeb0 DEOPT PACKING pc=0x00000297c3a36f14 sp=0x000000a8261fbcb0
Event: 176.975 Thread 0x000002981a16aeb0 DEOPT UNPACKING pc=0x00000297c34c4422 sp=0x000000a8261fbbf0 mode 2

Classes loaded (20 events):
Event: 157.194 Loading class java/nio/file/attribute/PosixFilePermissions$1
Event: 157.194 Loading class java/nio/file/attribute/PosixFilePermissions$1 done
Event: 157.378 Loading class sun/security/provider/MD5
Event: 157.378 Loading class sun/security/provider/MD5 done
Event: 157.380 Loading class sun/security/provider/SHA5$SHA512
Event: 157.380 Loading class sun/security/provider/SHA5
Event: 157.381 Loading class sun/security/provider/SHA5 done
Event: 157.381 Loading class sun/security/provider/SHA5$SHA512 done
Event: 157.385 Loading class sun/security/provider/ByteArrayAccess$LE
Event: 157.385 Loading class sun/security/provider/ByteArrayAccess$LE done
Event: 160.693 Loading class java/io/File$TempDirectory
Event: 160.693 Loading class java/io/File$TempDirectory done
Event: 161.237 Loading class java/util/concurrent/Semaphore
Event: 161.237 Loading class java/util/concurrent/Semaphore done
Event: 161.243 Loading class java/nio/file/FileVisitOption
Event: 161.243 Loading class java/nio/file/FileVisitOption done
Event: 161.254 Loading class java/util/stream/ReduceOps$1
Event: 161.255 Loading class java/util/stream/ReduceOps$1 done
Event: 161.255 Loading class java/util/stream/ReduceOps$1ReducingSink
Event: 161.255 Loading class java/util/stream/ReduceOps$1ReducingSink done

Classes unloaded (0 events):
No events

Classes redefined (0 events):
No events

Internal exceptions (20 events):
Event: 143.354 Thread 0x000002981a16aeb0 Exception <a 'java/lang/NoSuchMethodError'{0x0000000714af02c8}: 'java.lang.Object java.lang.invoke.DirectMethodHandle$Holder.invokeVirtual(java.lang.Object, java.lang.Object, java.lang.Object, java.lang.Object, java.lang.Object, java.lang.Object, java.lang.Object)'> (0x0000000714af02c8) 
thrown [s\src\hotspot\share\interpreter\linkResolver.cpp, line 773]
Event: 143.409 Thread 0x000002981a16aeb0 Exception <a 'java/lang/NoSuchMethodError'{0x0000000714b8f200}: 'long java.lang.invoke.DirectMethodHandle$Holder.invokeInterface(java.lang.Object, java.lang.Object)'> (0x0000000714b8f200) 
thrown [s\src\hotspot\share\interpreter\linkResolver.cpp, line 773]
Event: 143.979 Thread 0x000002981a16aeb0 Exception <a 'java/lang/NoSuchMethodError'{0x000000071475f388}: 'void java.lang.invoke.DirectMethodHandle$Holder.invokeStatic(java.lang.Object, java.lang.Object)'> (0x000000071475f388) 
thrown [s\src\hotspot\share\interpreter\linkResolver.cpp, line 773]
Event: 144.051 Thread 0x000002981a16aeb0 Exception <a 'java/lang/NoSuchMethodError'{0x00000007147ab298}: 'java.lang.Object java.lang.invoke.DirectMethodHandle$Holder.invokeVirtual(java.lang.Object, java.lang.Object, java.lang.Object, java.lang.Object, java.lang.Object, java.lang.Object, java.lang.Object, java.lang.Object, java.lang.Object, java.lang.Object, java.lang.Object, java.lang.Object)'> (0x00000007147ab298) 
thrown [s\src\hotspot\share\interpreter\linkResolver.cpp, line 773]
Event: 144.067 Thread 0x000002981a16aeb0 Exception <a 'java/lang/NoSuchMethodError'{0x00000007147b02c0}: 'java.lang.Object java.lang.invoke.DirectMethodHandle$Holder.invokeSpecial(java.lang.Object, java.lang.Object, java.lang.Object, java.lang.Object, java.lang.Object, java.lang.Object, java.lang.Object, java.lang.Object, java.lang.Object, java.lang.Object, java.lang.Object, java.lang.Object, java.lang.Object)'> (0x00000007147b02c0) 
thrown [s\src\hotspot\share\interpreter\linkResolver.cpp, line 773]
Event: 144.229 Thread 0x000002981a16aeb0 Exception <a 'java/lang/NoSuchMethodError'{0x000000071454b560}: 'void java.lang.invoke.DirectMethodHandle$Holder.invokeStatic(java.lang.Object, java.lang.Object, java.lang.Object, java.lang.Object)'> (0x000000071454b560) 
thrown [s\src\hotspot\share\interpreter\linkResolver.cpp, line 773]
Event: 144.524 Thread 0x000002981a16aeb0 Exception <a 'java/lang/NoSuchMethodError'{0x0000000714201ea8}: 'int java.lang.invoke.DirectMethodHandle$Holder.invokeVirtual(java.lang.Object, java.lang.Object, java.lang.Object)'> (0x0000000714201ea8) 
thrown [s\src\hotspot\share\interpreter\linkResolver.cpp, line 773]
Event: 144.892 Thread 0x000002981a16aeb0 Exception <a 'java/lang/NoSuchMethodError'{0x0000000714067d18}: 'java.lang.Object java.lang.invoke.DirectMethodHandle$Holder.newInvokeSpecial(java.lang.Object, java.lang.Object, java.lang.Object, java.lang.Object, java.lang.Object, java.lang.Object)'> (0x0000000714067d18) 
thrown [s\src\hotspot\share\interpreter\linkResolver.cpp, line 773]
Event: 145.156 Thread 0x000002981a16aeb0 Exception <a 'java/lang/NoSuchMethodError'{0x0000000713ee10f8}: 'void java.lang.invoke.DelegatingMethodHandle$Holder.reinvoke_L(java.lang.Object, java.lang.Object, java.lang.Object, java.lang.Object, java.lang.Object, java.lang.Object, java.lang.Object, java.lang.Object, java.lang.Object, java.lang.Object)'> (0x0000000713ee10f8) 
thrown [s\src\hotspot\share\interpreter\linkResolver.cpp, line 773]
Event: 145.174 Thread 0x000002981a16aeb0 Exception <a 'java/lang/NoSuchMethodError'{0x0000000713ee8bd8}: 'java.lang.Object java.lang.invoke.Invokers$Holder.invoker(java.lang.Object, java.lang.Object, java.lang.Object, java.lang.Object, java.lang.Object, java.lang.Object, java.lang.Object, java.lang.Object, java.lang.Object, java.lang.Object)'> (0x0000000713ee8bd8) 
thrown [s\src\hotspot\share\interpreter\linkResolver.cpp, line 773]
Event: 146.035 Thread 0x000002981a16aeb0 Exception <a 'java/lang/NoSuchMethodError'{0x00000007138f6cd8}: 'java.lang.Object java.lang.invoke.DirectMethodHandle$Holder.newInvokeSpecial(java.lang.Object, java.lang.Object, java.lang.Object, java.lang.Object, java.lang.Object, java.lang.Object, java.lang.Object, java.lang.Object)'> (0x00000007138f6cd8) 
thrown [s\src\hotspot\share\interpreter\linkResolver.cpp, line 773]
Event: 146.239 Thread 0x000002981a16aeb0 Exception <a 'java/lang/NoSuchMethodError'{0x00000007136ff9b8}: 'java.lang.Object java.lang.invoke.DirectMethodHandle$Holder.newInvokeSpecial(java.lang.Object, java.lang.Object, int)'> (0x00000007136ff9b8) 
thrown [s\src\hotspot\share\interpreter\linkResolver.cpp, line 773]
Event: 157.250 Thread 0x000002981a16aeb0 Exception <a 'java/lang/NoSuchMethodError'{0x0000000713186fd0}: 'void java.lang.invoke.DirectMethodHandle$Holder.invokeInterface(java.lang.Object, java.lang.Object)'> (0x0000000713186fd0) 
thrown [s\src\hotspot\share\interpreter\linkResolver.cpp, line 773]
Event: 157.256 Thread 0x000002981a16aeb0 Exception <a 'java/lang/IncompatibleClassChangeError'{0x000000071318a540}: Found class java.lang.Object, but interface was expected> (0x000000071318a540) 
thrown [s\src\hotspot\share\interpreter\linkResolver.cpp, line 840]
Event: 157.515 Thread 0x000002981a16aeb0 Exception <a 'java/lang/NoSuchMethodError'{0x0000000712e7e350}: 'java.lang.Object java.lang.invoke.DirectMethodHandle$Holder.invokeVirtual(java.lang.Object, java.lang.Object, java.lang.Object, java.lang.Object, java.lang.Object, java.lang.Object, java.lang.Object, java.lang.Object)'> (0x0000000712e7e350) 
thrown [s\src\hotspot\share\interpreter\linkResolver.cpp, line 773]
Event: 160.463 Thread 0x000002981a16aeb0 Exception <a 'java/lang/NoSuchMethodError'{0x0000000712c2cfb0}: 'java.lang.Object java.lang.invoke.DirectMethodHandle$Holder.invokeVirtual(java.lang.Object, java.lang.Object, java.lang.Object, java.lang.Object, java.lang.Object, java.lang.Object, java.lang.Object, java.lang.Object, java.lang.Object, java.lang.Object)'> (0x0000000712c2cfb0) 
thrown [s\src\hotspot\share\interpreter\linkResolver.cpp, line 773]
Event: 160.863 Thread 0x000002981a16aeb0 Exception <a 'java/lang/NoSuchMethodError'{0x0000000712cc2e98}: 'void java.lang.invoke.DirectMethodHandle$Holder.invokeStaticInit(java.lang.Object, java.lang.Object, java.lang.Object, java.lang.Object)'> (0x0000000712cc2e98) 
thrown [s\src\hotspot\share\interpreter\linkResolver.cpp, line 773]
Event: 161.248 Thread 0x000002981a16aeb0 Exception <a 'java/lang/NoSuchMethodError'{0x0000000712a37ff0}: 'int java.lang.invoke.DirectMethodHandle$Holder.invokeSpecialIFC(java.lang.Object, java.lang.Object, java.lang.Object, java.lang.Object)'> (0x0000000712a37ff0) 
thrown [s\src\hotspot\share\interpreter\linkResolver.cpp, line 773]
Event: 161.253 Thread 0x000002981a16aeb0 Exception <a 'java/lang/IncompatibleClassChangeError'{0x0000000712a456c0}: Found class java.lang.Object, but interface was expected> (0x0000000712a456c0) 
thrown [s\src\hotspot\share\interpreter\linkResolver.cpp, line 840]
Event: 176.975 Thread 0x000002981a16aeb0 Implicit null exception at 0x00000297c3a36e66 to 0x00000297c3a36f0a

ZGC Phase Switch (0 events):
No events

VM Operations (20 events):
Event: 158.186 Executing safepoint VM operation: Cleanup
Event: 158.186 Executing safepoint VM operation: Cleanup done
Event: 159.196 Executing safepoint VM operation: Cleanup
Event: 159.196 Executing safepoint VM operation: Cleanup done
Event: 160.210 Executing safepoint VM operation: Cleanup
Event: 160.210 Executing safepoint VM operation: Cleanup done
Event: 161.211 Executing safepoint VM operation: Cleanup
Event: 161.227 Executing safepoint VM operation: Cleanup done
Event: 162.231 Executing safepoint VM operation: Cleanup
Event: 162.231 Executing safepoint VM operation: Cleanup done
Event: 164.252 Executing safepoint VM operation: Cleanup
Event: 164.252 Executing safepoint VM operation: Cleanup done
Event: 165.253 Executing safepoint VM operation: Cleanup
Event: 165.253 Executing safepoint VM operation: Cleanup done
Event: 171.324 Executing safepoint VM operation: Cleanup
Event: 171.324 Executing safepoint VM operation: Cleanup done
Event: 172.326 Executing safepoint VM operation: Cleanup
Event: 172.326 Executing safepoint VM operation: Cleanup done
Event: 175.354 Executing safepoint VM operation: Cleanup
Event: 175.354 Executing safepoint VM operation: Cleanup done

Memory protections (0 events):
No events

Nmethod flushes (0 events):
No events

Events (20 events):
Event: 33.627 Thread 0x00000297d2e32550 Thread added: 0x0000029818cfdf20
Event: 33.874 Thread 0x0000029818cfdf20 Thread exited: 0x0000029818cfdf20
Event: 48.100 Thread 0x00000297d2e31850 Thread added: 0x0000029818aff650
Event: 48.328 Thread 0x0000029818aff650 Thread exited: 0x0000029818aff650
Event: 79.428 Thread 0x00000297d2e32550 Thread added: 0x00000298191bd410
Event: 80.147 Thread 0x00000298191bd410 Thread exited: 0x00000298191bd410
Event: 80.239 Thread 0x00000297b6922b00 Thread added: 0x0000029819394950
Event: 83.566 Thread 0x00000297b6922b00 Thread added: 0x0000029819f48bf0
Event: 94.030 Thread 0x00000297b6922b00 Thread added: 0x0000029818385040
Event: 140.530 Thread 0x0000029819f48bf0 Thread added: 0x000002981a0f6430
Event: 140.536 Thread 0x000002981a0f6430 Thread added: 0x000002981a0f6aa0
Event: 141.382 Thread 0x000002981a0f6430 Thread added: 0x0000029819bf78a0
Event: 141.995 Thread 0x000002981a0f6430 Thread added: 0x000002981a16aeb0
Event: 142.158 Thread 0x000002981a16aeb0 Thread added: 0x0000029819c95ff0
Event: 142.196 Thread 0x000002981a16aeb0 Thread added: 0x0000029819c96680
Event: 142.268 Thread 0x000002981a16aeb0 Thread added: 0x0000029819c952d0
Event: 146.235 Thread 0x000002981a16aeb0 Thread added: 0x0000029819c96d10
Event: 146.668 Thread 0x000002981a16aeb0 Thread added: 0x0000029819c973a0
Event: 148.339 Thread 0x0000029819c973a0 Thread added: 0x0000029819c95960
Event: 157.539 Thread 0x000002981a16aeb0 Thread added: 0x0000029819c980c0


Dynamic libraries:
0x00007ff797e40000 - 0x00007ff797e4e000 	C:\Users\Coding\.vscode\extensions\redhat.java-1.56.0-win32-x64\jre\21.0.12.1-win32-x86_64\bin\java.exe
0x00007ff9e5f00000 - 0x00007ff9e6167000 	C:\WINDOWS\SYSTEM32\ntdll.dll
0x00007ff9e4c60000 - 0x00007ff9e4d2b000 	C:\WINDOWS\System32\KERNEL32.DLL
0x00007ff9e3730000 - 0x00007ff9e3b31000 	C:\WINDOWS\System32\KERNELBASE.dll
0x00007ff9dff40000 - 0x00007ff9dffdf000 	C:\WINDOWS\SYSTEM32\apphelp.dll
0x00007ff9e35d0000 - 0x00007ff9e371c000 	C:\WINDOWS\System32\ucrtbase.dll
0x00007ff8eb8e0000 - 0x00007ff8eb8fe000 	C:\Users\Coding\.vscode\extensions\redhat.java-1.56.0-win32-x64\jre\21.0.12.1-win32-x86_64\bin\VCRUNTIME140.dll
0x00007ff8eb8c0000 - 0x00007ff8eb8d8000 	C:\Users\Coding\.vscode\extensions\redhat.java-1.56.0-win32-x64\jre\21.0.12.1-win32-x86_64\bin\jli.dll
0x00007ff9e40b0000 - 0x00007ff9e4287000 	C:\WINDOWS\System32\USER32.dll
0x00007ff9e3bf0000 - 0x00007ff9e3c17000 	C:\WINDOWS\System32\win32u.dll
0x00007ff9e4d30000 - 0x00007ff9e4d5b000 	C:\WINDOWS\System32\GDI32.dll
0x00007ff9e33e0000 - 0x00007ff9e3508000 	C:\WINDOWS\System32\gdi32full.dll
0x00007ff9e3b40000 - 0x00007ff9e3be3000 	C:\WINDOWS\System32\msvcp_win.dll
0x00007ff9d1590000 - 0x00007ff9d1820000 	C:\WINDOWS\WinSxS\amd64_microsoft.windows.common-controls_6595b64144ccf1df_6.0.26100.9549_none_3e0a0396e3330090\COMCTL32.dll
0x00007ff9e5290000 - 0x00007ff9e5339000 	C:\WINDOWS\System32\msvcrt.dll
0x00007ff9e5190000 - 0x00007ff9e51c1000 	C:\WINDOWS\System32\IMM32.DLL
0x00007ff9d7880000 - 0x00007ff9d788c000 	C:\Users\Coding\.vscode\extensions\redhat.java-1.56.0-win32-x64\jre\21.0.12.1-win32-x86_64\bin\vcruntime140_1.dll
0x00007ff8eb830000 - 0x00007ff8eb8bd000 	C:\Users\Coding\.vscode\extensions\redhat.java-1.56.0-win32-x64\jre\21.0.12.1-win32-x86_64\bin\msvcp140.dll
0x00007ff8eaa80000 - 0x00007ff8eb822000 	C:\Users\Coding\.vscode\extensions\redhat.java-1.56.0-win32-x64\jre\21.0.12.1-win32-x86_64\bin\server\jvm.dll
0x00007ff9e4e10000 - 0x00007ff9e4ecb000 	C:\WINDOWS\System32\ADVAPI32.dll
0x00007ff9e4d60000 - 0x00007ff9e4e08000 	C:\WINDOWS\System32\sechost.dll
0x00007ff9e55b0000 - 0x00007ff9e56c8000 	C:\WINDOWS\System32\RPCRT4.dll
0x00007ff9e5200000 - 0x00007ff9e5281000 	C:\WINDOWS\System32\WS2_32.dll
0x00007ff9e2f50000 - 0x00007ff9e2fae000 	C:\WINDOWS\SYSTEM32\POWRPROF.dll
0x00007ff9dac20000 - 0x00007ff9dac2b000 	C:\WINDOWS\SYSTEM32\VERSION.dll
0x00007ff9dabe0000 - 0x00007ff9dac17000 	C:\WINDOWS\SYSTEM32\WINMM.dll
0x00007ff9e2f30000 - 0x00007ff9e2f45000 	C:\WINDOWS\SYSTEM32\UMPDC.dll
0x00007ff9e1d60000 - 0x00007ff9e1d7b000 	C:\WINDOWS\SYSTEM32\kernel.appcore.dll
0x00007ff9d7840000 - 0x00007ff9d784a000 	C:\Users\Coding\.vscode\extensions\redhat.java-1.56.0-win32-x64\jre\21.0.12.1-win32-x86_64\bin\jimage.dll
0x00007ff9d5b30000 - 0x00007ff9d5d7c000 	C:\WINDOWS\SYSTEM32\DBGHELP.DLL
0x00007ff9e5770000 - 0x00007ff9e5afa000 	C:\WINDOWS\System32\combase.dll
0x00007ff9e50b0000 - 0x00007ff9e5189000 	C:\WINDOWS\System32\OLEAUT32.dll
0x00007ff9cd850000 - 0x00007ff9cd88b000 	C:\WINDOWS\SYSTEM32\dbgcore.DLL
0x00007ff9e3510000 - 0x00007ff9e35bc000 	C:\WINDOWS\System32\bcryptPrimitives.dll
0x00007ff9669f0000 - 0x00007ff9669ff000 	C:\Users\Coding\.vscode\extensions\redhat.java-1.56.0-win32-x64\jre\21.0.12.1-win32-x86_64\bin\instrument.dll
0x00007ff8ea800000 - 0x00007ff8ea820000 	C:\Users\Coding\.vscode\extensions\redhat.java-1.56.0-win32-x64\jre\21.0.12.1-win32-x86_64\bin\java.dll
0x00007ff9e4320000 - 0x00007ff9e4abc000 	C:\WINDOWS\System32\SHELL32.dll
0x00007ff9e0b00000 - 0x00007ff9e13ad000 	C:\WINDOWS\SYSTEM32\windows.storage.dll
0x00007ff9e5b10000 - 0x00007ff9e5c09000 	C:\WINDOWS\System32\SHCORE.dll
0x00007ff9e4f40000 - 0x00007ff9e4fa6000 	C:\WINDOWS\System32\shlwapi.dll
0x00007ff9e3010000 - 0x00007ff9e3039000 	C:\WINDOWS\SYSTEM32\profapi.dll
0x00007ff8ea7e0000 - 0x00007ff8ea7f8000 	C:\Users\Coding\.vscode\extensions\redhat.java-1.56.0-win32-x64\jre\21.0.12.1-win32-x86_64\bin\zip.dll
0x00007ff96ab00000 - 0x00007ff96ab10000 	C:\Users\Coding\.vscode\extensions\redhat.java-1.56.0-win32-x64\jre\21.0.12.1-win32-x86_64\bin\net.dll
0x00007ff9dbd20000 - 0x00007ff9dbe4a000 	C:\WINDOWS\SYSTEM32\WINHTTP.dll
0x00007ff9e2300000 - 0x00007ff9e236c000 	C:\WINDOWS\system32\mswsock.dll
0x00007ff8e9c80000 - 0x00007ff8e9c96000 	C:\Users\Coding\.vscode\extensions\redhat.java-1.56.0-win32-x64\jre\21.0.12.1-win32-x86_64\bin\nio.dll
0x00007ff962f20000 - 0x00007ff962f30000 	C:\Users\Coding\.vscode\extensions\redhat.java-1.56.0-win32-x64\jre\21.0.12.1-win32-x86_64\bin\verify.dll
0x00007ff9d4590000 - 0x00007ff9d45b7000 	C:\Users\Coding\.gradle\native\660c5614fbf4a5f2a75b1949f50a0caf5cd603558e7d8a26e50b933a0cfb79d1\windows-amd64\native-platform.dll
0x00007ff9db600000 - 0x00007ff9db677000 	C:\Users\Coding\.gradle\native\0.2.8\x86_64-windows-gnu\gradle-fileevents.dll
0x00007ff968940000 - 0x00007ff96894a000 	C:\Users\Coding\.vscode\extensions\redhat.java-1.56.0-win32-x64\jre\21.0.12.1-win32-x86_64\bin\management.dll
0x00007ff968930000 - 0x00007ff96893c000 	C:\Users\Coding\.vscode\extensions\redhat.java-1.56.0-win32-x64\jre\21.0.12.1-win32-x86_64\bin\management_ext.dll
0x00007ff9e5400000 - 0x00007ff9e5408000 	C:\WINDOWS\System32\PSAPI.DLL
0x00007ff9e1710000 - 0x00007ff9e1743000 	C:\WINDOWS\SYSTEM32\IPHLPAPI.DLL
0x00007ff9e4ed0000 - 0x00007ff9e4eda000 	C:\WINDOWS\System32\NSI.dll
0x00007ff9689d0000 - 0x00007ff9689d9000 	C:\Users\Coding\.vscode\extensions\redhat.java-1.56.0-win32-x64\jre\21.0.12.1-win32-x86_64\bin\extnet.dll
0x00007ff9e2740000 - 0x00007ff9e275b000 	C:\WINDOWS\SYSTEM32\CRYPTSP.dll
0x00007ff9e1cc0000 - 0x00007ff9e1cf9000 	C:\WINDOWS\system32\rsaenh.dll
0x00007ff9e23b0000 - 0x00007ff9e23e4000 	C:\WINDOWS\SYSTEM32\USERENV.dll
0x00007ff9e2fe0000 - 0x00007ff9e300a000 	C:\WINDOWS\SYSTEM32\bcrypt.dll
0x00007ff9e2560000 - 0x00007ff9e256c000 	C:\WINDOWS\SYSTEM32\CRYPTBASE.dll
0x00007ff96a3d0000 - 0x00007ff96a3de000 	C:\Users\Coding\.vscode\extensions\redhat.java-1.56.0-win32-x64\jre\21.0.12.1-win32-x86_64\bin\sunmscapi.dll
0x00007ff9e3250000 - 0x00007ff9e33cf000 	C:\WINDOWS\System32\CRYPT32.dll
0x00007ff9e28b0000 - 0x00007ff9e28e0000 	C:\WINDOWS\SYSTEM32\ncrypt.dll
0x00007ff9e2860000 - 0x00007ff9e289f000 	C:\WINDOWS\SYSTEM32\NTASN1.dll
0x00007ff983db0000 - 0x00007ff983db8000 	C:\WINDOWS\system32\wshunix.dll

JVMTI agents:
C:\Users\Coding\.gradle\wrapper\dists\gradle-9.7.1-bin\1w1c7tv4s851m17nbqdsro2tv\gradle-9.7.1\lib\agents\gradle-instrumentation-agent-9.7.1.jar path:C:\Users\Coding\.vscode\extensions\redhat.java-1.56.0-win32-x64\jre\21.0.12.1-win32-x86_64\bin\instrument.dll, loaded, initialized, instrumentlib options:none

dbghelp: loaded successfully - version: 4.0.5 - missing functions: none
symbol engine: initialized successfully - sym options: 0x614 - pdb path: .;C:\Users\Coding\.vscode\extensions\redhat.java-1.56.0-win32-x64\jre\21.0.12.1-win32-x86_64\bin;C:\WINDOWS\SYSTEM32;C:\WINDOWS\WinSxS\amd64_microsoft.windows.common-controls_6595b64144ccf1df_6.0.26100.9549_none_3e0a0396e3330090;C:\Users\Coding\.vscode\extensions\redhat.java-1.56.0-win32-x64\jre\21.0.12.1-win32-x86_64\bin\server;C:\Users\Coding\.gradle\native\660c5614fbf4a5f2a75b1949f50a0caf5cd603558e7d8a26e50b933a0cfb79d1\windows-amd64;C:\Users\Coding\.gradle\native\0.2.8\x86_64-windows-gnu

VM Arguments:
jvm_args: --add-opens=java.base/java.lang=ALL-UNNAMED --add-opens=java.base/java.lang.invoke=ALL-UNNAMED --add-opens=java.base/java.util=ALL-UNNAMED --add-opens=java.prefs/java.util.prefs=ALL-UNNAMED --add-exports=jdk.compiler/com.sun.tools.javac.api=ALL-UNNAMED --add-exports=jdk.compiler/com.sun.tools.javac.util=ALL-UNNAMED --add-opens=java.base/java.nio.charset=ALL-UNNAMED --add-opens=java.base/java.net=ALL-UNNAMED --add-opens=java.base/java.util.concurrent=ALL-UNNAMED --add-opens=java.base/java.util.concurrent.atomic=ALL-UNNAMED --add-opens=java.xml/javax.xml.namespace=ALL-UNNAMED --add-opens=java.base/java.time=ALL-UNNAMED -Dfile.encoding=UTF-8 -Duser.country=KR -Duser.language=ko -Duser.variant -javaagent:C:\Users\Coding\.gradle\wrapper\dists\gradle-9.7.1-bin\1w1c7tv4s851m17nbqdsro2tv\gradle-9.7.1\lib\agents\gradle-instrumentation-agent-9.7.1.jar 
java_command: org.gradle.launcher.daemon.bootstrap.GradleDaemon 9.7.1
java_class_path (initial): C:\Users\Coding\.gradle\wrapper\dists\gradle-9.7.1-bin\1w1c7tv4s851m17nbqdsro2tv\gradle-9.7.1\lib\gradle-daemon-main-9.7.1.jar
Launcher Type: SUN_STANDARD

[Global flags]
     intx CICompilerCount                          = 4                                         {product} {ergonomic}
     uint ConcGCThreads                            = 3                                         {product} {ergonomic}
     uint G1ConcRefinementThreads                  = 10                                        {product} {ergonomic}
   size_t G1HeapRegionSize                         = 2097152                                   {product} {ergonomic}
    uintx GCDrainStackTargetSize                   = 64                                        {product} {ergonomic}
   size_t InitialHeapSize                          = 260046848                                 {product} {ergonomic}
   size_t MarkStackSize                            = 4194304                                   {product} {ergonomic}
   size_t MaxHeapSize                              = 4135583744                                {product} {ergonomic}
   size_t MaxNewSize                               = 2480930816                                {product} {ergonomic}
   size_t MinHeapDeltaBytes                        = 2097152                                   {product} {ergonomic}
   size_t MinHeapSize                              = 8388608                                   {product} {ergonomic}
    uintx NonNMethodCodeHeapSize                   = 5839372                                {pd product} {ergonomic}
    uintx NonProfiledCodeHeapSize                  = 122909434                              {pd product} {ergonomic}
    uintx ProfiledCodeHeapSize                     = 122909434                              {pd product} {ergonomic}
    uintx ReservedCodeCacheSize                    = 251658240                              {pd product} {ergonomic}
     bool SegmentedCodeCache                       = true                                      {product} {ergonomic}
   size_t SoftMaxHeapSize                          = 4135583744                             {manageable} {ergonomic}
     bool UseCompressedOops                        = true                           {product lp64_product} {ergonomic}
     bool UseG1GC                                  = true                                      {product} {ergonomic}
     bool UseLargePagesIndividualAllocation        = false                                  {pd product} {ergonomic}

Logging:
Log output configuration:
 #0: stdout all=warning uptime,level,tags foldmultilines=false
 #1: stderr all=off uptime,level,tags foldmultilines=false

Release file:
JAVA_VERSION="21.0.12.1" 
MODULES="java.base java.compiler java.datatransfer java.xml java.prefs java.desktop java.instrument java.logging java.management java.security.sasl java.naming java.rmi java.management.rmi java.net.http java.scripting java.security.jgss java.transaction.xa java.sql java.sql.rowset java.xml.crypto java.se java.smartcardio jdk.accessibility jdk.internal.jvmstat jdk.attach jdk.charsets jdk.internal.opt jdk.zipfs jdk.compiler jdk.crypto.ec jdk.crypto.cryptoki jdk.crypto.mscapi jdk.dynalink jdk.internal.ed jdk.editpad jdk.hotspot.agent jdk.httpserver jdk.internal.le jdk.internal.vm.ci jdk.internal.vm.compiler jdk.internal.vm.compiler.management jdk.jartool jdk.javadoc jdk.jcmd jdk.management jdk.management.agent jdk.jconsole jdk.jdeps jdk.jdwp.agent jdk.jdi jdk.jfr jdk.jshell jdk.jsobject jdk.jstatd jdk.localedata jdk.management.jfr jdk.naming.dns jdk.naming.rmi jdk.net jdk.nio.mapmode jdk.random jdk.sctp jdk.security.auth jdk.security.jgss jdk.unsupported jdk.unsupported.desktop jdk.xml.dom" 

Environment Variables:
JAVA_HOME=C:\Users\Coding\AppData\Local\Programs\Eclipse Adoptium\jdk-17.0.7.7-hotspot\
PATH=C:\app\Coding\product\21c\dbhomeXE\bin;c:\Users\Coding\AppData\Local\Programs\cursor\resources\app\bin;C:\oracle\app\oracle\product\19.0.0.0\db_1\bin;C:\WINDOWS\system32;C:\WINDOWS;C:\WINDOWS\System32\Wbem;C:\WINDOWS\System32\WindowsPowerShell\v1.0\;C:\WINDOWS\System32\OpenSSH\;C:\Program Files\Bandizip\;C:\Program Files\Git\cmd;C:\Users\Coding\AppData\Local\Programs\Python\Python313\Scripts\;C:\Users\Coding\AppData\Local\Programs\Python\Python313\;C:\Users\Coding\AppData\Local\Programs\Python\Launcher\;C:\Users\Coding\AppData\Local\Programs\Eclipse Adoptium\jdk-17.0.7.7-hotspot\bin;C:\Users\Coding\AppData\Local\Microsoft\WindowsApps;C:\Users\Coding\AppData\Roaming\npm;C:\Program Files\JetBrains\IntelliJ IDEA Community Edition 2024.2.0.2\bin;C:\Users\Coding\AppData\Local\Programs\cursor\resources\app\bin;c:\Users\Coding\AppData\Local\Programs\cursor\resources\app\bin;C:\Users\Coding\AppData\Local\nvm;C:\nvm4w\nodejs;C:\Program Files\cursor\resources\app\bin;C:\Program Files\GitHub CLI\;C:\Users\Coding\AppData\Local\Programs\Microsoft VS Code\bin;C:\Users\Coding\AppData\Local\nvm;C:\nvm4w\nodejs;C:\Users\Coding\AppData\Local\JetBrains\Toolbox\scripts
USERNAME=Coding
OS=Windows_NT
PROCESSOR_IDENTIFIER=AMD64 Family 25 Model 80 Stepping 0, AuthenticAMD
TMP=C:\Users\Coding\AppData\Local\Temp
TEMP=C:\Users\Coding\AppData\Local\Temp




Periodic native trim disabled

---------------  S Y S T E M  ---------------

OS:
 Windows 11 , 64 bit Build 26100 (10.0.26100.9549)
OS uptime: 0 days 1:50 hours
Hyper-V role detected

CPU: total 12 (initial active 12) (12 cores per cpu, 2 threads per core) family 25 model 80 stepping 0 microcode 0xa50000c, cx8, cmov, fxsr, ht, mmx, 3dnowpref, sse, sse2, sse3, ssse3, sse4a, sse4.1, sse4.2, popcnt, lzcnt, tsc, tscinvbit, avx, avx2, aes, erms, clmul, bmi1, bmi2, adx, sha, fma, vzeroupper, clflush, clflushopt, hv, rdtscp, rdpid, fsrm, f16c, cet_ss
Processor Information for the first 12 processors :
  Max Mhz: 2301, Current Mhz: 2301, Mhz Limit: 2301

Memory: 4k page, system-wide physical 15774M (304M free)
TotalPageFile size 64926M (AvailPageFile size 1326M)
current process WorkingSet (physical memory assigned to process): 143M, peak: 175M
current process commit charge ("private bytes"): 265M, peak: 418M

vm_info: OpenJDK 64-Bit Server VM (21.0.12.1+1-LTS) for windows-amd64 JRE (21.0.12.1+1-LTS), built on 2026-08-18T00:00:00Z by "admin" with MS VC++ 17.12 (VS2022)

END.
