#
# There is insufficient memory for the Java Runtime Environment to continue.
# Native memory allocation (malloc) failed to allocate 32744 bytes. Error detail: Chunk::new
# Possible reasons:
#   The system is out of physical RAM or swap space
#   This process is running with CompressedOops enabled, and the Java Heap may be blocking the growth of the native heap
# Possible solutions:
#   Reduce memory load on the system
#   Increase physical memory or swap space
#   Check if swap backing store is full
#   Decrease Java heap size (-Xmx/-Xms)
#   Decrease number of Java threads
#   Decrease Java thread stack sizes (-Xss)
#   Set larger code cache with -XX:ReservedCodeCacheSize=
#   JVM is running with Zero Based Compressed Oops mode in which the Java heap is
#     placed in the first 32GB address space. The Java Heap base address is the
#     maximum limit for the native heap growth. Please use -XX:HeapBaseMinAddress
#     to set the Java Heap base and to place the Java Heap above 32GB virtual address.
# This output file may be truncated or incomplete.
#
#  Out of Memory Error (arena.cpp:168), pid=46800, tid=52064
#
# JRE version: OpenJDK Runtime Environment Temurin-21.0.12.1+1 (21.0.12.1+1) (build 21.0.12.1+1-LTS)
# Java VM: OpenJDK 64-Bit Server VM Temurin-21.0.12.1+1 (21.0.12.1+1-LTS, mixed mode, sharing, tiered, compressed oops, compressed class ptrs, g1 gc, windows-amd64)
# No core dump will be written. Minidumps are not enabled by default on client versions of Windows
#

---------------  S U M M A R Y ------------

Command Line: --add-opens=java.base/java.lang=ALL-UNNAMED --add-opens=java.base/java.lang.invoke=ALL-UNNAMED --add-opens=java.base/java.util=ALL-UNNAMED --add-opens=java.prefs/java.util.prefs=ALL-UNNAMED --add-exports=jdk.compiler/com.sun.tools.javac.api=ALL-UNNAMED --add-exports=jdk.compiler/com.sun.tools.javac.util=ALL-UNNAMED --add-opens=java.base/java.nio.charset=ALL-UNNAMED --add-opens=java.base/java.net=ALL-UNNAMED --add-opens=java.base/java.util.concurrent=ALL-UNNAMED --add-opens=java.base/java.util.concurrent.atomic=ALL-UNNAMED --add-opens=java.xml/javax.xml.namespace=ALL-UNNAMED --add-opens=java.base/java.time=ALL-UNNAMED -Dfile.encoding=UTF-8 -Duser.country=KR -Duser.language=ko -Duser.variant -javaagent:C:\Users\Coding\.gradle\wrapper\dists\gradle-9.7.1-bin\1w1c7tv4s851m17nbqdsro2tv\gradle-9.7.1\lib\agents\gradle-instrumentation-agent-9.7.1.jar org.gradle.launcher.daemon.bootstrap.GradleDaemon 9.7.1

Host: AMD Ryzen 5 5560U with Radeon Graphics         , 12 cores, 15G,  Windows 11 , 64 bit Build 26100 (10.0.26100.9549)
Time: Wed Oct  7 17:15:24 2026 elapsed time: 180.363785 seconds (0d 0h 3m 0s)

---------------  T H R E A D  ---------------

Current thread (0x000002173b9dd880):  JavaThread "C2 CompilerThread0" daemon [_thread_in_native, id=52064, stack(0x000000b1d5900000,0x000000b1d5a00000) (1024K)]


Current CompileTask:
C2:180364 3319   !   4       java.net.URLClassLoader::findClass (47 bytes)

Stack: [0x000000b1d5900000,0x000000b1d5a00000]
Native frames: (J=compiled Java code, j=interpreted, Vv=VM code, C=native code)
V  [jvm.dll+0x6d83e9]
V  [jvm.dll+0x8b5736]
V  [jvm.dll+0x8b7cee]
V  [jvm.dll+0x8b83d3]
V  [jvm.dll+0x284596]
V  [jvm.dll+0xc685d]
V  [jvm.dll+0xc6da1]
V  [jvm.dll+0xc6985]
V  [jvm.dll+0x6b3338]
V  [jvm.dll+0x6b1dbb]
V  [jvm.dll+0x39b808]
V  [jvm.dll+0x3a14a0]
V  [jvm.dll+0x3a6eaf]
V  [jvm.dll+0x6ed7f6]
V  [jvm.dll+0x6ef36d]
V  [jvm.dll+0x6f266f]
V  [jvm.dll+0x6ea969]
V  [jvm.dll+0x6ea069]
V  [jvm.dll+0x6e80ee]
V  [jvm.dll+0x1ce4fc]
V  [jvm.dll+0x1cf09e]
V  [jvm.dll+0x2fa7dc]
V  [jvm.dll+0x6f2873]
V  [jvm.dll+0x6ea969]
V  [jvm.dll+0x6ea069]
V  [jvm.dll+0x6e80ee]
V  [jvm.dll+0x1ce4fc]
V  [jvm.dll+0x1cf09e]
V  [jvm.dll+0x2fa7dc]
V  [jvm.dll+0x6f2873]
V  [jvm.dll+0x6ea969]
V  [jvm.dll+0x6ea069]
V  [jvm.dll+0x6e80ee]
V  [jvm.dll+0x1ce4fc]
V  [jvm.dll+0x1cf09e]
V  [jvm.dll+0x2fa7dc]
V  [jvm.dll+0x6f2873]
V  [jvm.dll+0x6ea969]
V  [jvm.dll+0x6ea069]
V  [jvm.dll+0x6e80ee]
V  [jvm.dll+0x1ce4fc]
V  [jvm.dll+0x1cf09e]
V  [jvm.dll+0x2fa7dc]
V  [jvm.dll+0x6f2873]
V  [jvm.dll+0x6ea969]
V  [jvm.dll+0x6ea069]
V  [jvm.dll+0x6e80ee]
V  [jvm.dll+0x1ce4fc]
V  [jvm.dll+0x1cf09e]
V  [jvm.dll+0x2fa7dc]
V  [jvm.dll+0x6f2873]
V  [jvm.dll+0x6ea969]
V  [jvm.dll+0x6ea069]
V  [jvm.dll+0x6e80ee]
V  [jvm.dll+0x1ce4fc]
V  [jvm.dll+0x2fa7dc]
V  [jvm.dll+0x6f2873]
V  [jvm.dll+0x6ea969]
V  [jvm.dll+0x6ea069]
V  [jvm.dll+0x6e80ee]
V  [jvm.dll+0x1ce4fc]
V  [jvm.dll+0x2fa7dc]
V  [jvm.dll+0x6f2873]
V  [jvm.dll+0x6ea969]
V  [jvm.dll+0x6ea069]
V  [jvm.dll+0x6e80ee]
V  [jvm.dll+0x1ce4fc]
V  [jvm.dll+0x24b919]
V  [jvm.dll+0x1cb4ae]
V  [jvm.dll+0x25baad]
V  [jvm.dll+0x25a03a]
V  [jvm.dll+0x3f8aae]
V  [jvm.dll+0x8600cd]
V  [jvm.dll+0x6d6c1d]
C  [ucrtbase.dll+0x2cd30]
C  [KERNEL32.DLL+0x2cdf7]
C  [ntdll.dll+0x7ee4c]


---------------  P R O C E S S  ---------------

Threads class SMR info:
_java_thread_list=0x0000021704172070, length=25, elements={
0x000002171f542b00, 0x000002173b9d28a0, 0x000002173b9d6030, 0x000002173b9d7f50,
0x000002173b9d9af0, 0x000002173b9da550, 0x000002173b9dc8e0, 0x000002173b9dd880,
0x000002173b9dfe60, 0x000002173bbd5960, 0x000002173bcb26c0, 0x000002177ec5e250,
0x000002177e3595b0, 0x000002177ebfe0b0, 0x000002177d5ee3c0, 0x000002177e9073e0,
0x000002177ea66ce0, 0x000002177ef6fe80, 0x000002177eac3d10, 0x000002177ee139d0,
0x000002177ee14060, 0x000002177ee15aa0, 0x000002177ee167c0, 0x000002177ee16e50,
0x000002177ee16130
}

Java Threads: ( => current thread )
  0x000002171f542b00 JavaThread "main"                              [_thread_blocked, id=26868, stack(0x000000b1d4b00000,0x000000b1d4c00000) (1024K)]
  0x000002173b9d28a0 JavaThread "Reference Handler"          daemon [_thread_blocked, id=35640, stack(0x000000b1d5300000,0x000000b1d5400000) (1024K)]
  0x000002173b9d6030 JavaThread "Finalizer"                  daemon [_thread_blocked, id=51720, stack(0x000000b1d5400000,0x000000b1d5500000) (1024K)]
  0x000002173b9d7f50 JavaThread "Signal Dispatcher"          daemon [_thread_blocked, id=47144, stack(0x000000b1d5500000,0x000000b1d5600000) (1024K)]
  0x000002173b9d9af0 JavaThread "Attach Listener"            daemon [_thread_blocked, id=59688, stack(0x000000b1d5600000,0x000000b1d5700000) (1024K)]
  0x000002173b9da550 JavaThread "Service Thread"             daemon [_thread_blocked, id=42532, stack(0x000000b1d5700000,0x000000b1d5800000) (1024K)]
  0x000002173b9dc8e0 JavaThread "Monitor Deflation Thread"   daemon [_thread_blocked, id=60036, stack(0x000000b1d5800000,0x000000b1d5900000) (1024K)]
=>0x000002173b9dd880 JavaThread "C2 CompilerThread0"         daemon [_thread_in_native, id=52064, stack(0x000000b1d5900000,0x000000b1d5a00000) (1024K)]
  0x000002173b9dfe60 JavaThread "C1 CompilerThread0"         daemon [_thread_blocked, id=59884, stack(0x000000b1d5a00000,0x000000b1d5b00000) (1024K)]
  0x000002173bbd5960 JavaThread "Common-Cleaner"             daemon [_thread_blocked, id=12564, stack(0x000000b1d5b00000,0x000000b1d5c00000) (1024K)]
  0x000002173bcb26c0 JavaThread "Notification Thread"        daemon [_thread_blocked, id=50844, stack(0x000000b1d5c00000,0x000000b1d5d00000) (1024K)]
  0x000002177ec5e250 JavaThread "Daemon health stats"               [_thread_blocked, id=29200, stack(0x000000b1d4900000,0x000000b1d4a00000) (1024K)]
  0x000002177e3595b0 JavaThread "Incoming local TCP Connector on port 54164"        [_thread_in_native, id=47228, stack(0x000000b1d4a00000,0x000000b1d4b00000) (1024K)]
  0x000002177ebfe0b0 JavaThread "Daemon periodic checks"            [_thread_blocked, id=21868, stack(0x000000b1d5d00000,0x000000b1d5e00000) (1024K)]
  0x000002177d5ee3c0 JavaThread "Daemon"                            [_thread_blocked, id=55132, stack(0x000000b1d6300000,0x000000b1d6400000) (1024K)]
  0x000002177e9073e0 JavaThread "Handler for socket connection from /127.0.0.1:54164 to /127.0.0.1:60840"        [_thread_in_native, id=60800, stack(0x000000b1d6400000,0x000000b1d6500000) (1024K)]
  0x000002177ea66ce0 JavaThread "Cancel handler"                    [_thread_blocked, id=47768, stack(0x000000b1d6500000,0x000000b1d6600000) (1024K)]
  0x000002177ef6fe80 JavaThread "Daemon worker"                     [_thread_in_vm, id=59988, stack(0x000000b1d6600000,0x000000b1d6700000) (1024K)]
  0x000002177eac3d10 JavaThread "Asynchronous log dispatcher for DefaultDaemonConnection: socket connection from /127.0.0.1:54164 to /127.0.0.1:60840"        [_thread_blocked, id=12324, stack(0x000000b1d6700000,0x000000b1d6800000) (1024K)]
  0x000002177ee139d0 JavaThread "Stdin handler"                     [_thread_blocked, id=57504, stack(0x000000b1d6800000,0x000000b1d6900000) (1024K)]
  0x000002177ee14060 JavaThread "Daemon client event forwarder"        [_thread_blocked, id=46956, stack(0x000000b1d6900000,0x000000b1d6a00000) (1024K)]
  0x000002177ee15aa0 JavaThread "Cache worker for journal cache (C:\Users\Coding\.gradle\caches\journal-1)"        [_thread_blocked, id=54000, stack(0x000000b1d6a00000,0x000000b1d6b00000) (1024K)]
  0x000002177ee167c0 JavaThread "File lock request listener"        [_thread_in_native, id=33808, stack(0x000000b1d6b00000,0x000000b1d6c00000) (1024K)]
  0x000002177ee16e50 JavaThread "File lock release action executor"        [_thread_blocked, id=56656, stack(0x000000b1d6c00000,0x000000b1d6d00000) (1024K)]
  0x000002177ee16130 JavaThread "Cache worker for file hash cache (C:\Users\Coding\.gradle\caches\9.7.1\fileHashes)"        [_thread_blocked, id=54756, stack(0x000000b1d6d00000,0x000000b1d6e00000) (1024K)]
Total: 25

Other Threads:
  0x000002173b9b14d0 VMThread "VM Thread"                           [id=49476, stack(0x000000b1d5200000,0x000000b1d5300000) (1024K)]
  0x000002173b99ec60 WatcherThread "VM Periodic Task Thread"        [id=49252, stack(0x000000b1d5100000,0x000000b1d5200000) (1024K)]
  0x00000217219680b0 WorkerThread "GC Thread#0"                     [id=54956, stack(0x000000b1d4c00000,0x000000b1d4d00000) (1024K)]
  0x000002177d3119f0 WorkerThread "GC Thread#1"                     [id=54816, stack(0x000000b1d5e00000,0x000000b1d5f00000) (1024K)]
  0x000002177d5d49b0 WorkerThread "GC Thread#2"                     [id=60412, stack(0x000000b1d5f00000,0x000000b1d6000000) (1024K)]
  0x000002177d3cf540 WorkerThread "GC Thread#3"                     [id=58924, stack(0x000000b1d6000000,0x000000b1d6100000) (1024K)]
  0x000002177d3cf8f0 WorkerThread "GC Thread#4"                     [id=51472, stack(0x000000b1d6100000,0x000000b1d6200000) (1024K)]
  0x000002177f062860 WorkerThread "GC Thread#5"                     [id=56700, stack(0x000000b1d4800000,0x000000b1d4900000) (1024K)]
  0x000002177f062100 WorkerThread "GC Thread#6"                     [id=57836, stack(0x000000b1d6200000,0x000000b1d6300000) (1024K)]
  0x000002170407c210 WorkerThread "GC Thread#7"                     [id=31392, stack(0x000000b1d6e00000,0x000000b1d6f00000) (1024K)]
  0x000002170407c5c0 WorkerThread "GC Thread#8"                     [id=59068, stack(0x000000b1d6f00000,0x000000b1d7000000) (1024K)]
  0x000002170407c970 WorkerThread "GC Thread#9"                     [id=51412, stack(0x000000b1d7000000,0x000000b1d7100000) (1024K)]
  0x0000021721978530 ConcurrentGCThread "G1 Main Marker"            [id=61264, stack(0x000000b1d4d00000,0x000000b1d4e00000) (1024K)]
  0x0000021721978e50 WorkerThread "G1 Conc#0"                       [id=38288, stack(0x000000b1d4e00000,0x000000b1d4f00000) (1024K)]
  0x000002170407cd20 WorkerThread "G1 Conc#1"                       [id=33528, stack(0x000000b1d7100000,0x000000b1d7200000) (1024K)]
  0x000002170407b700 WorkerThread "G1 Conc#2"                       [id=56904, stack(0x000000b1d7200000,0x000000b1d7300000) (1024K)]
  0x000002173b870630 ConcurrentGCThread "G1 Refine#0"               [id=52288, stack(0x000000b1d4f00000,0x000000b1d5000000) (1024K)]
  0x000002173b870e60 ConcurrentGCThread "G1 Service"                [id=53460, stack(0x000000b1d5000000,0x000000b1d5100000) (1024K)]
Total: 18

Threads with active compile tasks:
C2 CompilerThread0  189506 3319   !   4       java.net.URLClassLoader::findClass (47 bytes)
Total: 1

VM state: not at safepoint (normal execution)

VM Mutex/Monitor currently owned by a thread: None

Heap address: 0x0000000709800000, size: 3944 MB, Compressed Oops mode: Zero based, Oop shift amount: 3

CDS archive(s) mapped at: [0x000002173c000000-0x000002173cba0000-0x000002173cba0000), size 12189696, SharedBaseAddress: 0x000002173c000000, ArchiveRelocationMode: 1.
Compressed class space mapped at: 0x000002173d000000-0x000002177d000000, reserved size: 1073741824
Narrow klass base: 0x000002173c000000, Narrow klass shift: 0, Narrow klass range: 0x100000000

GC Precious Log:
 CardTable entry size: 512
 Card Set container configuration: InlinePtr #cards 4 size 8 Array Of Cards #cards 16 size 48 Howl #buckets 8 coarsen threshold 3686 Howl Bitmap #cards 512 size 80 coarsen threshold 460 Card regions per heap region 1 cards per card region 4096
 CPUs: 12 total, 12 available
 Memory: 15774M
 Large Page Support: Disabled
 NUMA Support: Disabled
 Compressed Oops: Enabled (Zero based)
 Heap Region Size: 2M
 Heap Min Capacity: 8M
 Heap Initial Capacity: 248M
 Heap Max Capacity: 3944M
 Pre-touch: Disabled
 Parallel Workers: 10
 Concurrent Workers: 3
 Concurrent Refinement Workers: 10
 Periodic GC: Disabled

Heap:
 garbage-first heap   total 90112K, used 30697K [0x0000000709800000, 0x0000000800000000)
  region size 2048K, 11 young (22528K), 7 survivors (14336K)
 Metaspace       used 21464K, committed 22144K, reserved 1114112K
  class space    used 3110K, committed 3456K, reserved 1048576K

Heap Regions: E=young(eden), S=young(survivor), O=old, HS=humongous(starts), HC=humongous(continues), CS=collection set, F=free, TAMS=top-at-mark-start, PB=parsable bottom
|   0|0x0000000709800000, 0x0000000709a00000, 0x0000000709a00000|100%|HS|  |TAMS 0x0000000709800000| PB 0x0000000709800000| Complete 
|   1|0x0000000709a00000, 0x0000000709c00000, 0x0000000709c00000|100%|HC|  |TAMS 0x0000000709a00000| PB 0x0000000709a00000| Complete 
|   2|0x0000000709c00000, 0x0000000709e00000, 0x0000000709e00000|100%| O|  |TAMS 0x0000000709c00000| PB 0x0000000709c00000| Untracked 
|   3|0x0000000709e00000, 0x000000070a000000, 0x000000070a000000|100%| O|  |TAMS 0x0000000709e00000| PB 0x0000000709e00000| Untracked 
|   4|0x000000070a000000, 0x000000070a200000, 0x000000070a200000|100%| O|  |TAMS 0x000000070a000000| PB 0x000000070a000000| Untracked 
|   5|0x000000070a200000, 0x000000070a2d5490, 0x000000070a400000| 41%| O|Cm|TAMS 0x000000070a200000| PB 0x000000070a200000| Complete 
|   6|0x000000070a400000, 0x000000070a400000, 0x000000070a600000|  0%| F|  |TAMS 0x000000070a400000| PB 0x000000070a400000| Untracked 
|   7|0x000000070a600000, 0x000000070a600000, 0x000000070a800000|  0%| F|  |TAMS 0x000000070a600000| PB 0x000000070a600000| Untracked 
|   8|0x000000070a800000, 0x000000070a800000, 0x000000070aa00000|  0%| F|  |TAMS 0x000000070a800000| PB 0x000000070a800000| Untracked 
|   9|0x000000070aa00000, 0x000000070aa00000, 0x000000070ac00000|  0%| F|  |TAMS 0x000000070aa00000| PB 0x000000070aa00000| Untracked 
|  10|0x000000070ac00000, 0x000000070ac00000, 0x000000070ae00000|  0%| F|  |TAMS 0x000000070ac00000| PB 0x000000070ac00000| Untracked 
|  11|0x000000070ae00000, 0x000000070ae00000, 0x000000070b000000|  0%| F|  |TAMS 0x000000070ae00000| PB 0x000000070ae00000| Untracked 
|  12|0x000000070b000000, 0x000000070b000000, 0x000000070b200000|  0%| F|  |TAMS 0x000000070b000000| PB 0x000000070b000000| Untracked 
|  13|0x000000070b200000, 0x000000070b200000, 0x000000070b400000|  0%| F|  |TAMS 0x000000070b200000| PB 0x000000070b200000| Untracked 
|  14|0x000000070b400000, 0x000000070b400000, 0x000000070b600000|  0%| F|  |TAMS 0x000000070b400000| PB 0x000000070b400000| Untracked 
|  15|0x000000070b600000, 0x000000070b600000, 0x000000070b800000|  0%| F|  |TAMS 0x000000070b600000| PB 0x000000070b600000| Untracked 
|  16|0x000000070b800000, 0x000000070b800000, 0x000000070ba00000|  0%| F|  |TAMS 0x000000070b800000| PB 0x000000070b800000| Untracked 
|  17|0x000000070ba00000, 0x000000070ba00000, 0x000000070bc00000|  0%| F|  |TAMS 0x000000070ba00000| PB 0x000000070ba00000| Untracked 
|  18|0x000000070bc00000, 0x000000070bc00000, 0x000000070be00000|  0%| F|  |TAMS 0x000000070bc00000| PB 0x000000070bc00000| Untracked 
|  19|0x000000070be00000, 0x000000070be00000, 0x000000070c000000|  0%| F|  |TAMS 0x000000070be00000| PB 0x000000070be00000| Untracked 
|  20|0x000000070c000000, 0x000000070c000000, 0x000000070c200000|  0%| F|  |TAMS 0x000000070c000000| PB 0x000000070c000000| Untracked 
|  21|0x000000070c200000, 0x000000070c200000, 0x000000070c400000|  0%| F|  |TAMS 0x000000070c200000| PB 0x000000070c200000| Untracked 
|  22|0x000000070c400000, 0x000000070c400000, 0x000000070c600000|  0%| F|  |TAMS 0x000000070c400000| PB 0x000000070c400000| Untracked 
|  23|0x000000070c600000, 0x000000070c600000, 0x000000070c800000|  0%| F|  |TAMS 0x000000070c600000| PB 0x000000070c600000| Untracked 
|  24|0x000000070c800000, 0x000000070c800000, 0x000000070ca00000|  0%| F|  |TAMS 0x000000070c800000| PB 0x000000070c800000| Untracked 
|  25|0x000000070ca00000, 0x000000070ca00000, 0x000000070cc00000|  0%| F|  |TAMS 0x000000070ca00000| PB 0x000000070ca00000| Untracked 
|  26|0x000000070cc00000, 0x000000070cc00000, 0x000000070ce00000|  0%| F|  |TAMS 0x000000070cc00000| PB 0x000000070cc00000| Untracked 
|  27|0x000000070ce00000, 0x000000070ce00000, 0x000000070d000000|  0%| F|  |TAMS 0x000000070ce00000| PB 0x000000070ce00000| Untracked 
|  28|0x000000070d000000, 0x000000070d000000, 0x000000070d200000|  0%| F|  |TAMS 0x000000070d000000| PB 0x000000070d000000| Untracked 
|  29|0x000000070d200000, 0x000000070d200000, 0x000000070d400000|  0%| F|  |TAMS 0x000000070d200000| PB 0x000000070d200000| Untracked 
|  30|0x000000070d400000, 0x000000070d400000, 0x000000070d600000|  0%| F|  |TAMS 0x000000070d400000| PB 0x000000070d400000| Untracked 
|  31|0x000000070d600000, 0x000000070d600000, 0x000000070d800000|  0%| F|  |TAMS 0x000000070d600000| PB 0x000000070d600000| Untracked 
|  32|0x000000070d800000, 0x000000070d800000, 0x000000070da00000|  0%| F|  |TAMS 0x000000070d800000| PB 0x000000070d800000| Untracked 
|  33|0x000000070da00000, 0x000000070dc00000, 0x000000070dc00000|100%| E|  |TAMS 0x000000070da00000| PB 0x000000070da00000| Complete 
|  34|0x000000070dc00000, 0x000000070de00000, 0x000000070de00000|100%| E|CS|TAMS 0x000000070dc00000| PB 0x000000070dc00000| Complete 
|  35|0x000000070de00000, 0x000000070e000000, 0x000000070e000000|100%| E|CS|TAMS 0x000000070de00000| PB 0x000000070de00000| Complete 
|  52|0x0000000710000000, 0x0000000710124f80, 0x0000000710200000| 57%| S|CS|TAMS 0x0000000710000000| PB 0x0000000710000000| Complete 
|  53|0x0000000710200000, 0x0000000710400000, 0x0000000710400000|100%| S|CS|TAMS 0x0000000710200000| PB 0x0000000710200000| Complete 
|  54|0x0000000710400000, 0x0000000710600000, 0x0000000710600000|100%| S|CS|TAMS 0x0000000710400000| PB 0x0000000710400000| Complete 
|  55|0x0000000710600000, 0x0000000710800000, 0x0000000710800000|100%| S|CS|TAMS 0x0000000710600000| PB 0x0000000710600000| Complete 
|  56|0x0000000710800000, 0x0000000710a00000, 0x0000000710a00000|100%| S|CS|TAMS 0x0000000710800000| PB 0x0000000710800000| Complete 
|  57|0x0000000710a00000, 0x0000000710c00000, 0x0000000710c00000|100%| S|CS|TAMS 0x0000000710a00000| PB 0x0000000710a00000| Complete 
|  58|0x0000000710c00000, 0x0000000710e00000, 0x0000000710e00000|100%| S|CS|TAMS 0x0000000710c00000| PB 0x0000000710c00000| Complete 
| 123|0x0000000718e00000, 0x0000000719000000, 0x0000000719000000|100%| E|CS|TAMS 0x0000000718e00000| PB 0x0000000718e00000| Complete 

Card table byte_map: [0x0000021734800000,0x0000021734fc0000] _byte_map_base: 0x0000021730fb4000

Marking Bits: (CMBitMap*) 0x00000217219685d0
 Bits: [0x0000021734fc0000, 0x0000021738d60000)

Polling page: 0x000002171f7d0000

Metaspace:

Usage:
  Non-class:     17.92 MB used.
      Class:      3.04 MB used.
       Both:     20.96 MB used.

Virtual space:
  Non-class space:       64.00 MB reserved,      18.25 MB ( 29%) committed,  1 nodes.
      Class space:        1.00 GB reserved,       3.38 MB ( <1%) committed,  1 nodes.
             Both:        1.06 GB reserved,      21.62 MB (  2%) committed. 

Chunk freelists:
   Non-Class:  13.32 MB
       Class:  12.60 MB
        Both:  25.92 MB

MaxMetaspaceSize: unlimited
CompressedClassSpaceSize: 1.00 GB
Initial GC threshold: 21.00 MB
Current GC threshold: 35.12 MB
CDS: on
 - commit_granule_bytes: 65536.
 - commit_granule_words: 8192.
 - virtual_space_node_default_size: 8388608.
 - enlarge_chunks_in_place: 1.
 - use_allocation_guard: 0.


Internal statistics:

num_allocs_failed_limit: 3.
num_arena_births: 980.
num_arena_deaths: 0.
num_vsnodes_births: 2.
num_vsnodes_deaths: 0.
num_space_committed: 346.
num_space_uncommitted: 0.
num_chunks_returned_to_freelist: 3.
num_chunks_taken_from_freelist: 1876.
num_chunk_merges: 3.
num_chunk_splits: 1185.
num_chunks_enlarged: 751.
num_inconsistent_stats: 0.

CodeHeap 'non-profiled nmethods': size=120000Kb used=1746Kb max_used=1746Kb free=118253Kb
 bounds [0x000002172c5c0000, 0x000002172c830000, 0x0000021733af0000]
CodeHeap 'profiled nmethods': size=120000Kb used=6733Kb max_used=6733Kb free=113266Kb
 bounds [0x0000021724af0000, 0x0000021725190000, 0x000002172c020000]
CodeHeap 'non-nmethods': size=5760Kb used=1434Kb max_used=1458Kb free=4325Kb
 bounds [0x000002172c020000, 0x000002172c290000, 0x000002172c5c0000]
CodeCache: size=245760Kb, used=9913Kb, max_used=9937Kb, free=235844Kb
 total_blobs=4040, nmethods=3452, adapters=492, full_count=0
Compilation: enabled, stopped_count=0, restarted_count=0

Compilation events (20 events):
Event: 179.532 Thread 0x000002173b9dfe60 nmethod 3309 0x0000021725133f10 code [0x0000021725134100, 0x0000021725134530]
Event: 179.533 Thread 0x000002173b9dfe60 3310       3       org.gradle.internal.collect.PersistentArrayTrie$1::hasNext (17 bytes)
Event: 179.533 Thread 0x000002173b9dfe60 nmethod 3310 0x0000021725134710 code [0x00000217251348a0, 0x0000021725134a08]
Event: 179.535 Thread 0x000002173b9dfe60 3311       3       org.gradle.internal.collect.PersistentArrayTrie$1::next (63 bytes)
Event: 179.536 Thread 0x000002173b9dfe60 nmethod 3311 0x0000021725134a90 code [0x0000021725134c60, 0x0000021725135008]
Event: 179.536 Thread 0x000002173b9dfe60 3312       3       org.gradle.internal.service.DefaultServiceRegistry::isAssignableFromAnyType (41 bytes)
Event: 179.536 Thread 0x000002173b9dfe60 nmethod 3312 0x0000021725135190 code [0x00000217251353a0, 0x0000021725135930]
Event: 179.616 Thread 0x000002173b9dfe60 3313   !   3       org.gradle.internal.classloader.TransformingClassLoader::findClass (256 bytes)
Event: 179.621 Thread 0x000002173b9dfe60 nmethod 3313 0x0000021725135b10 code [0x0000021725136160, 0x0000021725139318]
Event: 179.621 Thread 0x000002173b9dfe60 3314       3       org.gradle.initialization.MixInLegacyTypesClassLoader::shouldTransform (42 bytes)
Event: 179.622 Thread 0x000002173b9dfe60 nmethod 3314 0x000002172513a890 code [0x000002172513aa60, 0x000002172513ae60]
Event: 179.667 Thread 0x000002173b9dd880 3315 % !   4       java.util.concurrent.ConcurrentHashMap::transfer @ 372 (849 bytes)
Event: 179.722 Thread 0x000002173b9dd880 nmethod 3315% 0x000002172c765310 code [0x000002172c765520, 0x000002172c766ad8]
Event: 179.723 Thread 0x000002173b9dd880 3316       4       java.util.HashMap$KeyIterator::next (8 bytes)
Event: 179.732 Thread 0x000002173b9dd880 nmethod 3316 0x000002172c767310 code [0x000002172c7674c0, 0x000002172c767920]
Event: 180.037 Thread 0x000002173b9dd880 3317   !   4       java.util.concurrent.ConcurrentHashMap::transfer (849 bytes)
Event: 180.098 Thread 0x000002173b9dd880 nmethod 3317 0x000002172c767a90 code [0x000002172c767cc0, 0x000002172c769438]
Event: 180.234 Thread 0x000002173b9dd880 3318       4       java.lang.AbstractStringBuilder::appendChars (207 bytes)
Event: 180.237 Thread 0x000002173b9dd880 nmethod 3318 0x000002172c769c10 code [0x000002172c769da0, 0x000002172c769fb0]
Event: 180.294 Thread 0x000002173b9dd880 3319   !   4       java.net.URLClassLoader::findClass (47 bytes)

GC Heap History (4 events):
Event: 26.267 GC heap before
{Heap before GC invocations=0 (full 0):
 garbage-first heap   total 253952K, used 24576K [0x0000000709800000, 0x0000000800000000)
  region size 2048K, 11 young (22528K), 0 survivors (0K)
 Metaspace       used 2212K, committed 2368K, reserved 1114112K
  class space    used 243K, committed 320K, reserved 1048576K
}
Event: 26.278 GC heap after
{Heap after GC invocations=1 (full 0):
 garbage-first heap   total 253952K, used 11148K [0x0000000709800000, 0x0000000800000000)
  region size 2048K, 2 young (4096K), 2 survivors (4096K)
 Metaspace       used 2212K, committed 2368K, reserved 1114112K
  class space    used 243K, committed 320K, reserved 1048576K
}
Event: 48.327 GC heap before
{Heap before GC invocations=1 (full 0):
 garbage-first heap   total 253952K, used 35724K [0x0000000709800000, 0x0000000800000000)
  region size 2048K, 14 young (28672K), 2 survivors (4096K)
 Metaspace       used 4631K, committed 4800K, reserved 1114112K
  class space    used 598K, committed 704K, reserved 1048576K
}
Event: 48.333 GC heap after
{Heap after GC invocations=2 (full 0):
 garbage-first heap   total 253952K, used 12574K [0x0000000709800000, 0x0000000800000000)
  region size 2048K, 1 young (2048K), 1 survivors (2048K)
 Metaspace       used 4631K, committed 4800K, reserved 1114112K
  class space    used 598K, committed 704K, reserved 1048576K
}

Dll operation events (20 events):
Event: 1.551 Attempting to load shared library C:\Users\Coding\.vscode\extensions\redhat.java-1.56.0-win32-x64\jre\21.0.12.1-win32-x86_64\bin\nio.dll
Event: 1.570 Loaded shared library C:\Users\Coding\.vscode\extensions\redhat.java-1.56.0-win32-x64\jre\21.0.12.1-win32-x86_64\bin\nio.dll
Event: 1.652 Attempting to load shared library C:\Users\Coding\.vscode\extensions\redhat.java-1.56.0-win32-x64\jre\21.0.12.1-win32-x86_64\bin\zip.dll
Event: 1.652 Loaded shared library C:\Users\Coding\.vscode\extensions\redhat.java-1.56.0-win32-x64\jre\21.0.12.1-win32-x86_64\bin\zip.dll
Event: 16.669 Attempting to load shared library C:\Users\Coding\.vscode\extensions\redhat.java-1.56.0-win32-x64\jre\21.0.12.1-win32-x86_64\bin\jimage.dll
Event: 16.669 Loaded shared library C:\Users\Coding\.vscode\extensions\redhat.java-1.56.0-win32-x64\jre\21.0.12.1-win32-x86_64\bin\jimage.dll
Event: 25.582 Attempting to load shared library C:\Users\Coding\.vscode\extensions\redhat.java-1.56.0-win32-x64\jre\21.0.12.1-win32-x86_64\bin\verify.dll
Event: 25.602 Loaded shared library C:\Users\Coding\.vscode\extensions\redhat.java-1.56.0-win32-x64\jre\21.0.12.1-win32-x86_64\bin\verify.dll
Event: 26.209 Attempting to load shared library C:\Users\Coding\.gradle\native\660c5614fbf4a5f2a75b1949f50a0caf5cd603558e7d8a26e50b933a0cfb79d1\windows-amd64\native-platform.dll
Event: 26.264 Loaded shared library C:\Users\Coding\.gradle\native\660c5614fbf4a5f2a75b1949f50a0caf5cd603558e7d8a26e50b933a0cfb79d1\windows-amd64\native-platform.dll
Event: 26.496 Attempting to load shared library C:\Users\Coding\.gradle\native\0.2.8\x86_64-windows-gnu\gradle-fileevents.dll
Event: 26.531 Loaded shared library C:\Users\Coding\.gradle\native\0.2.8\x86_64-windows-gnu\gradle-fileevents.dll
Event: 74.053 Attempting to load shared library C:\Users\Coding\.vscode\extensions\redhat.java-1.56.0-win32-x64\jre\21.0.12.1-win32-x86_64\bin\management.dll
Event: 74.148 Loaded shared library C:\Users\Coding\.vscode\extensions\redhat.java-1.56.0-win32-x64\jre\21.0.12.1-win32-x86_64\bin\management.dll
Event: 74.721 Attempting to load shared library C:\Users\Coding\.vscode\extensions\redhat.java-1.56.0-win32-x64\jre\21.0.12.1-win32-x86_64\bin\management_ext.dll
Event: 75.111 Loaded shared library C:\Users\Coding\.vscode\extensions\redhat.java-1.56.0-win32-x64\jre\21.0.12.1-win32-x86_64\bin\management_ext.dll
Event: 78.762 Attempting to load shared library C:\Users\Coding\.vscode\extensions\redhat.java-1.56.0-win32-x64\jre\21.0.12.1-win32-x86_64\bin\extnet.dll
Event: 78.823 Loaded shared library C:\Users\Coding\.vscode\extensions\redhat.java-1.56.0-win32-x64\jre\21.0.12.1-win32-x86_64\bin\extnet.dll
Event: 140.366 Attempting to load shared library C:\Users\Coding\.vscode\extensions\redhat.java-1.56.0-win32-x64\jre\21.0.12.1-win32-x86_64\bin\sunmscapi.dll
Event: 140.646 Loaded shared library C:\Users\Coding\.vscode\extensions\redhat.java-1.56.0-win32-x64\jre\21.0.12.1-win32-x86_64\bin\sunmscapi.dll

Deoptimization events (20 events):
Event: 161.312 Thread 0x000002177ebfe0b0 DEOPT PACKING pc=0x00000217250bedc1 sp=0x000000b1d5dfe410
Event: 161.313 Thread 0x000002177ebfe0b0 DEOPT UNPACKING pc=0x000002172c074bc2 sp=0x000000b1d5dfd950 mode 0
Event: 175.344 Thread 0x000002177ee167c0 Uncommon trap: trap_request=0xffffff45 fr.pc=0x000002172c726b5c relative=0x00000000000001bc
Event: 175.344 Thread 0x000002177ee167c0 Uncommon trap: reason=unstable_if action=reinterpret pc=0x000002172c726b5c method=java.util.concurrent.locks.ReentrantLock$NonfairSync.initialTryLock()Z @ 25 c2
Event: 175.344 Thread 0x000002177ee167c0 DEOPT PACKING pc=0x000002172c726b5c sp=0x000000b1d6bfee70
Event: 175.344 Thread 0x000002177ee167c0 DEOPT UNPACKING pc=0x000002172c074422 sp=0x000000b1d6bfed58 mode 2
Event: 178.107 Thread 0x000002177ef6fe80 Uncommon trap: trap_request=0xffffff45 fr.pc=0x000002172c6fdaac relative=0x000000000000096c
Event: 178.107 Thread 0x000002177ef6fe80 Uncommon trap: reason=unstable_if action=reinterpret pc=0x000002172c6fdaac method=java.util.HashMap.hash(Ljava/lang/Object;)I @ 1 c2
Event: 178.107 Thread 0x000002177ef6fe80 DEOPT PACKING pc=0x000002172c6fdaac sp=0x000000b1d66fbd60
Event: 178.107 Thread 0x000002177ef6fe80 DEOPT UNPACKING pc=0x000002172c074422 sp=0x000000b1d66fbcf0 mode 2
Event: 178.319 Thread 0x000002177ef6fe80 DEOPT PACKING pc=0x0000021724fcd776 sp=0x000000b1d66fb360
Event: 178.319 Thread 0x000002177ef6fe80 DEOPT UNPACKING pc=0x000002172c074bc2 sp=0x000000b1d66fa870 mode 0
Event: 179.471 Thread 0x000002177ef6fe80 DEOPT PACKING pc=0x0000021724fcd755 sp=0x000000b1d66fc0b0
Event: 179.471 Thread 0x000002177ef6fe80 DEOPT UNPACKING pc=0x000002172c074bc2 sp=0x000000b1d66fb5c0 mode 0
Event: 179.688 Thread 0x000002177ef6fe80 DEOPT PACKING pc=0x0000021724fcd776 sp=0x000000b1d66fb230
Event: 179.688 Thread 0x000002177ef6fe80 DEOPT UNPACKING pc=0x000002172c074bc2 sp=0x000000b1d66fa740 mode 0
Event: 180.037 Thread 0x000002177ef6fe80 DEOPT PACKING pc=0x0000021724fcd24f sp=0x000000b1d66fb7f0
Event: 180.037 Thread 0x000002177ef6fe80 DEOPT UNPACKING pc=0x000002172c074bc2 sp=0x000000b1d66facf0 mode 0
Event: 180.269 Thread 0x000002177ef6fe80 DEOPT PACKING pc=0x0000021724c5b5c9 sp=0x000000b1d66fb0f0
Event: 180.269 Thread 0x000002177ef6fe80 DEOPT UNPACKING pc=0x000002172c074bc2 sp=0x000000b1d66fa5f0 mode 0

Classes loaded (20 events):
Event: 161.302 Loading class java/util/stream/ReduceOps$1
Event: 161.302 Loading class java/util/stream/ReduceOps$1 done
Event: 161.317 Loading class java/util/stream/ReduceOps$1ReducingSink
Event: 161.318 Loading class java/util/stream/ReduceOps$1ReducingSink done
Event: 178.381 Loading class java/util/function/LongPredicate
Event: 178.381 Loading class java/util/function/LongPredicate done
Event: 178.383 Loading class java/util/PrimitiveIterator$OfLong
Event: 178.383 Loading class java/util/PrimitiveIterator
Event: 178.383 Loading class java/util/PrimitiveIterator done
Event: 178.383 Loading class java/util/PrimitiveIterator$OfLong done
Event: 178.410 Loading class java/util/concurrent/RecursiveAction
Event: 178.410 Loading class java/util/concurrent/RecursiveAction done
Event: 178.599 Loading class java/lang/invoke/BoundMethodHandle$Species_LLLLLLLLLLLLLL
Event: 178.599 Loading class java/lang/invoke/BoundMethodHandle$Species_LLLLLLLLLLLLLL done
Event: 178.604 Loading class java/lang/invoke/BoundMethodHandle$Species_LLLLLLLLLLLLLLL
Event: 178.604 Loading class java/lang/invoke/BoundMethodHandle$Species_LLLLLLLLLLLLLLL done
Event: 178.627 Loading class java/lang/invoke/BoundMethodHandle$Species_LLLLLLLLLLLLLLLL
Event: 178.627 Loading class java/lang/invoke/BoundMethodHandle$Species_LLLLLLLLLLLLLLLL done
Event: 178.647 Loading class java/lang/invoke/BoundMethodHandle$Species_LLLLLLLLLLLLLLLLL
Event: 178.647 Loading class java/lang/invoke/BoundMethodHandle$Species_LLLLLLLLLLLLLLLLL done

Classes unloaded (0 events):
No events

Classes redefined (0 events):
No events

Internal exceptions (20 events):
Event: 145.640 Thread 0x000002177ef6fe80 Exception <a 'java/lang/NoSuchMethodError'{0x000000071420e380}: 'int java.lang.invoke.DirectMethodHandle$Holder.invokeVirtual(java.lang.Object, java.lang.Object, java.lang.Object)'> (0x000000071420e380) 
thrown [s\src\hotspot\share\interpreter\linkResolver.cpp, line 773]
Event: 145.986 Thread 0x000002177ef6fe80 Exception <a 'java/lang/NoSuchMethodError'{0x0000000714076f58}: 'java.lang.Object java.lang.invoke.DirectMethodHandle$Holder.newInvokeSpecial(java.lang.Object, java.lang.Object, java.lang.Object, java.lang.Object, java.lang.Object, java.lang.Object)'> (0x0000000714076f58) 
thrown [s\src\hotspot\share\interpreter\linkResolver.cpp, line 773]
Event: 147.532 Thread 0x000002177ef6fe80 Exception <a 'java/lang/NoSuchMethodError'{0x0000000713ef0a68}: 'void java.lang.invoke.DelegatingMethodHandle$Holder.reinvoke_L(java.lang.Object, java.lang.Object, java.lang.Object, java.lang.Object, java.lang.Object, java.lang.Object, java.lang.Object, java.lang.Object, java.lang.Object, java.lang.Object)'> (0x0000000713ef0a68) 
thrown [s\src\hotspot\share\interpreter\linkResolver.cpp, line 773]
Event: 147.533 Thread 0x000002177ef6fe80 Exception <a 'java/lang/NoSuchMethodError'{0x0000000713ef8548}: 'java.lang.Object java.lang.invoke.Invokers$Holder.invoker(java.lang.Object, java.lang.Object, java.lang.Object, java.lang.Object, java.lang.Object, java.lang.Object, java.lang.Object, java.lang.Object, java.lang.Object, java.lang.Object)'> (0x0000000713ef8548) 
thrown [s\src\hotspot\share\interpreter\linkResolver.cpp, line 773]
Event: 150.567 Thread 0x000002177ef6fe80 Exception <a 'java/lang/NoSuchMethodError'{0x00000007138f6618}: 'java.lang.Object java.lang.invoke.DirectMethodHandle$Holder.newInvokeSpecial(java.lang.Object, java.lang.Object, java.lang.Object, java.lang.Object, java.lang.Object, java.lang.Object, java.lang.Object, java.lang.Object)'> (0x00000007138f6618) 
thrown [s\src\hotspot\share\interpreter\linkResolver.cpp, line 773]
Event: 151.520 Thread 0x000002177ef6fe80 Exception <a 'java/lang/NoSuchMethodError'{0x0000000713606388}: 'java.lang.Object java.lang.invoke.DirectMethodHandle$Holder.newInvokeSpecial(java.lang.Object, java.lang.Object, int)'> (0x0000000713606388) 
thrown [s\src\hotspot\share\interpreter\linkResolver.cpp, line 773]
Event: 155.493 Thread 0x000002177ef6fe80 Exception <a 'java/lang/NoSuchMethodError'{0x0000000713382f88}: 'void java.lang.invoke.DirectMethodHandle$Holder.invokeInterface(java.lang.Object, java.lang.Object)'> (0x0000000713382f88) 
thrown [s\src\hotspot\share\interpreter\linkResolver.cpp, line 773]
Event: 155.505 Thread 0x000002177ef6fe80 Exception <a 'java/lang/IncompatibleClassChangeError'{0x00000007133864f8}: Found class java.lang.Object, but interface was expected> (0x00000007133864f8) 
thrown [s\src\hotspot\share\interpreter\linkResolver.cpp, line 840]
Event: 156.681 Thread 0x000002177ef6fe80 Exception <a 'java/lang/NoSuchMethodError'{0x000000071307b608}: 'java.lang.Object java.lang.invoke.DirectMethodHandle$Holder.invokeVirtual(java.lang.Object, java.lang.Object, java.lang.Object, java.lang.Object, java.lang.Object, java.lang.Object, java.lang.Object, java.lang.Object)'> (0x000000071307b608) 
thrown [s\src\hotspot\share\interpreter\linkResolver.cpp, line 773]
Event: 158.481 Thread 0x000002177ef6fe80 Exception <a 'java/lang/NoSuchMethodError'{0x00000007131ffc80}: 'java.lang.Object java.lang.invoke.DirectMethodHandle$Holder.invokeVirtual(java.lang.Object, java.lang.Object, java.lang.Object, java.lang.Object, java.lang.Object, java.lang.Object, java.lang.Object, java.lang.Object, java.lang.Object, java.lang.Object)'> (0x00000007131ffc80) 
thrown [s\src\hotspot\share\interpreter\linkResolver.cpp, line 773]
Event: 160.237 Thread 0x000002177ef6fe80 Exception <a 'java/lang/NoSuchMethodError'{0x0000000712e95e70}: 'void java.lang.invoke.DirectMethodHandle$Holder.invokeStaticInit(java.lang.Object, java.lang.Object, java.lang.Object, java.lang.Object)'> (0x0000000712e95e70) 
thrown [s\src\hotspot\share\interpreter\linkResolver.cpp, line 773]
Event: 161.293 Thread 0x000002177ef6fe80 Exception <a 'java/lang/NoSuchMethodError'{0x0000000712c07960}: 'int java.lang.invoke.DirectMethodHandle$Holder.invokeSpecialIFC(java.lang.Object, java.lang.Object, java.lang.Object, java.lang.Object)'> (0x0000000712c07960) 
thrown [s\src\hotspot\share\interpreter\linkResolver.cpp, line 773]
Event: 161.301 Thread 0x000002177ef6fe80 Exception <a 'java/lang/IncompatibleClassChangeError'{0x0000000712c15030}: Found class java.lang.Object, but interface was expected> (0x0000000712c15030) 
thrown [s\src\hotspot\share\interpreter\linkResolver.cpp, line 840]
Event: 178.107 Thread 0x000002177ef6fe80 Implicit null exception at 0x000002172c6fd18d to 0x000002172c6fda90
Event: 178.541 Thread 0x000002177ef6fe80 Exception <a 'java/lang/NoSuchMethodError'{0x00000007127ed128}: 'java.lang.Object java.lang.invoke.DirectMethodHandle$Holder.newInvokeSpecial(java.lang.Object, java.lang.Object, java.lang.Object, java.lang.Object, java.lang.Object, java.lang.Object, java.lang.Object, java.lang.Object, java.lang.Object)'> (0x00000007127ed128) 
thrown [s\src\hotspot\share\interpreter\linkResolver.cpp, line 773]
Event: 178.585 Thread 0x000002177ef6fe80 Exception <a 'java/lang/NoSuchMethodError'{0x0000000712425d70}: 'java.lang.Object java.lang.invoke.DelegatingMethodHandle$Holder.reinvoke_L(java.lang.Object, java.lang.Object, java.lang.Object, java.lang.Object, java.lang.Object, java.lang.Object, java.lang.Object, java.lang.Object, java.lang.Object, java.lang.Object, java.lang.Object, java.lang.Object, java.lang.Object, java.lang.Object, java.lang.Object, java.lang.Object, java.lang.Object, java.lang.Object)'> (0x0000000712425d70) 
thrown [s\src\hotspot\s
Event: 178.602 Thread 0x000002177ef6fe80 Exception <a 'java/lang/NoSuchMethodError'{0x00000007124895e8}: 'java.lang.Object java.lang.invoke.DirectMethodHandle$Holder.invokeStatic(java.lang.Object, java.lang.Object, java.lang.Object, java.lang.Object, java.lang.Object, java.lang.Object, java.lang.Object, java.lang.Object, java.lang.Object, java.lang.Object, java.lang.Object, java.lang.Object, java.lang.Object, java.lang.Object, java.lang.Object, java.lang.Object, java.lang.Object)'> (0x00000007124895e8) 
thrown [s\src\hotspot\share\interpreter\lin
Event: 178.622 Thread 0x000002177ef6fe80 Exception <a 'java/lang/NoSuchMethodError'{0x00000007124b0b10}: 'java.lang.Object java.lang.invoke.DirectMethodHandle$Holder.invokeStatic(java.lang.Object, java.lang.Object, java.lang.Object, java.lang.Object, java.lang.Object, java.lang.Object, java.lang.Object, java.lang.Object, java.lang.Object, java.lang.Object, java.lang.Object, java.lang.Object, java.lang.Object, java.lang.Object, java.lang.Object, java.lang.Object, java.lang.Object, java.lang.Object)'> (0x00000007124b0b10) 
thrown [s\src\hotspot\sha
Event: 178.631 Thread 0x000002177ef6fe80 Exception <a 'java/lang/NoSuchMethodError'{0x00000007124d8b88}: 'java.lang.Object java.lang.invoke.DirectMethodHandle$Holder.invokeStatic(java.lang.Object, java.lang.Object, java.lang.Object, java.lang.Object, java.lang.Object, java.lang.Object, java.lang.Object, java.lang.Object, java.lang.Object, java.lang.Object, java.lang.Object, java.lang.Object, java.lang.Object, java.lang.Object, java.lang.Object, java.lang.Object, java.lang.Object, java.lang.Object, java.lang.Object)'> (0x00000007124d8b88) 
thrown 
Event: 178.671 Thread 0x000002177ef6fe80 Exception <a 'java/lang/NoSuchMethodError'{0x0000000712502ba0}: 'java.lang.Object java.lang.invoke.DirectMethodHandle$Holder.invokeStatic(java.lang.Object, java.lang.Object, java.lang.Object, java.lang.Object, java.lang.Object, java.lang.Object, java.lang.Object, java.lang.Object, java.lang.Object, java.lang.Object, java.lang.Object, java.lang.Object, java.lang.Object, java.lang.Object, java.lang.Object, java.lang.Object, java.lang.Object, java.lang.Object, java.lang.Object, java.lang.Object)'> (0x00000007

ZGC Phase Switch (0 events):
No events

VM Operations (20 events):
Event: 160.427 Executing safepoint VM operation: Cleanup
Event: 160.427 Executing safepoint VM operation: Cleanup done
Event: 161.435 Executing safepoint VM operation: Cleanup
Event: 161.435 Executing safepoint VM operation: Cleanup done
Event: 164.463 Executing safepoint VM operation: Cleanup
Event: 164.463 Executing safepoint VM operation: Cleanup done
Event: 166.483 Executing safepoint VM operation: Cleanup
Event: 166.483 Executing safepoint VM operation: Cleanup done
Event: 171.530 Executing safepoint VM operation: Cleanup
Event: 171.530 Executing safepoint VM operation: Cleanup done
Event: 176.587 Executing safepoint VM operation: Cleanup
Event: 176.587 Executing safepoint VM operation: Cleanup done
Event: 178.606 Executing safepoint VM operation: Cleanup
Event: 178.621 Executing safepoint VM operation: Cleanup done
Event: 178.688 Executing non-safepoint VM operation: HandshakeAllThreads (Deoptimize)
Event: 178.688 Executing non-safepoint VM operation: HandshakeAllThreads (Deoptimize) done
Event: 178.690 Executing non-safepoint VM operation: HandshakeAllThreads (Deoptimize)
Event: 178.690 Executing non-safepoint VM operation: HandshakeAllThreads (Deoptimize) done
Event: 179.695 Executing safepoint VM operation: Cleanup
Event: 179.715 Executing safepoint VM operation: Cleanup done

Memory protections (0 events):
No events

Nmethod flushes (0 events):
No events

Events (20 events):
Event: 33.550 Thread 0x000002173b9dfe60 Thread added: 0x000002177d4e2490
Event: 33.684 Thread 0x000002177d4e2490 Thread exited: 0x000002177d4e2490
Event: 48.290 Thread 0x000002173b9dfe60 Thread added: 0x000002173ba1e070
Event: 48.714 Thread 0x000002173ba1e070 Thread exited: 0x000002173ba1e070
Event: 75.288 Thread 0x000002171f542b00 Thread added: 0x000002177ec5e250
Event: 80.906 Thread 0x000002171f542b00 Thread added: 0x000002177e3595b0
Event: 80.961 Thread 0x000002173b9dfe60 Thread added: 0x000002177e9c44c0
Event: 81.512 Thread 0x000002177e9c44c0 Thread exited: 0x000002177e9c44c0
Event: 90.547 Thread 0x000002171f542b00 Thread added: 0x000002177ebfe0b0
Event: 141.233 Thread 0x000002177e3595b0 Thread added: 0x000002177d5ee3c0
Event: 141.246 Thread 0x000002177d5ee3c0 Thread added: 0x000002177e9073e0
Event: 141.923 Thread 0x000002177d5ee3c0 Thread added: 0x000002177ea66ce0
Event: 142.779 Thread 0x000002177d5ee3c0 Thread added: 0x000002177ef6fe80
Event: 142.963 Thread 0x000002177ef6fe80 Thread added: 0x000002177eac3d10
Event: 143.081 Thread 0x000002177ef6fe80 Thread added: 0x000002177ee139d0
Event: 143.120 Thread 0x000002177ef6fe80 Thread added: 0x000002177ee14060
Event: 151.512 Thread 0x000002177ef6fe80 Thread added: 0x000002177ee15aa0
Event: 152.027 Thread 0x000002177ef6fe80 Thread added: 0x000002177ee167c0
Event: 153.556 Thread 0x000002177ee167c0 Thread added: 0x000002177ee16e50
Event: 156.840 Thread 0x000002177ef6fe80 Thread added: 0x000002177ee16130


Dynamic libraries:
0x00007ff797e40000 - 0x00007ff797e4e000 	C:\Users\Coding\.vscode\extensions\redhat.java-1.56.0-win32-x64\jre\21.0.12.1-win32-x86_64\bin\java.exe
0x00007ff9e5f00000 - 0x00007ff9e6167000 	C:\WINDOWS\SYSTEM32\ntdll.dll
0x00007ff9e4c60000 - 0x00007ff9e4d2b000 	C:\WINDOWS\System32\KERNEL32.DLL
0x00007ff9e3730000 - 0x00007ff9e3b31000 	C:\WINDOWS\System32\KERNELBASE.dll
0x00007ff9dff40000 - 0x00007ff9dffdf000 	C:\WINDOWS\SYSTEM32\apphelp.dll
0x00007ff9e35d0000 - 0x00007ff9e371c000 	C:\WINDOWS\System32\ucrtbase.dll
0x00007ff8eb8c0000 - 0x00007ff8eb8d8000 	C:\Users\Coding\.vscode\extensions\redhat.java-1.56.0-win32-x64\jre\21.0.12.1-win32-x86_64\bin\jli.dll
0x00007ff8eb8e0000 - 0x00007ff8eb8fe000 	C:\Users\Coding\.vscode\extensions\redhat.java-1.56.0-win32-x64\jre\21.0.12.1-win32-x86_64\bin\VCRUNTIME140.dll
0x00007ff9e40b0000 - 0x00007ff9e4287000 	C:\WINDOWS\System32\USER32.dll
0x00007ff9e3bf0000 - 0x00007ff9e3c17000 	C:\WINDOWS\System32\win32u.dll
0x00007ff9e4d30000 - 0x00007ff9e4d5b000 	C:\WINDOWS\System32\GDI32.dll
0x00007ff9e33e0000 - 0x00007ff9e3508000 	C:\WINDOWS\System32\gdi32full.dll
0x00007ff9e3b40000 - 0x00007ff9e3be3000 	C:\WINDOWS\System32\msvcp_win.dll
0x00007ff9d1590000 - 0x00007ff9d1820000 	C:\WINDOWS\WinSxS\amd64_microsoft.windows.common-controls_6595b64144ccf1df_6.0.26100.9549_none_3e0a0396e3330090\COMCTL32.dll
0x00007ff9e5290000 - 0x00007ff9e5339000 	C:\WINDOWS\System32\msvcrt.dll
0x00007ff9e5190000 - 0x00007ff9e51c1000 	C:\WINDOWS\System32\IMM32.DLL
0x00007ff9d7880000 - 0x00007ff9d788c000 	C:\Users\Coding\.vscode\extensions\redhat.java-1.56.0-win32-x64\jre\21.0.12.1-win32-x86_64\bin\vcruntime140_1.dll
0x00007ff8eb830000 - 0x00007ff8eb8bd000 	C:\Users\Coding\.vscode\extensions\redhat.java-1.56.0-win32-x64\jre\21.0.12.1-win32-x86_64\bin\msvcp140.dll
0x00007ff8eaa80000 - 0x00007ff8eb822000 	C:\Users\Coding\.vscode\extensions\redhat.java-1.56.0-win32-x64\jre\21.0.12.1-win32-x86_64\bin\server\jvm.dll
0x00007ff9e4e10000 - 0x00007ff9e4ecb000 	C:\WINDOWS\System32\ADVAPI32.dll
0x00007ff9e4d60000 - 0x00007ff9e4e08000 	C:\WINDOWS\System32\sechost.dll
0x00007ff9e55b0000 - 0x00007ff9e56c8000 	C:\WINDOWS\System32\RPCRT4.dll
0x00007ff9e5200000 - 0x00007ff9e5281000 	C:\WINDOWS\System32\WS2_32.dll
0x00007ff9e2f50000 - 0x00007ff9e2fae000 	C:\WINDOWS\SYSTEM32\POWRPROF.dll
0x00007ff9dabe0000 - 0x00007ff9dac17000 	C:\WINDOWS\SYSTEM32\WINMM.dll
0x00007ff9dac20000 - 0x00007ff9dac2b000 	C:\WINDOWS\SYSTEM32\VERSION.dll
0x00007ff9e2f30000 - 0x00007ff9e2f45000 	C:\WINDOWS\SYSTEM32\UMPDC.dll
0x00007ff9e1d60000 - 0x00007ff9e1d7b000 	C:\WINDOWS\SYSTEM32\kernel.appcore.dll
0x00007ff9d7840000 - 0x00007ff9d784a000 	C:\Users\Coding\.vscode\extensions\redhat.java-1.56.0-win32-x64\jre\21.0.12.1-win32-x86_64\bin\jimage.dll
0x00007ff9d5b30000 - 0x00007ff9d5d7c000 	C:\WINDOWS\SYSTEM32\DBGHELP.DLL
0x00007ff9e5770000 - 0x00007ff9e5afa000 	C:\WINDOWS\System32\combase.dll
0x00007ff9e50b0000 - 0x00007ff9e5189000 	C:\WINDOWS\System32\OLEAUT32.dll
0x00007ff9cd850000 - 0x00007ff9cd88b000 	C:\WINDOWS\SYSTEM32\dbgcore.DLL
0x00007ff9e3510000 - 0x00007ff9e35bc000 	C:\WINDOWS\System32\bcryptPrimitives.dll
0x00007ff9669f0000 - 0x00007ff9669ff000 	C:\Users\Coding\.vscode\extensions\redhat.java-1.56.0-win32-x64\jre\21.0.12.1-win32-x86_64\bin\instrument.dll
0x00007ff8ea800000 - 0x00007ff8ea820000 	C:\Users\Coding\.vscode\extensions\redhat.java-1.56.0-win32-x64\jre\21.0.12.1-win32-x86_64\bin\java.dll
0x00007ff9e4320000 - 0x00007ff9e4abc000 	C:\WINDOWS\System32\SHELL32.dll
0x00007ff9e0b00000 - 0x00007ff9e13ad000 	C:\WINDOWS\SYSTEM32\windows.storage.dll
0x00007ff9e5b10000 - 0x00007ff9e5c09000 	C:\WINDOWS\System32\SHCORE.dll
0x00007ff9e4f40000 - 0x00007ff9e4fa6000 	C:\WINDOWS\System32\shlwapi.dll
0x00007ff9e3010000 - 0x00007ff9e3039000 	C:\WINDOWS\SYSTEM32\profapi.dll
0x00007ff8ea7e0000 - 0x00007ff8ea7f8000 	C:\Users\Coding\.vscode\extensions\redhat.java-1.56.0-win32-x64\jre\21.0.12.1-win32-x86_64\bin\zip.dll
0x00007ff96ab00000 - 0x00007ff96ab10000 	C:\Users\Coding\.vscode\extensions\redhat.java-1.56.0-win32-x64\jre\21.0.12.1-win32-x86_64\bin\net.dll
0x00007ff9dbd20000 - 0x00007ff9dbe4a000 	C:\WINDOWS\SYSTEM32\WINHTTP.dll
0x00007ff9e2300000 - 0x00007ff9e236c000 	C:\WINDOWS\system32\mswsock.dll
0x00007ff8e9c80000 - 0x00007ff8e9c96000 	C:\Users\Coding\.vscode\extensions\redhat.java-1.56.0-win32-x64\jre\21.0.12.1-win32-x86_64\bin\nio.dll
0x00007ff962f20000 - 0x00007ff962f30000 	C:\Users\Coding\.vscode\extensions\redhat.java-1.56.0-win32-x64\jre\21.0.12.1-win32-x86_64\bin\verify.dll
0x00007ff9d4590000 - 0x00007ff9d45b7000 	C:\Users\Coding\.gradle\native\660c5614fbf4a5f2a75b1949f50a0caf5cd603558e7d8a26e50b933a0cfb79d1\windows-amd64\native-platform.dll
0x00007ff9db600000 - 0x00007ff9db677000 	C:\Users\Coding\.gradle\native\0.2.8\x86_64-windows-gnu\gradle-fileevents.dll
0x00007ff968940000 - 0x00007ff96894a000 	C:\Users\Coding\.vscode\extensions\redhat.java-1.56.0-win32-x64\jre\21.0.12.1-win32-x86_64\bin\management.dll
0x00007ff968930000 - 0x00007ff96893c000 	C:\Users\Coding\.vscode\extensions\redhat.java-1.56.0-win32-x64\jre\21.0.12.1-win32-x86_64\bin\management_ext.dll
0x00007ff9e5400000 - 0x00007ff9e5408000 	C:\WINDOWS\System32\PSAPI.DLL
0x00007ff9e1710000 - 0x00007ff9e1743000 	C:\WINDOWS\SYSTEM32\IPHLPAPI.DLL
0x00007ff9e4ed0000 - 0x00007ff9e4eda000 	C:\WINDOWS\System32\NSI.dll
0x00007ff9689d0000 - 0x00007ff9689d9000 	C:\Users\Coding\.vscode\extensions\redhat.java-1.56.0-win32-x64\jre\21.0.12.1-win32-x86_64\bin\extnet.dll
0x00007ff9e2740000 - 0x00007ff9e275b000 	C:\WINDOWS\SYSTEM32\CRYPTSP.dll
0x00007ff9e1cc0000 - 0x00007ff9e1cf9000 	C:\WINDOWS\system32\rsaenh.dll
0x00007ff9e23b0000 - 0x00007ff9e23e4000 	C:\WINDOWS\SYSTEM32\USERENV.dll
0x00007ff9e2fe0000 - 0x00007ff9e300a000 	C:\WINDOWS\SYSTEM32\bcrypt.dll
0x00007ff9e2560000 - 0x00007ff9e256c000 	C:\WINDOWS\SYSTEM32\CRYPTBASE.dll
0x00007ff96a3d0000 - 0x00007ff96a3de000 	C:\Users\Coding\.vscode\extensions\redhat.java-1.56.0-win32-x64\jre\21.0.12.1-win32-x86_64\bin\sunmscapi.dll
0x00007ff9e3250000 - 0x00007ff9e33cf000 	C:\WINDOWS\System32\CRYPT32.dll
0x00007ff9e28b0000 - 0x00007ff9e28e0000 	C:\WINDOWS\SYSTEM32\ncrypt.dll
0x00007ff9e2860000 - 0x00007ff9e289f000 	C:\WINDOWS\SYSTEM32\NTASN1.dll
0x00007ff983db0000 - 0x00007ff983db8000 	C:\WINDOWS\system32\wshunix.dll

JVMTI agents:
C:\Users\Coding\.gradle\wrapper\dists\gradle-9.7.1-bin\1w1c7tv4s851m17nbqdsro2tv\gradle-9.7.1\lib\agents\gradle-instrumentation-agent-9.7.1.jar path:C:\Users\Coding\.vscode\extensions\redhat.java-1.56.0-win32-x64\jre\21.0.12.1-win32-x86_64\bin\instrument.dll, loaded, initialized, instrumentlib options:none

dbghelp: loaded successfully - version: 4.0.5 - missing functions: none
symbol engine: initialized successfully - sym options: 0x614 - pdb path: .;C:\Users\Coding\.vscode\extensions\redhat.java-1.56.0-win32-x64\jre\21.0.12.1-win32-x86_64\bin;C:\WINDOWS\SYSTEM32;C:\WINDOWS\WinSxS\amd64_microsoft.windows.common-controls_6595b64144ccf1df_6.0.26100.9549_none_3e0a0396e3330090;C:\Users\Coding\.vscode\extensions\redhat.java-1.56.0-win32-x64\jre\21.0.12.1-win32-x86_64\bin\server;C:\Users\Coding\.gradle\native\660c5614fbf4a5f2a75b1949f50a0caf5cd603558e7d8a26e50b933a0cfb79d1\windows-amd64;C:\Users\Coding\.gradle\native\0.2.8\x86_64-windows-gnu

VM Arguments:
jvm_args: --add-opens=java.base/java.lang=ALL-UNNAMED --add-opens=java.base/java.lang.invoke=ALL-UNNAMED --add-opens=java.base/java.util=ALL-UNNAMED --add-opens=java.prefs/java.util.prefs=ALL-UNNAMED --add-exports=jdk.compiler/com.sun.tools.javac.api=ALL-UNNAMED --add-exports=jdk.compiler/com.sun.tools.javac.util=ALL-UNNAMED --add-opens=java.base/java.nio.charset=ALL-UNNAMED --add-opens=java.base/java.net=ALL-UNNAMED --add-opens=java.base/java.util.concurrent=ALL-UNNAMED --add-opens=java.base/java.util.concurrent.atomic=ALL-UNNAMED --add-opens=java.xml/javax.xml.namespace=ALL-UNNAMED --add-opens=java.base/java.time=ALL-UNNAMED -Dfile.encoding=UTF-8 -Duser.country=KR -Duser.language=ko -Duser.variant -javaagent:C:\Users\Coding\.gradle\wrapper\dists\gradle-9.7.1-bin\1w1c7tv4s851m17nbqdsro2tv\gradle-9.7.1\lib\agents\gradle-instrumentation-agent-9.7.1.jar 
java_command: org.gradle.launcher.daemon.bootstrap.GradleDaemon 9.7.1
java_class_path (initial): C:\Users\Coding\.gradle\wrapper\dists\gradle-9.7.1-bin\1w1c7tv4s851m17nbqdsro2tv\gradle-9.7.1\lib\gradle-daemon-main-9.7.1.jar
Launcher Type: SUN_STANDARD

[Global flags]
     intx CICompilerCount                          = 4                                         {product} {ergonomic}
     uint ConcGCThreads                            = 3                                         {product} {ergonomic}
     uint G1ConcRefinementThreads                  = 10                                        {product} {ergonomic}
   size_t G1HeapRegionSize                         = 2097152                                   {product} {ergonomic}
    uintx GCDrainStackTargetSize                   = 64                                        {product} {ergonomic}
   size_t InitialHeapSize                          = 260046848                                 {product} {ergonomic}
   size_t MarkStackSize                            = 4194304                                   {product} {ergonomic}
   size_t MaxHeapSize                              = 4135583744                                {product} {ergonomic}
   size_t MaxNewSize                               = 2480930816                                {product} {ergonomic}
   size_t MinHeapDeltaBytes                        = 2097152                                   {product} {ergonomic}
   size_t MinHeapSize                              = 8388608                                   {product} {ergonomic}
    uintx NonNMethodCodeHeapSize                   = 5839372                                {pd product} {ergonomic}
    uintx NonProfiledCodeHeapSize                  = 122909434                              {pd product} {ergonomic}
    uintx ProfiledCodeHeapSize                     = 122909434                              {pd product} {ergonomic}
    uintx ReservedCodeCacheSize                    = 251658240                              {pd product} {ergonomic}
     bool SegmentedCodeCache                       = true                                      {product} {ergonomic}
   size_t SoftMaxHeapSize                          = 4135583744                             {manageable} {ergonomic}
     bool UseCompressedOops                        = true                           {product lp64_product} {ergonomic}
     bool UseG1GC                                  = true                                      {product} {ergonomic}
     bool UseLargePagesIndividualAllocation        = false                                  {pd product} {ergonomic}

Logging:
Log output configuration:
 #0: stdout all=warning uptime,level,tags foldmultilines=false
 #1: stderr all=off uptime,level,tags foldmultilines=false

Release file:
JAVA_VERSION="21.0.12.1" 
MODULES="java.base java.compiler java.datatransfer java.xml java.prefs java.desktop java.instrument java.logging java.management java.security.sasl java.naming java.rmi java.management.rmi java.net.http java.scripting java.security.jgss java.transaction.xa java.sql java.sql.rowset java.xml.crypto java.se java.smartcardio jdk.accessibility jdk.internal.jvmstat jdk.attach jdk.charsets jdk.internal.opt jdk.zipfs jdk.compiler jdk.crypto.ec jdk.crypto.cryptoki jdk.crypto.mscapi jdk.dynalink jdk.internal.ed jdk.editpad jdk.hotspot.agent jdk.httpserver jdk.internal.le jdk.internal.vm.ci jdk.internal.vm.compiler jdk.internal.vm.compiler.management jdk.jartool jdk.javadoc jdk.jcmd jdk.management jdk.management.agent jdk.jconsole jdk.jdeps jdk.jdwp.agent jdk.jdi jdk.jfr jdk.jshell jdk.jsobject jdk.jstatd jdk.localedata jdk.management.jfr jdk.naming.dns jdk.naming.rmi jdk.net jdk.nio.mapmode jdk.random jdk.sctp jdk.security.auth jdk.security.jgss jdk.unsupported jdk.unsupported.desktop jdk.xml.dom" 

Environment Variables:
JAVA_HOME=C:\Users\Coding\AppData\Local\Programs\Eclipse Adoptium\jdk-17.0.7.7-hotspot\
PATH=C:\app\Coding\product\21c\dbhomeXE\bin;c:\Users\Coding\AppData\Local\Programs\cursor\resources\app\bin;C:\oracle\app\oracle\product\19.0.0.0\db_1\bin;C:\WINDOWS\system32;C:\WINDOWS;C:\WINDOWS\System32\Wbem;C:\WINDOWS\System32\WindowsPowerShell\v1.0\;C:\WINDOWS\System32\OpenSSH\;C:\Program Files\Bandizip\;C:\Program Files\Git\cmd;C:\Users\Coding\AppData\Local\Programs\Python\Python313\Scripts\;C:\Users\Coding\AppData\Local\Programs\Python\Python313\;C:\Users\Coding\AppData\Local\Programs\Python\Launcher\;C:\Users\Coding\AppData\Local\Programs\Eclipse Adoptium\jdk-17.0.7.7-hotspot\bin;C:\Users\Coding\AppData\Local\Microsoft\WindowsApps;C:\Users\Coding\AppData\Roaming\npm;C:\Program Files\JetBrains\IntelliJ IDEA Community Edition 2024.2.0.2\bin;C:\Users\Coding\AppData\Local\Programs\cursor\resources\app\bin;c:\Users\Coding\AppData\Local\Programs\cursor\resources\app\bin;C:\Users\Coding\AppData\Local\nvm;C:\nvm4w\nodejs;C:\Program Files\cursor\resources\app\bin;C:\Program Files\GitHub CLI\;C:\Users\Coding\AppData\Local\Programs\Microsoft VS Code\bin;C:\Users\Coding\AppData\Local\nvm;C:\nvm4w\nodejs;C:\Users\Coding\AppData\Local\JetBrains\Toolbox\scripts
USERNAME=Coding
OS=Windows_NT
PROCESSOR_IDENTIFIER=AMD64 Family 25 Model 80 Stepping 0, AuthenticAMD
TMP=C:\Users\Coding\AppData\Local\Temp
TEMP=C:\Users\Coding\AppData\Local\Temp




Periodic native trim disabled

---------------  S Y S T E M  ---------------

OS:
 Windows 11 , 64 bit Build 26100 (10.0.26100.9549)
OS uptime: 0 days 1:50 hours
Hyper-V role detected

CPU: total 12 (initial active 12) (12 cores per cpu, 2 threads per core) family 25 model 80 stepping 0 microcode 0xa50000c, cx8, cmov, fxsr, ht, mmx, 3dnowpref, sse, sse2, sse3, ssse3, sse4a, sse4.1, sse4.2, popcnt, lzcnt, tsc, tscinvbit, avx, avx2, aes, erms, clmul, bmi1, bmi2, adx, sha, fma, vzeroupper, clflush, clflushopt, hv, rdtscp, rdpid, fsrm, f16c, cet_ss
Processor Information for the first 12 processors :
  Max Mhz: 2301, Current Mhz: 2301, Mhz Limit: 2301

Memory: 4k page, system-wide physical 15774M (383M free)
TotalPageFile size 64926M (AvailPageFile size 1748M)
current process WorkingSet (physical memory assigned to process): 104M, peak: 171M
current process commit charge ("private bytes"): 246M, peak: 418M

vm_info: OpenJDK 64-Bit Server VM (21.0.12.1+1-LTS) for windows-amd64 JRE (21.0.12.1+1-LTS), built on 2026-08-18T00:00:00Z by "admin" with MS VC++ 17.12 (VS2022)

END.
