#
# There is insufficient memory for the Java Runtime Environment to continue.
# Native memory allocation (malloc) failed to allocate 456816 bytes. Error detail: Chunk::new
# Possible reasons:
#   The system is out of physical RAM or swap space
#   This process is running with CompressedOops enabled, and the Java Heap may be blocking the growth of the native heap
# Possible solutions:
#   Reduce memory load on the system
#   Increase physical memory or swap space
#   Check if swap backing store is full
#   Decrease Java heap size (-Xmx/-Xms)
#   Decrease number of Java threads
#   Decrease Java thread stack sizes (-Xss)
#   Set larger code cache with -XX:ReservedCodeCacheSize=
#   JVM is running with Zero Based Compressed Oops mode in which the Java heap is
#     placed in the first 32GB address space. The Java Heap base address is the
#     maximum limit for the native heap growth. Please use -XX:HeapBaseMinAddress
#     to set the Java Heap base and to place the Java Heap above 32GB virtual address.
# This output file may be truncated or incomplete.
#
#  Out of Memory Error (arena.cpp:168), pid=31120, tid=35656
#
# JRE version: OpenJDK Runtime Environment Temurin-21.0.12.1+1 (21.0.12.1+1) (build 21.0.12.1+1-LTS)
# Java VM: OpenJDK 64-Bit Server VM Temurin-21.0.12.1+1 (21.0.12.1+1-LTS, mixed mode, sharing, tiered, compressed oops, compressed class ptrs, g1 gc, windows-amd64)
# No core dump will be written. Minidumps are not enabled by default on client versions of Windows
#

---------------  S U M M A R Y ------------

Command Line: --add-opens=java.base/java.lang=ALL-UNNAMED --add-opens=java.base/java.lang.invoke=ALL-UNNAMED --add-opens=java.base/java.util=ALL-UNNAMED --add-opens=java.prefs/java.util.prefs=ALL-UNNAMED --add-exports=jdk.compiler/com.sun.tools.javac.api=ALL-UNNAMED --add-exports=jdk.compiler/com.sun.tools.javac.util=ALL-UNNAMED --add-opens=java.base/java.nio.charset=ALL-UNNAMED --add-opens=java.base/java.net=ALL-UNNAMED --add-opens=java.base/java.util.concurrent=ALL-UNNAMED --add-opens=java.base/java.util.concurrent.atomic=ALL-UNNAMED --add-opens=java.xml/javax.xml.namespace=ALL-UNNAMED --add-opens=java.base/java.time=ALL-UNNAMED -Dfile.encoding=UTF-8 -Duser.country=KR -Duser.language=ko -Duser.variant -javaagent:C:\Users\Coding\.gradle\wrapper\dists\gradle-9.7.1-bin\1w1c7tv4s851m17nbqdsro2tv\gradle-9.7.1\lib\agents\gradle-instrumentation-agent-9.7.1.jar org.gradle.launcher.daemon.bootstrap.GradleDaemon 9.7.1

Host: AMD Ryzen 5 5560U with Radeon Graphics         , 12 cores, 15G,  Windows 11 , 64 bit Build 26100 (10.0.26100.9549)
Time: Wed Oct  7 17:00:26 2026 elapsed time: 1864.263704 seconds (0d 0h 31m 4s)

---------------  T H R E A D  ---------------

Current thread (0x000001a8fe21aa10):  JavaThread "C2 CompilerThread0" daemon [_thread_in_native, id=35656, stack(0x0000006d4b300000,0x0000006d4b400000) (1024K)]


Current CompileTask:
C2:1864264 10242       4       org.gradle.util.internal.CollectionUtils::collect (53 bytes)

Stack: [0x0000006d4b300000,0x0000006d4b400000]
Native frames: (J=compiled Java code, j=interpreted, Vv=VM code, C=native code)
V  [jvm.dll+0x6d83e9]
V  [jvm.dll+0x8b5736]
V  [jvm.dll+0x8b7cee]
V  [jvm.dll+0x8b83d3]
V  [jvm.dll+0x284596]
V  [jvm.dll+0xc685d]
V  [jvm.dll+0xc6da1]
V  [jvm.dll+0x2fb5ae]
V  [jvm.dll+0x5fee94]
V  [jvm.dll+0x255d67]
V  [jvm.dll+0x25612d]
V  [jvm.dll+0x24e6a0]
V  [jvm.dll+0x24bbe6]
V  [jvm.dll+0x1cb4ae]
V  [jvm.dll+0x25baad]
V  [jvm.dll+0x25a03a]
V  [jvm.dll+0x3f8aae]
V  [jvm.dll+0x8600cd]
V  [jvm.dll+0x6d6c1d]
C  [ucrtbase.dll+0x2cd30]
C  [KERNEL32.DLL+0x2cdf7]
C  [ntdll.dll+0x7ee4c]


---------------  P R O C E S S  ---------------

Threads class SMR info:
_java_thread_list=0x000001a8c856b410, length=39, elements={
0x000001a8e1de36b0, 0x000001a8fe2122e0, 0x000001a8fe2138b0, 0x000001a8fe214310,
0x000001a8fe216d80, 0x000001a8fe2177e0, 0x000001a8fe219c80, 0x000001a8fe21aa10,
0x000001a8fe2201e0, 0x000001a8fe4bd8b0, 0x000001a8fe515120, 0x000001a8c5272970,
0x000001a8c54620d0, 0x000001a8c5a2cf40, 0x000001a8c57277f0, 0x000001a8c5727e80,
0x000001a8c5724a00, 0x000001a8c5e09600, 0x000001a8c5e088e0, 0x000001a8c5e0a320,
0x000001a8c5e0f870, 0x000001a8c5e0ca80, 0x000001a8c5e0de30, 0x000001a8c7027bb0,
0x000001a8c7028240, 0x000001a8c702d790, 0x000001a8c5e0bd60, 0x000001a8c5e0d110,
0x000001a8c7b862c0, 0x000001a8c5c3fb60, 0x000001a8c5c415a0, 0x000001a8c5c3ee40,
0x000001a8c5c41c30, 0x000001a8c7b88a20, 0x000001a8c7b87d00, 0x000001a8c7b855a0,
0x000001a8c7b85c30, 0x000001a8c7b8b810, 0x000001a8c702bd50
}

Java Threads: ( => current thread )
  0x000001a8e1de36b0 JavaThread "main"                              [_thread_blocked, id=34352, stack(0x0000006d4a500000,0x0000006d4a600000) (1024K)]
  0x000001a8fe2122e0 JavaThread "Reference Handler"          daemon [_thread_blocked, id=33740, stack(0x0000006d4ad00000,0x0000006d4ae00000) (1024K)]
  0x000001a8fe2138b0 JavaThread "Finalizer"                  daemon [_thread_blocked, id=31272, stack(0x0000006d4ae00000,0x0000006d4af00000) (1024K)]
  0x000001a8fe214310 JavaThread "Signal Dispatcher"          daemon [_thread_blocked, id=30912, stack(0x0000006d4af00000,0x0000006d4b000000) (1024K)]
  0x000001a8fe216d80 JavaThread "Attach Listener"            daemon [_thread_blocked, id=27964, stack(0x0000006d4b000000,0x0000006d4b100000) (1024K)]
  0x000001a8fe2177e0 JavaThread "Service Thread"             daemon [_thread_blocked, id=29620, stack(0x0000006d4b100000,0x0000006d4b200000) (1024K)]
  0x000001a8fe219c80 JavaThread "Monitor Deflation Thread"   daemon [_thread_blocked, id=31540, stack(0x0000006d4b200000,0x0000006d4b300000) (1024K)]
=>0x000001a8fe21aa10 JavaThread "C2 CompilerThread0"         daemon [_thread_in_native, id=35656, stack(0x0000006d4b300000,0x0000006d4b400000) (1024K)]
  0x000001a8fe2201e0 JavaThread "C1 CompilerThread0"         daemon [_thread_blocked, id=32744, stack(0x0000006d4b400000,0x0000006d4b500000) (1024K)]
  0x000001a8fe4bd8b0 JavaThread "Common-Cleaner"             daemon [_thread_blocked, id=30724, stack(0x0000006d4b500000,0x0000006d4b600000) (1024K)]
  0x000001a8fe515120 JavaThread "Notification Thread"        daemon [_thread_blocked, id=31424, stack(0x0000006d4b600000,0x0000006d4b700000) (1024K)]
  0x000001a8c5272970 JavaThread "Daemon health stats"               [_thread_blocked, id=31016, stack(0x0000006d4bc00000,0x0000006d4bd00000) (1024K)]
  0x000001a8c54620d0 JavaThread "Incoming local TCP Connector on port 55222"        [_thread_in_native, id=27824, stack(0x0000006d4b700000,0x0000006d4b800000) (1024K)]
  0x000001a8c5a2cf40 JavaThread "Daemon periodic checks"            [_thread_blocked, id=28228, stack(0x0000006d4bd00000,0x0000006d4be00000) (1024K)]
  0x000001a8c57277f0 JavaThread "Cache worker for journal cache (C:\Users\Coding\.gradle\caches\journal-1)"        [_thread_blocked, id=35784, stack(0x0000006d4c500000,0x0000006d4c600000) (1024K)]
  0x000001a8c5727e80 JavaThread "File lock request listener"        [_thread_in_native, id=35796, stack(0x0000006d4c600000,0x0000006d4c700000) (1024K)]
  0x000001a8c5724a00 JavaThread "Cache worker for file hash cache (C:\Users\Coding\.gradle\caches\9.7.1\fileHashes)"        [_thread_blocked, id=31820, stack(0x0000006d4c800000,0x0000006d4c900000) (1024K)]
  0x000001a8c5e09600 JavaThread "File watcher server"        daemon [_thread_in_native, id=35728, stack(0x0000006d4d200000,0x0000006d4d300000) (1024K)]
  0x000001a8c5e088e0 JavaThread "File watcher consumer"      daemon [_thread_blocked, id=35732, stack(0x0000006d4d300000,0x0000006d4d400000) (1024K)]
  0x000001a8c5e0a320 JavaThread "Cache worker for file content cache (C:\Users\Coding\.gradle\caches\9.7.1\fileContent)"        [_thread_blocked, id=34736, stack(0x0000006d4d400000,0x0000006d4d500000) (1024K)]
  0x000001a8c5e0f870 JavaThread "jar transforms"                    [_thread_blocked, id=29904, stack(0x0000006d4d800000,0x0000006d4d900000) (1024K)]
  0x000001a8c5e0ca80 JavaThread "jar transforms Thread 2"           [_thread_blocked, id=35176, stack(0x0000006d4d900000,0x0000006d4da00000) (1024K)]
  0x000001a8c5e0de30 JavaThread "jar transforms Thread 3"           [_thread_blocked, id=30308, stack(0x0000006d4da00000,0x0000006d4db00000) (1024K)]
  0x000001a8c7027bb0 JavaThread "Memory manager"                    [_thread_blocked, id=33904, stack(0x0000006d4e800000,0x0000006d4e900000) (1024K)]
  0x000001a8c7028240 JavaThread "jar transforms Thread 4"           [_thread_blocked, id=34760, stack(0x0000006d4e700000,0x0000006d4e800000) (1024K)]
  0x000001a8c702d790 JavaThread "Daemon Thread 7"                   [_thread_blocked, id=45648, stack(0x0000006d4c700000,0x0000006d4c800000) (1024K)]
  0x000001a8c5e0bd60 JavaThread "Daemon Thread 12"                  [_thread_blocked, id=46100, stack(0x0000006d4df00000,0x0000006d4e000000) (1024K)]
  0x000001a8c5e0d110 JavaThread "Daemon Thread 13"                  [_thread_blocked, id=46112, stack(0x0000006d4e100000,0x0000006d4e200000) (1024K)]
  0x000001a8c7b862c0 JavaThread "Daemon Thread 16"                  [_thread_blocked, id=46168, stack(0x0000006d4ed00000,0x0000006d4ee00000) (1024K)]
  0x000001a8c5c3fb60 JavaThread "Daemon worker Thread 2"            [_thread_blocked, id=46304, stack(0x0000006d50600000,0x0000006d50700000) (1024K)]
  0x000001a8c5c415a0 JavaThread "VFS cleanup Thread 7"              [_thread_blocked, id=46344, stack(0x0000006d50c00000,0x0000006d50d00000) (1024K)]
  0x000001a8c5c3ee40 JavaThread "VFS cleanup Thread 8"              [_thread_blocked, id=46348, stack(0x0000006d4ec00000,0x0000006d4ed00000) (1024K)]
  0x000001a8c5c41c30 JavaThread "VFS cleanup Thread 9"              [_thread_blocked, id=46352, stack(0x0000006d4ee00000,0x0000006d4ef00000) (1024K)]
  0x000001a8c7b88a20 JavaThread "VFS cleanup Thread 14"             [_thread_in_native, id=46376, stack(0x0000006d4f500000,0x0000006d4f600000) (1024K)]
  0x000001a8c7b87d00 JavaThread "VFS cleanup Thread 16"             [_thread_blocked, id=46384, stack(0x0000006d4ea00000,0x0000006d4eb00000) (1024K)]
  0x000001a8c7b855a0 JavaThread "VFS cleanup Thread 17"             [_thread_blocked, id=46388, stack(0x0000006d4c000000,0x0000006d4c100000) (1024K)]
  0x000001a8c7b85c30 JavaThread "VFS cleanup Thread 18"             [_thread_blocked, id=46404, stack(0x0000006d4c400000,0x0000006d4c500000) (1024K)]
  0x000001a8c7b8b810 JavaThread "jar transforms Thread 5"           [_thread_blocked, id=51784, stack(0x0000006d4e000000,0x0000006d4e100000) (1024K)]
  0x000001a8c702bd50 JavaThread "jar transforms Thread 6"           [_thread_blocked, id=51904, stack(0x0000006d4e400000,0x0000006d4e500000) (1024K)]
Total: 39

Other Threads:
  0x000001a8fe1f11e0 VMThread "VM Thread"                           [id=28960, stack(0x0000006d4ac00000,0x0000006d4ad00000) (1024K)]
  0x000001a8fe1deac0 WatcherThread "VM Periodic Task Thread"        [id=33448, stack(0x0000006d4ab00000,0x0000006d4ac00000) (1024K)]
  0x000001a8e4188340 WorkerThread "GC Thread#0"                     [id=28780, stack(0x0000006d4a600000,0x0000006d4a700000) (1024K)]
  0x000001a8fee864b0 WorkerThread "GC Thread#1"                     [id=33772, stack(0x0000006d4b800000,0x0000006d4b900000) (1024K)]
  0x000001a8fee86860 WorkerThread "GC Thread#2"                     [id=27100, stack(0x0000006d4b900000,0x0000006d4ba00000) (1024K)]
  0x000001a8fee86c10 WorkerThread "GC Thread#3"                     [id=27532, stack(0x0000006d4ba00000,0x0000006d4bb00000) (1024K)]
  0x000001a8fee86fc0 WorkerThread "GC Thread#4"                     [id=32924, stack(0x0000006d4bb00000,0x0000006d4bc00000) (1024K)]
  0x000001a8fe765680 WorkerThread "GC Thread#5"                     [id=28816, stack(0x0000006d4cb00000,0x0000006d4cc00000) (1024K)]
  0x000001a8fe765a30 WorkerThread "GC Thread#6"                     [id=35740, stack(0x0000006d4cc00000,0x0000006d4cd00000) (1024K)]
  0x000001a8c9679700 WorkerThread "GC Thread#7"                     [id=30648, stack(0x0000006d4cd00000,0x0000006d4ce00000) (1024K)]
  0x000001a8c9679ab0 WorkerThread "GC Thread#8"                     [id=34812, stack(0x0000006d4ce00000,0x0000006d4cf00000) (1024K)]
  0x000001a8c9679e60 WorkerThread "GC Thread#9"                     [id=22524, stack(0x0000006d4cf00000,0x0000006d4d000000) (1024K)]
  0x000001a8e41987c0 ConcurrentGCThread "G1 Main Marker"            [id=34348, stack(0x0000006d4a700000,0x0000006d4a800000) (1024K)]
  0x000001a8e41990e0 WorkerThread "G1 Conc#0"                       [id=29796, stack(0x0000006d4a800000,0x0000006d4a900000) (1024K)]
  0x000001a8c9678bf0 WorkerThread "G1 Conc#1"                       [id=4028, stack(0x0000006d4d000000,0x0000006d4d100000) (1024K)]
  0x000001a8c967bf90 WorkerThread "G1 Conc#2"                       [id=9004, stack(0x0000006d4d100000,0x0000006d4d200000) (1024K)]
  0x000001a8fe0ae8b0 ConcurrentGCThread "G1 Refine#0"               [id=34396, stack(0x0000006d4a900000,0x0000006d4aa00000) (1024K)]
  0x000001a8fe0af240 ConcurrentGCThread "G1 Service"                [id=33424, stack(0x0000006d4aa00000,0x0000006d4ab00000) (1024K)]
Total: 18

Threads with active compile tasks:
C2 CompilerThread0  1869723 10242       4       org.gradle.util.internal.CollectionUtils::collect (53 bytes)
Total: 1

VM state: not at safepoint (normal execution)

VM Mutex/Monitor currently owned by a thread: None

Heap address: 0x0000000709800000, size: 3944 MB, Compressed Oops mode: Zero based, Oop shift amount: 3

CDS archive(s) mapped at: [0x000001a880000000-0x000001a880ba0000-0x000001a880ba0000), size 12189696, SharedBaseAddress: 0x000001a880000000, ArchiveRelocationMode: 1.
Compressed class space mapped at: 0x000001a881000000-0x000001a8c1000000, reserved size: 1073741824
Narrow klass base: 0x000001a880000000, Narrow klass shift: 0, Narrow klass range: 0x100000000

GC Precious Log:
 CardTable entry size: 512
 Card Set container configuration: InlinePtr #cards 4 size 8 Array Of Cards #cards 16 size 48 Howl #buckets 8 coarsen threshold 3686 Howl Bitmap #cards 512 size 80 coarsen threshold 460 Card regions per heap region 1 cards per card region 4096
 CPUs: 12 total, 12 available
 Memory: 15774M
 Large Page Support: Disabled
 NUMA Support: Disabled
 Compressed Oops: Enabled (Zero based)
 Heap Region Size: 2M
 Heap Min Capacity: 8M
 Heap Initial Capacity: 248M
 Heap Max Capacity: 3944M
 Pre-touch: Disabled
 Parallel Workers: 10
 Concurrent Workers: 3
 Concurrent Refinement Workers: 10
 Periodic GC: Disabled

Heap:
 garbage-first heap   total 108544K, used 81341K [0x0000000709800000, 0x0000000800000000)
  region size 2048K, 17 young (34816K), 3 survivors (6144K)
 Metaspace       used 60951K, committed 63296K, reserved 1114112K
  class space    used 9073K, committed 10240K, reserved 1048576K

Heap Regions: E=young(eden), S=young(survivor), O=old, HS=humongous(starts), HC=humongous(continues), CS=collection set, F=free, TAMS=top-at-mark-start, PB=parsable bottom
|   0|0x0000000709800000, 0x0000000709a00000, 0x0000000709a00000|100%|HS|  |TAMS 0x0000000709800000| PB 0x0000000709800000| Complete 
|   1|0x0000000709a00000, 0x0000000709c00000, 0x0000000709c00000|100%|HC|  |TAMS 0x0000000709a00000| PB 0x0000000709a00000| Complete 
|   2|0x0000000709c00000, 0x0000000709e00000, 0x0000000709e00000|100%| O|  |TAMS 0x0000000709c00000| PB 0x0000000709c00000| Untracked 
|   3|0x0000000709e00000, 0x000000070a000000, 0x000000070a000000|100%| O|  |TAMS 0x0000000709e00000| PB 0x0000000709e00000| Untracked 
|   4|0x000000070a000000, 0x000000070a200000, 0x000000070a200000|100%| O|  |TAMS 0x000000070a000000| PB 0x000000070a000000| Untracked 
|   5|0x000000070a200000, 0x000000070a400000, 0x000000070a400000|100%| O|  |TAMS 0x000000070a200000| PB 0x000000070a200000| Untracked 
|   6|0x000000070a400000, 0x000000070a600000, 0x000000070a600000|100%| O|  |TAMS 0x000000070a400000| PB 0x000000070a400000| Untracked 
|   7|0x000000070a600000, 0x000000070a800000, 0x000000070a800000|100%| O|  |TAMS 0x000000070a600000| PB 0x000000070a600000| Untracked 
|   8|0x000000070a800000, 0x000000070aa00000, 0x000000070aa00000|100%| O|  |TAMS 0x000000070a800000| PB 0x000000070a800000| Untracked 
|   9|0x000000070aa00000, 0x000000070ac00000, 0x000000070ac00000|100%| O|  |TAMS 0x000000070aa00000| PB 0x000000070aa00000| Untracked 
|  10|0x000000070ac00000, 0x000000070ae00000, 0x000000070ae00000|100%| O|  |TAMS 0x000000070ac00000| PB 0x000000070ac00000| Untracked 
|  11|0x000000070ae00000, 0x000000070b000000, 0x000000070b000000|100%| O|  |TAMS 0x000000070ae00000| PB 0x000000070ae00000| Untracked 
|  12|0x000000070b000000, 0x000000070b200000, 0x000000070b200000|100%| O|  |TAMS 0x000000070b000000| PB 0x000000070b000000| Untracked 
|  13|0x000000070b200000, 0x000000070b400000, 0x000000070b400000|100%| O|  |TAMS 0x000000070b200000| PB 0x000000070b200000| Untracked 
|  14|0x000000070b400000, 0x000000070b600000, 0x000000070b600000|100%| O|  |TAMS 0x000000070b400000| PB 0x000000070b400000| Untracked 
|  15|0x000000070b600000, 0x000000070b800000, 0x000000070b800000|100%| O|  |TAMS 0x000000070b600000| PB 0x000000070b600000| Untracked 
|  16|0x000000070b800000, 0x000000070b8d21c0, 0x000000070ba00000| 41%| O|  |TAMS 0x000000070b800000| PB 0x000000070b800000| Untracked 
|  17|0x000000070ba00000, 0x000000070bc00000, 0x000000070bc00000|100%| O|  |TAMS 0x000000070ba00000| PB 0x000000070ba00000| Untracked 
|  18|0x000000070bc00000, 0x000000070be00000, 0x000000070be00000|100%| O|Cm|TAMS 0x000000070bc00000| PB 0x000000070bc00000| Complete 
|  19|0x000000070be00000, 0x000000070be00000, 0x000000070c000000|  0%| F|  |TAMS 0x000000070be00000| PB 0x000000070be00000| Untracked 
|  20|0x000000070c000000, 0x000000070c000000, 0x000000070c200000|  0%| F|  |TAMS 0x000000070c000000| PB 0x000000070c000000| Untracked 
|  21|0x000000070c200000, 0x000000070c29d380, 0x000000070c400000| 30%| S|CS|TAMS 0x000000070c200000| PB 0x000000070c200000| Complete 
|  22|0x000000070c400000, 0x000000070c600000, 0x000000070c600000|100%| S|CS|TAMS 0x000000070c400000| PB 0x000000070c400000| Complete 
|  23|0x000000070c600000, 0x000000070c800000, 0x000000070c800000|100%| S|CS|TAMS 0x000000070c600000| PB 0x000000070c600000| Complete 
|  24|0x000000070c800000, 0x000000070c800000, 0x000000070ca00000|  0%| F|  |TAMS 0x000000070c800000| PB 0x000000070c800000| Untracked 
|  25|0x000000070ca00000, 0x000000070ca00000, 0x000000070cc00000|  0%| F|  |TAMS 0x000000070ca00000| PB 0x000000070ca00000| Untracked 
|  26|0x000000070cc00000, 0x000000070cc00000, 0x000000070ce00000|  0%| F|  |TAMS 0x000000070cc00000| PB 0x000000070cc00000| Untracked 
|  27|0x000000070ce00000, 0x000000070ce00000, 0x000000070d000000|  0%| F|  |TAMS 0x000000070ce00000| PB 0x000000070ce00000| Untracked 
|  28|0x000000070d000000, 0x000000070d000000, 0x000000070d200000|  0%| F|  |TAMS 0x000000070d000000| PB 0x000000070d000000| Untracked 
|  29|0x000000070d200000, 0x000000070d200000, 0x000000070d400000|  0%| F|  |TAMS 0x000000070d200000| PB 0x000000070d200000| Untracked 
|  30|0x000000070d400000, 0x000000070d400000, 0x000000070d600000|  0%| F|  |TAMS 0x000000070d400000| PB 0x000000070d400000| Untracked 
|  31|0x000000070d600000, 0x000000070d600000, 0x000000070d800000|  0%| F|  |TAMS 0x000000070d600000| PB 0x000000070d600000| Untracked 
|  32|0x000000070d800000, 0x000000070d800000, 0x000000070da00000|  0%| F|  |TAMS 0x000000070d800000| PB 0x000000070d800000| Untracked 
|  33|0x000000070da00000, 0x000000070db2d200, 0x000000070dc00000| 58%| E|  |TAMS 0x000000070da00000| PB 0x000000070da00000| Complete 
|  34|0x000000070dc00000, 0x000000070de00000, 0x000000070de00000|100%| E|CS|TAMS 0x000000070dc00000| PB 0x000000070dc00000| Complete 
|  35|0x000000070de00000, 0x000000070e000000, 0x000000070e000000|100%| E|CS|TAMS 0x000000070de00000| PB 0x000000070de00000| Complete 
|  36|0x000000070e000000, 0x000000070e200000, 0x000000070e200000|100%| E|CS|TAMS 0x000000070e000000| PB 0x000000070e000000| Complete 
|  37|0x000000070e200000, 0x000000070e400000, 0x000000070e400000|100%| E|CS|TAMS 0x000000070e200000| PB 0x000000070e200000| Complete 
|  55|0x0000000710600000, 0x0000000710800000, 0x0000000710800000|100%| E|CS|TAMS 0x0000000710600000| PB 0x0000000710600000| Complete 
|  56|0x0000000710800000, 0x0000000710a00000, 0x0000000710a00000|100%| E|CS|TAMS 0x0000000710800000| PB 0x0000000710800000| Complete 
|  57|0x0000000710a00000, 0x0000000710c00000, 0x0000000710c00000|100%| E|CS|TAMS 0x0000000710a00000| PB 0x0000000710a00000| Complete 
|  58|0x0000000710c00000, 0x0000000710e00000, 0x0000000710e00000|100%| E|CS|TAMS 0x0000000710c00000| PB 0x0000000710c00000| Complete 
|  59|0x0000000710e00000, 0x0000000711000000, 0x0000000711000000|100%| E|CS|TAMS 0x0000000710e00000| PB 0x0000000710e00000| Complete 
|  60|0x0000000711000000, 0x0000000711200000, 0x0000000711200000|100%| E|CS|TAMS 0x0000000711000000| PB 0x0000000711000000| Complete 
|  61|0x0000000711200000, 0x0000000711400000, 0x0000000711400000|100%| E|CS|TAMS 0x0000000711200000| PB 0x0000000711200000| Complete 
| 123|0x0000000718e00000, 0x0000000719000000, 0x0000000719000000|100%| E|CS|TAMS 0x0000000718e00000| PB 0x0000000718e00000| Complete 
|1965|0x00000007ff200000, 0x00000007ff400000, 0x00000007ff400000|100%| E|CS|TAMS 0x00000007ff200000| PB 0x00000007ff200000| Complete 
|1966|0x00000007ff400000, 0x00000007ff600000, 0x00000007ff600000|100%| O|  |TAMS 0x00000007ff400000| PB 0x00000007ff400000| Untracked 
|1967|0x00000007ff600000, 0x00000007ff800000, 0x00000007ff800000|100%| O|  |TAMS 0x00000007ff600000| PB 0x00000007ff600000| Untracked 
|1968|0x00000007ff800000, 0x00000007ffa00000, 0x00000007ffa00000|100%| O|  |TAMS 0x00000007ff800000| PB 0x00000007ff800000| Untracked 
|1969|0x00000007ffa00000, 0x00000007ffc00000, 0x00000007ffc00000|100%| O|  |TAMS 0x00000007ffa00000| PB 0x00000007ffa00000| Untracked 
|1970|0x00000007ffc00000, 0x00000007ffe00000, 0x00000007ffe00000|100%| O|  |TAMS 0x00000007ffc00000| PB 0x00000007ffc00000| Untracked 
|1971|0x00000007ffe00000, 0x0000000800000000, 0x0000000800000000|100%| O|  |TAMS 0x00000007ffe00000| PB 0x00000007ffe00000| Untracked 

Card table byte_map: [0x000001a8f7020000,0x000001a8f77e0000] _byte_map_base: 0x000001a8f37d4000

Marking Bits: (CMBitMap*) 0x000001a8e4188860
 Bits: [0x000001a8f77e0000, 0x000001a8fb580000)

Polling page: 0x000001a8e22e0000

Metaspace:

Usage:
  Non-class:     50.66 MB used.
      Class:      8.86 MB used.
       Both:     59.52 MB used.

Virtual space:
  Non-class space:       64.00 MB reserved,      51.81 MB ( 81%) committed,  1 nodes.
      Class space:        1.00 GB reserved,      10.00 MB ( <1%) committed,  1 nodes.
             Both:        1.06 GB reserved,      61.81 MB (  6%) committed. 

Chunk freelists:
   Non-Class:  11.88 MB
       Class:  5.99 MB
        Both:  17.86 MB

MaxMetaspaceSize: unlimited
CompressedClassSpaceSize: 1.00 GB
Initial GC threshold: 21.00 MB
Current GC threshold: 99.06 MB
CDS: on
 - commit_granule_bytes: 65536.
 - commit_granule_words: 8192.
 - virtual_space_node_default_size: 8388608.
 - enlarge_chunks_in_place: 1.
 - use_allocation_guard: 0.


Internal statistics:

num_allocs_failed_limit: 12.
num_arena_births: 4258.
num_arena_deaths: 0.
num_vsnodes_births: 2.
num_vsnodes_deaths: 0.
num_space_committed: 989.
num_space_uncommitted: 0.
num_chunks_returned_to_freelist: 12.
num_chunks_taken_from_freelist: 7486.
num_chunk_merges: 9.
num_chunk_splits: 4731.
num_chunks_enlarged: 2726.
num_inconsistent_stats: 0.

CodeHeap 'non-profiled nmethods': size=120000Kb used=6177Kb max_used=6177Kb free=113822Kb
 bounds [0x000001a8eede0000, 0x000001a8ef3f0000, 0x000001a8f6310000]
CodeHeap 'profiled nmethods': size=120000Kb used=18529Kb max_used=18529Kb free=101470Kb
 bounds [0x000001a8e7310000, 0x000001a8e8530000, 0x000001a8ee840000]
CodeHeap 'non-nmethods': size=5760Kb used=1904Kb max_used=1961Kb free=3855Kb
 bounds [0x000001a8ee840000, 0x000001a8eeab0000, 0x000001a8eede0000]
CodeCache: size=245760Kb, used=26610Kb, max_used=26667Kb, free=219147Kb
 total_blobs=10616, nmethods=9844, adapters=676, full_count=0
Compilation: enabled, stopped_count=0, restarted_count=0

Compilation events (20 events):
Event: 1860.219 Thread 0x000001a8fe21aa10 nmethod 10232 0x000001a8ef3dcc90 code [0x000001a8ef3dcea0, 0x000001a8ef3dd708]
Event: 1860.250 Thread 0x000001a8fe21aa10 10233       4       sun.nio.fs.WindowsFileAttributes::<init> (57 bytes)
Event: 1860.251 Thread 0x000001a8fe21aa10 nmethod 10233 0x000001a8ef3ddb10 code [0x000001a8ef3ddca0, 0x000001a8ef3ddd60]
Event: 1860.779 Thread 0x000001a8fe2201e0 10234       3       jdk.internal.misc.Unsafe::compareAndExchangeByte (114 bytes)
Event: 1860.780 Thread 0x000001a8fe2201e0 nmethod 10234 0x000001a8e84bee10 code [0x000001a8e84befe0, 0x000001a8e84bf320]
Event: 1862.241 Thread 0x000001a8fe2201e0 10236       3       java.util.stream.ReduceOps$ReduceOp::<init> (10 bytes)
Event: 1862.241 Thread 0x000001a8fe2201e0 nmethod 10236 0x000001a8e84bf410 code [0x000001a8e84bf5c0, 0x000001a8e84bf780]
Event: 1862.533 Thread 0x000001a8fe21aa10 10237       4       org.gradle.internal.service.DefaultServiceRegistry$SingletonService$$Lambda/0x000001a881036620::apply (8 bytes)
Event: 1862.539 Thread 0x000001a8fe21aa10 nmethod 10237 0x000001a8ef3de210 code [0x000001a8ef3de3e0, 0x000001a8ef3de720]
Event: 1862.849 Thread 0x000001a8fe2201e0 10238   !   3       sun.nio.ch.FileChannelImpl::release (82 bytes)
Event: 1862.850 Thread 0x000001a8fe2201e0 nmethod 10238 0x000001a8e84bf810 code [0x000001a8e84bfa40, 0x000001a8e84c0008]
Event: 1863.277 Thread 0x000001a8fe2201e0 10239       3       org.gradle.internal.dispatch.ReflectionDispatch::<init> (10 bytes)
Event: 1863.277 Thread 0x000001a8fe2201e0 nmethod 10239 0x000001a8e84c0390 code [0x000001a8e84c0540, 0x000001a8e84c0700]
Event: 1863.324 Thread 0x000001a8fe2201e0 10240       3       java.util.concurrent.atomic.AtomicReference::<init> (5 bytes)
Event: 1863.324 Thread 0x000001a8fe2201e0 nmethod 10240 0x000001a8e84c0810 code [0x000001a8e84c09c0, 0x000001a8e84c0b28]
Event: 1864.133 Thread 0x000001a8fe21aa10 10241       4       java.io.File::<init> (111 bytes)
Event: 1864.155 Thread 0x000001a8fe21aa10 nmethod 10241 0x000001a8ef3dea10 code [0x000001a8ef3dec60, 0x000001a8ef3df598]
Event: 1864.190 Thread 0x000001a8fe21aa10 10242       4       org.gradle.util.internal.CollectionUtils::collect (53 bytes)
Event: 1864.227 Thread 0x000001a8fe2201e0 10243       3       org.gradle.internal.event.DefaultListenerManager::registrationProvides (46 bytes)
Event: 1864.228 Thread 0x000001a8fe2201e0 nmethod 10243 0x000001a8e84c0c10 code [0x000001a8e84c0e20, 0x000001a8e84c1508]

GC Heap History (20 events):
Event: 17.890 GC heap before
{Heap before GC invocations=5 (full 0):
 garbage-first heap   total 108544K, used 66987K [0x0000000709800000, 0x0000000800000000)
  region size 2048K, 22 young (45056K), 2 survivors (4096K)
 Metaspace       used 34604K, committed 35968K, reserved 1114112K
  class space    used 4995K, committed 5696K, reserved 1048576K
}
Event: 17.896 GC heap after
{Heap after GC invocations=6 (full 0):
 garbage-first heap   total 108544K, used 31136K [0x0000000709800000, 0x0000000800000000)
  region size 2048K, 3 young (6144K), 3 survivors (6144K)
 Metaspace       used 34604K, committed 35968K, reserved 1114112K
  class space    used 4995K, committed 5696K, reserved 1048576K
}
Event: 18.044 GC heap before
{Heap before GC invocations=6 (full 0):
 garbage-first heap   total 108544K, used 33184K [0x0000000709800000, 0x0000000800000000)
  region size 2048K, 5 young (10240K), 3 survivors (6144K)
 Metaspace       used 34974K, committed 36288K, reserved 1114112K
  class space    used 5028K, committed 5696K, reserved 1048576K
}
Event: 18.049 GC heap after
{Heap after GC invocations=7 (full 0):
 garbage-first heap   total 108544K, used 31787K [0x0000000709800000, 0x0000000800000000)
  region size 2048K, 2 young (4096K), 2 survivors (4096K)
 Metaspace       used 34974K, committed 36288K, reserved 1114112K
  class space    used 5028K, committed 5696K, reserved 1048576K
}
Event: 28.399 GC heap before
{Heap before GC invocations=8 (full 0):
 garbage-first heap   total 108544K, used 82987K [0x0000000709800000, 0x0000000800000000)
  region size 2048K, 27 young (55296K), 2 survivors (4096K)
 Metaspace       used 41309K, committed 42944K, reserved 1114112K
  class space    used 6061K, committed 6848K, reserved 1048576K
}
Event: 28.405 GC heap after
{Heap after GC invocations=9 (full 0):
 garbage-first heap   total 108544K, used 35285K [0x0000000709800000, 0x0000000800000000)
  region size 2048K, 4 young (8192K), 4 survivors (8192K)
 Metaspace       used 41309K, committed 42944K, reserved 1114112K
  class space    used 6061K, committed 6848K, reserved 1048576K
}
Event: 33.828 GC heap before
{Heap before GC invocations=9 (full 0):
 garbage-first heap   total 108544K, used 84437K [0x0000000709800000, 0x0000000800000000)
  region size 2048K, 29 young (59392K), 4 survivors (8192K)
 Metaspace       used 46681K, committed 48576K, reserved 1114112K
  class space    used 6969K, committed 7872K, reserved 1048576K
}
Event: 33.837 GC heap after
{Heap after GC invocations=10 (full 0):
 garbage-first heap   total 108544K, used 36501K [0x0000000709800000, 0x0000000800000000)
  region size 2048K, 4 young (8192K), 4 survivors (8192K)
 Metaspace       used 46681K, committed 48576K, reserved 1114112K
  class space    used 6969K, committed 7872K, reserved 1048576K
}
Event: 36.531 GC heap before
{Heap before GC invocations=10 (full 0):
 garbage-first heap   total 108544K, used 87701K [0x0000000709800000, 0x0000000800000000)
  region size 2048K, 29 young (59392K), 4 survivors (8192K)
 Metaspace       used 51177K, committed 53312K, reserved 1114112K
  class space    used 7658K, committed 8704K, reserved 1048576K
}
Event: 36.539 GC heap after
{Heap after GC invocations=11 (full 0):
 garbage-first heap   total 108544K, used 39149K [0x0000000709800000, 0x0000000800000000)
  region size 2048K, 3 young (6144K), 3 survivors (6144K)
 Metaspace       used 51177K, committed 53312K, reserved 1114112K
  class space    used 7658K, committed 8704K, reserved 1048576K
}
Event: 41.232 GC heap before
{Heap before GC invocations=11 (full 0):
 garbage-first heap   total 108544K, used 90349K [0x0000000709800000, 0x0000000800000000)
  region size 2048K, 28 young (57344K), 3 survivors (6144K)
 Metaspace       used 54485K, committed 56704K, reserved 1114112K
  class space    used 8191K, committed 9280K, reserved 1048576K
}
Event: 41.244 GC heap after
{Heap after GC invocations=12 (full 0):
 garbage-first heap   total 108544K, used 45527K [0x0000000709800000, 0x0000000800000000)
  region size 2048K, 4 young (8192K), 4 survivors (8192K)
 Metaspace       used 54485K, committed 56704K, reserved 1114112K
  class space    used 8191K, committed 9280K, reserved 1048576K
}
Event: 42.625 GC heap before
{Heap before GC invocations=12 (full 0):
 garbage-first heap   total 108544K, used 90583K [0x0000000709800000, 0x0000000800000000)
  region size 2048K, 26 young (53248K), 4 survivors (8192K)
 Metaspace       used 57165K, committed 59392K, reserved 1114112K
  class space    used 8626K, committed 9728K, reserved 1048576K
}
Event: 42.634 GC heap after
{Heap after GC invocations=13 (full 0):
 garbage-first heap   total 108544K, used 50127K [0x0000000709800000, 0x0000000800000000)
  region size 2048K, 3 young (6144K), 3 survivors (6144K)
 Metaspace       used 57165K, committed 59392K, reserved 1114112K
  class space    used 8626K, committed 9728K, reserved 1048576K
}
Event: 1258.221 GC heap before
{Heap before GC invocations=13 (full 0):
 garbage-first heap   total 108544K, used 89039K [0x0000000709800000, 0x0000000800000000)
  region size 2048K, 23 young (47104K), 3 survivors (6144K)
 Metaspace       used 58382K, committed 60608K, reserved 1114112K
  class space    used 8762K, committed 9856K, reserved 1048576K
}
Event: 1258.239 GC heap after
{Heap after GC invocations=14 (full 0):
 garbage-first heap   total 108544K, used 51212K [0x0000000709800000, 0x0000000800000000)
  region size 2048K, 1 young (2048K), 1 survivors (2048K)
 Metaspace       used 58382K, committed 60608K, reserved 1114112K
  class space    used 8762K, committed 9856K, reserved 1048576K
}
Event: 1813.287 GC heap before
{Heap before GC invocations=14 (full 0):
 garbage-first heap   total 108544K, used 79884K [0x0000000709800000, 0x0000000800000000)
  region size 2048K, 16 young (32768K), 1 survivors (2048K)
 Metaspace       used 58566K, committed 60800K, reserved 1114112K
  class space    used 8773K, committed 9856K, reserved 1048576K
}
Event: 1813.307 GC heap after
{Heap after GC invocations=15 (full 0):
 garbage-first heap   total 108544K, used 51427K [0x0000000709800000, 0x0000000800000000)
  region size 2048K, 1 young (2048K), 1 survivors (2048K)
 Metaspace       used 58566K, committed 60800K, reserved 1114112K
  class space    used 8773K, committed 9856K, reserved 1048576K
}
Event: 1842.706 GC heap before
{Heap before GC invocations=16 (full 0):
 garbage-first heap   total 108544K, used 94435K [0x0000000709800000, 0x0000000800000000)
  region size 2048K, 23 young (47104K), 1 survivors (2048K)
 Metaspace       used 60597K, committed 62912K, reserved 1114112K
  class space    used 9069K, committed 10240K, reserved 1048576K
}
Event: 1842.733 GC heap after
{Heap after GC invocations=17 (full 0):
 garbage-first heap   total 108544K, used 54717K [0x0000000709800000, 0x0000000800000000)
  region size 2048K, 3 young (6144K), 3 survivors (6144K)
 Metaspace       used 60597K, committed 62912K, reserved 1114112K
  class space    used 9069K, committed 10240K, reserved 1048576K
}

Dll operation events (20 events):
Event: 0.333 Attempting to load shared library C:\Users\Coding\.vscode\extensions\redhat.java-1.56.0-win32-x64\jre\21.0.12.1-win32-x86_64\bin\nio.dll
Event: 0.334 Loaded shared library C:\Users\Coding\.vscode\extensions\redhat.java-1.56.0-win32-x64\jre\21.0.12.1-win32-x86_64\bin\nio.dll
Event: 0.363 Attempting to load shared library C:\Users\Coding\.vscode\extensions\redhat.java-1.56.0-win32-x64\jre\21.0.12.1-win32-x86_64\bin\zip.dll
Event: 0.363 Loaded shared library C:\Users\Coding\.vscode\extensions\redhat.java-1.56.0-win32-x64\jre\21.0.12.1-win32-x86_64\bin\zip.dll
Event: 1.325 Attempting to load shared library C:\Users\Coding\.vscode\extensions\redhat.java-1.56.0-win32-x64\jre\21.0.12.1-win32-x86_64\bin\jimage.dll
Event: 1.325 Loaded shared library C:\Users\Coding\.vscode\extensions\redhat.java-1.56.0-win32-x64\jre\21.0.12.1-win32-x86_64\bin\jimage.dll
Event: 2.236 Attempting to load shared library C:\Users\Coding\.vscode\extensions\redhat.java-1.56.0-win32-x64\jre\21.0.12.1-win32-x86_64\bin\verify.dll
Event: 2.237 Loaded shared library C:\Users\Coding\.vscode\extensions\redhat.java-1.56.0-win32-x64\jre\21.0.12.1-win32-x86_64\bin\verify.dll
Event: 2.325 Attempting to load shared library C:\Users\Coding\.gradle\native\660c5614fbf4a5f2a75b1949f50a0caf5cd603558e7d8a26e50b933a0cfb79d1\windows-amd64\native-platform.dll
Event: 2.338 Loaded shared library C:\Users\Coding\.gradle\native\660c5614fbf4a5f2a75b1949f50a0caf5cd603558e7d8a26e50b933a0cfb79d1\windows-amd64\native-platform.dll
Event: 2.408 Attempting to load shared library C:\Users\Coding\.gradle\native\0.2.8\x86_64-windows-gnu\gradle-fileevents.dll
Event: 2.410 Loaded shared library C:\Users\Coding\.gradle\native\0.2.8\x86_64-windows-gnu\gradle-fileevents.dll
Event: 6.099 Attempting to load shared library C:\Users\Coding\.vscode\extensions\redhat.java-1.56.0-win32-x64\jre\21.0.12.1-win32-x86_64\bin\management.dll
Event: 6.101 Loaded shared library C:\Users\Coding\.vscode\extensions\redhat.java-1.56.0-win32-x64\jre\21.0.12.1-win32-x86_64\bin\management.dll
Event: 6.115 Attempting to load shared library C:\Users\Coding\.vscode\extensions\redhat.java-1.56.0-win32-x64\jre\21.0.12.1-win32-x86_64\bin\management_ext.dll
Event: 6.119 Loaded shared library C:\Users\Coding\.vscode\extensions\redhat.java-1.56.0-win32-x64\jre\21.0.12.1-win32-x86_64\bin\management_ext.dll
Event: 7.024 Attempting to load shared library C:\Users\Coding\.vscode\extensions\redhat.java-1.56.0-win32-x64\jre\21.0.12.1-win32-x86_64\bin\extnet.dll
Event: 7.026 Loaded shared library C:\Users\Coding\.vscode\extensions\redhat.java-1.56.0-win32-x64\jre\21.0.12.1-win32-x86_64\bin\extnet.dll
Event: 7.890 Attempting to load shared library C:\Users\Coding\.vscode\extensions\redhat.java-1.56.0-win32-x64\jre\21.0.12.1-win32-x86_64\bin\sunmscapi.dll
Event: 7.902 Loaded shared library C:\Users\Coding\.vscode\extensions\redhat.java-1.56.0-win32-x64\jre\21.0.12.1-win32-x86_64\bin\sunmscapi.dll

Deoptimization events (20 events):
Event: 1846.801 Thread 0x000001a8c5c3fb60 Uncommon trap: trap_request=0xffffffc6 fr.pc=0x000001a8ef02b750 relative=0x0000000000000270
Event: 1846.801 Thread 0x000001a8c5c3fb60 Uncommon trap: reason=bimorphic_or_optimized_type_check action=maybe_recompile pc=0x000001a8ef02b750 method=java.util.regex.Pattern$BmpCharProperty.match(Ljava/util/regex/Matcher;ILjava/lang/CharSequence;)Z @ 19 c2
Event: 1846.801 Thread 0x000001a8c5c3fb60 DEOPT PACKING pc=0x000001a8ef02b750 sp=0x0000006d506fe0a0
Event: 1846.801 Thread 0x000001a8c5c3fb60 DEOPT UNPACKING pc=0x000001a8ee894422 sp=0x0000006d506fe038 mode 2
Event: 1848.861 Thread 0x000001a8c5c3fb60 DEOPT PACKING pc=0x000001a8e7ab9b8d sp=0x0000006d506fafb0
Event: 1848.861 Thread 0x000001a8c5c3fb60 DEOPT UNPACKING pc=0x000001a8ee894bc2 sp=0x0000006d506fa4a0 mode 0
Event: 1851.435 Thread 0x000001a8c5c3fb60 Uncommon trap: trap_request=0xffffffd6 fr.pc=0x000001a8eee3898c relative=0x00000000000003cc
Event: 1851.435 Thread 0x000001a8c5c3fb60 Uncommon trap: reason=array_check action=maybe_recompile pc=0x000001a8eee3898c method=java.util.LinkedHashMap.keysToArray([Ljava/lang/Object;Z)[Ljava/lang/Object; @ 67 c2
Event: 1851.435 Thread 0x000001a8c5c3fb60 DEOPT PACKING pc=0x000001a8eee3898c sp=0x0000006d506f74c0
Event: 1851.435 Thread 0x000001a8c5c3fb60 DEOPT UNPACKING pc=0x000001a8ee894422 sp=0x0000006d506f7460 mode 2
Event: 1853.459 Thread 0x000001a8c5c3fb60 DEOPT PACKING pc=0x000001a8e81f6c25 sp=0x0000006d506f5cf0
Event: 1853.459 Thread 0x000001a8c5c3fb60 DEOPT UNPACKING pc=0x000001a8ee894bc2 sp=0x0000006d506f5228 mode 0
Event: 1853.465 Thread 0x000001a8c5c3fb60 Uncommon trap: trap_request=0xffffffd6 fr.pc=0x000001a8ef380c04 relative=0x0000000000000ec4
Event: 1853.465 Thread 0x000001a8c5c3fb60 Uncommon trap: reason=array_check action=maybe_recompile pc=0x000001a8ef380c04 method=java.util.ComparableTimSort.binarySort([Ljava/lang/Object;III)V @ 193 c2
Event: 1853.467 Thread 0x000001a8c5c3fb60 DEOPT PACKING pc=0x000001a8ef380c04 sp=0x0000006d506f6e10
Event: 1853.467 Thread 0x000001a8c5c3fb60 DEOPT UNPACKING pc=0x000001a8ee894422 sp=0x0000006d506f6df0 mode 2
Event: 1856.564 Thread 0x000001a8c5e0bd60 Uncommon trap: trap_request=0xffffff45 fr.pc=0x000001a8ef3bf0c0 relative=0x0000000000000640
Event: 1856.564 Thread 0x000001a8c5e0bd60 Uncommon trap: reason=unstable_if action=reinterpret pc=0x000001a8ef3bf0c0 method=java.lang.ThreadLocal$ThreadLocalMap.set(Ljava/lang/ThreadLocal;Ljava/lang/Object;)V @ 53 c2
Event: 1856.564 Thread 0x000001a8c5e0bd60 DEOPT PACKING pc=0x000001a8ef3bf0c0 sp=0x0000006d4dfff1c0
Event: 1856.564 Thread 0x000001a8c5e0bd60 DEOPT UNPACKING pc=0x000001a8ee894422 sp=0x0000006d4dfff098 mode 2

Classes loaded (20 events):
Event: 1818.224 Loading class java/util/AbstractList$SubList done
Event: 1818.224 Loading class java/util/AbstractList$RandomAccessSubList done
Event: 1818.224 Loading class java/util/AbstractList$SubList$1
Event: 1818.224 Loading class java/util/AbstractList$SubList$1 done
Event: 1819.330 Loading class java/util/stream/SliceOps
Event: 1819.340 Loading class java/util/stream/SliceOps done
Event: 1819.340 Loading class java/util/stream/SliceOps$1
Event: 1819.341 Loading class java/util/stream/SliceOps$1 done
Event: 1819.344 Loading class java/util/stream/SliceOps$1$1
Event: 1819.346 Loading class java/util/stream/SliceOps$1$1 done
Event: 1819.998 Loading class java/lang/BooleanBeanInfo
Event: 1819.998 Loading class java/lang/BooleanBeanInfo done
Event: 1820.009 Loading class java/lang/BooleanBeanInfo
Event: 1820.009 Loading class java/lang/BooleanBeanInfo done
Event: 1820.009 Loading class java/lang/BooleanCustomizer
Event: 1820.009 Loading class java/lang/BooleanCustomizer done
Event: 1820.016 Loading class java/lang/BooleanCustomizer
Event: 1820.016 Loading class java/lang/BooleanCustomizer done
Event: 1820.016 Loading class jdk/internal/ValueBased
Event: 1820.016 Loading class jdk/internal/ValueBased done

Classes unloaded (0 events):
No events

Classes redefined (0 events):
No events

Internal exceptions (20 events):
Event: 1832.730 Thread 0x000001a8c7b8aaf0 Exception <a 'sun/net/ConnectionResetException'{0x000000070cea9578}: Connection reset> (0x000000070cea9578) 
thrown [s\src\hotspot\share\prims\jni.cpp, line 539]
Event: 1839.703 Thread 0x000001a8c5c3fb60 Exception <a 'sun/nio/fs/WindowsException'{0x000000070cdc4698}> (0x000000070cdc4698) 
thrown [s\src\hotspot\share\prims\jni.cpp, line 520]
Event: 1839.779 Thread 0x000001a8c5c3fb60 Exception <a 'sun/nio/fs/WindowsException'{0x000000070cdc5de8}> (0x000000070cdc5de8) 
thrown [s\src\hotspot\share\prims\jni.cpp, line 520]
Event: 1839.832 Thread 0x000001a8c5c3fb60 Exception <a 'sun/nio/fs/WindowsException'{0x000000070cdc72b8}> (0x000000070cdc72b8) 
thrown [s\src\hotspot\share\prims\jni.cpp, line 520]
Event: 1839.878 Thread 0x000001a8c5c3fb60 Exception <a 'sun/nio/fs/WindowsException'{0x000000070cdc8778}> (0x000000070cdc8778) 
thrown [s\src\hotspot\share\prims\jni.cpp, line 520]
Event: 1842.914 Thread 0x000001a8c5c3fb60 Exception <a 'java/lang/NoClassDefFoundError'{0x0000000718e0f840}: org/jetbrains/kotlin/gradle/plugin/KotlinPluginWrapper> (0x0000000718e0f840) 
thrown [s\src\hotspot\share\oops\constantPool.cpp, line 873]
Event: 1842.914 Thread 0x000001a8c5c3fb60 Exception <a 'java/lang/NoClassDefFoundError'{0x0000000718e11ef8}: org/graalvm/buildtools/gradle/NativeImagePlugin> (0x0000000718e11ef8) 
thrown [s\src\hotspot\share\oops\constantPool.cpp, line 873]
Event: 1842.914 Thread 0x000001a8c5c3fb60 Exception <a 'java/lang/NoClassDefFoundError'{0x0000000718e145a0}: org/cyclonedx/gradle/CyclonedxPlugin> (0x0000000718e145a0) 
thrown [s\src\hotspot\share\oops\constantPool.cpp, line 873]
Event: 1842.914 Thread 0x000001a8c5c3fb60 Exception <a 'java/lang/NoClassDefFoundError'{0x0000000718e16c58}: com/google/protobuf/gradle/ProtobufPlugin> (0x0000000718e16c58) 
thrown [s\src\hotspot\share\oops\constantPool.cpp, line 873]
Event: 1843.368 Thread 0x000001a8c5c3fb60 Exception <a 'sun/nio/fs/WindowsException'{0x0000000718e70cd0}> (0x0000000718e70cd0) 
thrown [s\src\hotspot\share\prims\jni.cpp, line 520]
Event: 1850.554 Thread 0x000001a8c5c3fb60 Exception <a 'sun/nio/fs/WindowsException'{0x0000000711116ec8}> (0x0000000711116ec8) 
thrown [s\src\hotspot\share\prims\jni.cpp, line 520]
Event: 1850.594 Thread 0x000001a8c5c3fb60 Exception <a 'sun/nio/fs/WindowsException'{0x00000007111183a8}> (0x00000007111183a8) 
thrown [s\src\hotspot\share\prims\jni.cpp, line 520]
Event: 1850.626 Thread 0x000001a8c5c3fb60 Exception <a 'sun/nio/fs/WindowsException'{0x0000000711119878}> (0x0000000711119878) 
thrown [s\src\hotspot\share\prims\jni.cpp, line 520]
Event: 1850.654 Thread 0x000001a8c5c3fb60 Exception <a 'sun/nio/fs/WindowsException'{0x000000071111ad38}> (0x000000071111ad38) 
thrown [s\src\hotspot\share\prims\jni.cpp, line 520]
Event: 1853.629 Thread 0x000001a8c5c3fb60 Exception <a 'java/lang/NoClassDefFoundError'{0x0000000710ae3d28}: org/jetbrains/kotlin/gradle/plugin/KotlinPluginWrapper> (0x0000000710ae3d28) 
thrown [s\src\hotspot\share\oops\constantPool.cpp, line 873]
Event: 1853.629 Thread 0x000001a8c5c3fb60 Exception <a 'java/lang/NoClassDefFoundError'{0x0000000710ae63e0}: org/graalvm/buildtools/gradle/NativeImagePlugin> (0x0000000710ae63e0) 
thrown [s\src\hotspot\share\oops\constantPool.cpp, line 873]
Event: 1853.629 Thread 0x000001a8c5c3fb60 Exception <a 'java/lang/NoClassDefFoundError'{0x0000000710ae8a88}: org/cyclonedx/gradle/CyclonedxPlugin> (0x0000000710ae8a88) 
thrown [s\src\hotspot\share\oops\constantPool.cpp, line 873]
Event: 1853.630 Thread 0x000001a8c5c3fb60 Exception <a 'java/lang/NoClassDefFoundError'{0x0000000710aeb140}: com/google/protobuf/gradle/ProtobufPlugin> (0x0000000710aeb140) 
thrown [s\src\hotspot\share\oops\constantPool.cpp, line 873]
Event: 1854.061 Thread 0x000001a8c5c3fb60 Exception <a 'sun/nio/fs/WindowsException'{0x0000000710b45250}> (0x0000000710b45250) 
thrown [s\src\hotspot\share\prims\jni.cpp, line 520]
Event: 1857.174 Thread 0x000001a8c7b89dd0 Exception <a 'sun/net/ConnectionResetException'{0x0000000710958fb8}: Connection reset> (0x0000000710958fb8) 
thrown [s\src\hotspot\share\prims\jni.cpp, line 539]

ZGC Phase Switch (0 events):
No events

VM Operations (20 events):
Event: 1853.891 Executing safepoint VM operation: Cleanup
Event: 1853.892 Executing safepoint VM operation: Cleanup done
Event: 1854.899 Executing safepoint VM operation: Cleanup
Event: 1854.899 Executing safepoint VM operation: Cleanup done
Event: 1855.913 Executing safepoint VM operation: Cleanup
Event: 1855.913 Executing safepoint VM operation: Cleanup done
Event: 1856.914 Executing safepoint VM operation: Cleanup
Event: 1856.914 Executing safepoint VM operation: Cleanup done
Event: 1857.922 Executing safepoint VM operation: Cleanup
Event: 1857.922 Executing safepoint VM operation: Cleanup done
Event: 1858.932 Executing safepoint VM operation: Cleanup
Event: 1858.932 Executing safepoint VM operation: Cleanup done
Event: 1860.953 Executing safepoint VM operation: Cleanup
Event: 1860.953 Executing safepoint VM operation: Cleanup done
Event: 1862.830 Executing non-safepoint VM operation: HandshakeAllThreads (HandshakeForDeflation)
Event: 1862.830 Executing non-safepoint VM operation: HandshakeAllThreads (HandshakeForDeflation) done
Event: 1862.830 Executing safepoint VM operation: Cleanup
Event: 1862.830 Executing safepoint VM operation: Cleanup done
Event: 1862.862 Executing non-safepoint VM operation: RendezvousGCThreads
Event: 1862.862 Executing non-safepoint VM operation: RendezvousGCThreads done

Memory protections (0 events):
No events

Nmethod flushes (20 events):
Event: 1813.574 Thread 0x000001a8fe1f11e0 flushing  nmethod 0x000001a8e781bf90
Event: 1813.574 Thread 0x000001a8fe1f11e0 flushing  nmethod 0x000001a8e7920210
Event: 1813.574 Thread 0x000001a8fe1f11e0 flushing  nmethod 0x000001a8e7920710
Event: 1813.574 Thread 0x000001a8fe1f11e0 flushing  nmethod 0x000001a8eef5ba90
Event: 1813.574 Thread 0x000001a8fe1f11e0 flushing  nmethod 0x000001a8e733b410
Event: 1813.574 Thread 0x000001a8fe1f11e0 flushing  nmethod 0x000001a8e73c0310
Event: 1813.574 Thread 0x000001a8fe1f11e0 flushing  nmethod 0x000001a8e73d2890
Event: 1813.574 Thread 0x000001a8fe1f11e0 flushing  nmethod 0x000001a8e7481310
Event: 1813.574 Thread 0x000001a8fe1f11e0 flushing  nmethod 0x000001a8e7487410
Event: 1813.574 Thread 0x000001a8fe1f11e0 flushing  nmethod 0x000001a8e748ba10
Event: 1813.574 Thread 0x000001a8fe1f11e0 flushing  nmethod 0x000001a8e748c410
Event: 1813.574 Thread 0x000001a8fe1f11e0 flushing  nmethod 0x000001a8e75ea710
Event: 1813.574 Thread 0x000001a8fe1f11e0 flushing  nmethod 0x000001a8e7682910
Event: 1813.574 Thread 0x000001a8fe1f11e0 flushing  nmethod 0x000001a8e7685610
Event: 1813.574 Thread 0x000001a8fe1f11e0 flushing  nmethod 0x000001a8e772ec90
Event: 1813.574 Thread 0x000001a8fe1f11e0 flushing  nmethod 0x000001a8e7760d90
Event: 1813.574 Thread 0x000001a8fe1f11e0 flushing  nmethod 0x000001a8e78b9890
Event: 1813.574 Thread 0x000001a8fe1f11e0 flushing  nmethod 0x000001a8e78c3310
Event: 1813.574 Thread 0x000001a8fe1f11e0 flushing  nmethod 0x000001a8e7966f90
Event: 1813.574 Thread 0x000001a8fe1f11e0 flushing  nmethod 0x000001a8e796a190

Events (20 events):
Event: 1856.337 Thread 0x000001a8c7b862c0 Thread added: 0x000001a8c7b89dd0
Event: 1856.565 Thread 0x000001a8c5e0bd60 Thread added: 0x000001a8c7b86950
Event: 1856.715 Thread 0x000001a8c7b862c0 Thread added: 0x000001a8c7b8a460
Event: 1856.945 Thread 0x000001a8c5e0bd60 Thread added: 0x000001a8c7b86fe0
Event: 1857.170 Thread 0x000001a8c7b8a460 Thread exited: 0x000001a8c7b8a460
Event: 1857.171 Thread 0x000001a8c7b86fe0 Thread exited: 0x000001a8c7b86fe0
Event: 1857.178 Thread 0x000001a8c7b89dd0 Thread exited: 0x000001a8c7b89dd0
Event: 1857.181 Thread 0x000001a8c7b86950 Thread exited: 0x000001a8c7b86950
Event: 1857.262 Thread 0x000001a8c5c3fb60 Thread added: 0x000001a8c7b89dd0
Event: 1857.284 Thread 0x000001a8c5c3fb60 Thread added: 0x000001a8c7b86950
Event: 1857.301 Thread 0x000001a8c5c3fb60 Thread added: 0x000001a8c7b8a460
Event: 1857.476 Thread 0x000001a8c5e0bd60 Thread added: 0x000001a8c7b86fe0
Event: 1857.810 Thread 0x000001a8c5e0bd60 Thread added: 0x000001a8c7b8aaf0
Event: 1857.819 Thread 0x000001a8c5c3fb60 Thread added: 0x000001a8c7b8c530
Event: 1858.148 Thread 0x000001a8c5c3fb60 Thread added: 0x000001a8c7b8b180
Event: 1860.781 Thread 0x000001a8c7b86fe0 Thread exited: 0x000001a8c7b86fe0
Event: 1860.782 Thread 0x000001a8c7b8aaf0 Thread exited: 0x000001a8c7b8aaf0
Event: 1862.648 Thread 0x000001a8c5c3fb60 Thread added: 0x000001a8c7b86fe0
Event: 1863.328 Thread 0x000001a8c5c3fb60 Thread added: 0x000001a8c7b8aaf0
Event: 1863.711 Thread 0x000001a8c5c3fb60 Thread added: 0x000001a8c702d100


Dynamic libraries:
0x00007ff797e40000 - 0x00007ff797e4e000 	C:\Users\Coding\.vscode\extensions\redhat.java-1.56.0-win32-x64\jre\21.0.12.1-win32-x86_64\bin\java.exe
0x00007ff9e5f00000 - 0x00007ff9e6167000 	C:\WINDOWS\SYSTEM32\ntdll.dll
0x00007ff9e4c60000 - 0x00007ff9e4d2b000 	C:\WINDOWS\System32\KERNEL32.DLL
0x00007ff9e3730000 - 0x00007ff9e3b31000 	C:\WINDOWS\System32\KERNELBASE.dll
0x00007ff9dff40000 - 0x00007ff9dffdf000 	C:\WINDOWS\SYSTEM32\apphelp.dll
0x00007ff9e35d0000 - 0x00007ff9e371c000 	C:\WINDOWS\System32\ucrtbase.dll
0x00007ff8eb8c0000 - 0x00007ff8eb8d8000 	C:\Users\Coding\.vscode\extensions\redhat.java-1.56.0-win32-x64\jre\21.0.12.1-win32-x86_64\bin\jli.dll
0x00007ff9e40b0000 - 0x00007ff9e4287000 	C:\WINDOWS\System32\USER32.dll
0x00007ff9e3bf0000 - 0x00007ff9e3c17000 	C:\WINDOWS\System32\win32u.dll
0x00007ff9e4d30000 - 0x00007ff9e4d5b000 	C:\WINDOWS\System32\GDI32.dll
0x00007ff9e33e0000 - 0x00007ff9e3508000 	C:\WINDOWS\System32\gdi32full.dll
0x00007ff9e3b40000 - 0x00007ff9e3be3000 	C:\WINDOWS\System32\msvcp_win.dll
0x00007ff9d1590000 - 0x00007ff9d1820000 	C:\WINDOWS\WinSxS\amd64_microsoft.windows.common-controls_6595b64144ccf1df_6.0.26100.9549_none_3e0a0396e3330090\COMCTL32.dll
0x00007ff9e5290000 - 0x00007ff9e5339000 	C:\WINDOWS\System32\msvcrt.dll
0x00007ff8eb8e0000 - 0x00007ff8eb8fe000 	C:\Users\Coding\.vscode\extensions\redhat.java-1.56.0-win32-x64\jre\21.0.12.1-win32-x86_64\bin\VCRUNTIME140.dll
0x00007ff9e5190000 - 0x00007ff9e51c1000 	C:\WINDOWS\System32\IMM32.DLL
0x00007ff9d7880000 - 0x00007ff9d788c000 	C:\Users\Coding\.vscode\extensions\redhat.java-1.56.0-win32-x64\jre\21.0.12.1-win32-x86_64\bin\vcruntime140_1.dll
0x00007ff8eb830000 - 0x00007ff8eb8bd000 	C:\Users\Coding\.vscode\extensions\redhat.java-1.56.0-win32-x64\jre\21.0.12.1-win32-x86_64\bin\msvcp140.dll
0x00007ff8eaa80000 - 0x00007ff8eb822000 	C:\Users\Coding\.vscode\extensions\redhat.java-1.56.0-win32-x64\jre\21.0.12.1-win32-x86_64\bin\server\jvm.dll
0x00007ff9e4e10000 - 0x00007ff9e4ecb000 	C:\WINDOWS\System32\ADVAPI32.dll
0x00007ff9e4d60000 - 0x00007ff9e4e08000 	C:\WINDOWS\System32\sechost.dll
0x00007ff9e55b0000 - 0x00007ff9e56c8000 	C:\WINDOWS\System32\RPCRT4.dll
0x00007ff9e5200000 - 0x00007ff9e5281000 	C:\WINDOWS\System32\WS2_32.dll
0x00007ff9e2f50000 - 0x00007ff9e2fae000 	C:\WINDOWS\SYSTEM32\POWRPROF.dll
0x00007ff9dabe0000 - 0x00007ff9dac17000 	C:\WINDOWS\SYSTEM32\WINMM.dll
0x00007ff9dac20000 - 0x00007ff9dac2b000 	C:\WINDOWS\SYSTEM32\VERSION.dll
0x00007ff9e2f30000 - 0x00007ff9e2f45000 	C:\WINDOWS\SYSTEM32\UMPDC.dll
0x00007ff9e1d60000 - 0x00007ff9e1d7b000 	C:\WINDOWS\SYSTEM32\kernel.appcore.dll
0x00007ff9d7840000 - 0x00007ff9d784a000 	C:\Users\Coding\.vscode\extensions\redhat.java-1.56.0-win32-x64\jre\21.0.12.1-win32-x86_64\bin\jimage.dll
0x00007ff9d5b30000 - 0x00007ff9d5d7c000 	C:\WINDOWS\SYSTEM32\DBGHELP.DLL
0x00007ff9e5770000 - 0x00007ff9e5afa000 	C:\WINDOWS\System32\combase.dll
0x00007ff9e50b0000 - 0x00007ff9e5189000 	C:\WINDOWS\System32\OLEAUT32.dll
0x00007ff9cd850000 - 0x00007ff9cd88b000 	C:\WINDOWS\SYSTEM32\dbgcore.DLL
0x00007ff9e3510000 - 0x00007ff9e35bc000 	C:\WINDOWS\System32\bcryptPrimitives.dll
0x00007ff9669f0000 - 0x00007ff9669ff000 	C:\Users\Coding\.vscode\extensions\redhat.java-1.56.0-win32-x64\jre\21.0.12.1-win32-x86_64\bin\instrument.dll
0x00007ff8ea800000 - 0x00007ff8ea820000 	C:\Users\Coding\.vscode\extensions\redhat.java-1.56.0-win32-x64\jre\21.0.12.1-win32-x86_64\bin\java.dll
0x00007ff9e4320000 - 0x00007ff9e4abc000 	C:\WINDOWS\System32\SHELL32.dll
0x00007ff9e0b00000 - 0x00007ff9e13ad000 	C:\WINDOWS\SYSTEM32\windows.storage.dll
0x00007ff9e5b10000 - 0x00007ff9e5c09000 	C:\WINDOWS\System32\SHCORE.dll
0x00007ff9e4f40000 - 0x00007ff9e4fa6000 	C:\WINDOWS\System32\shlwapi.dll
0x00007ff9e3010000 - 0x00007ff9e3039000 	C:\WINDOWS\SYSTEM32\profapi.dll
0x00007ff8ea7e0000 - 0x00007ff8ea7f8000 	C:\Users\Coding\.vscode\extensions\redhat.java-1.56.0-win32-x64\jre\21.0.12.1-win32-x86_64\bin\zip.dll
0x00007ff96ab00000 - 0x00007ff96ab10000 	C:\Users\Coding\.vscode\extensions\redhat.java-1.56.0-win32-x64\jre\21.0.12.1-win32-x86_64\bin\net.dll
0x00007ff9dbd20000 - 0x00007ff9dbe4a000 	C:\WINDOWS\SYSTEM32\WINHTTP.dll
0x00007ff9e2300000 - 0x00007ff9e236c000 	C:\WINDOWS\system32\mswsock.dll
0x00007ff8e9c80000 - 0x00007ff8e9c96000 	C:\Users\Coding\.vscode\extensions\redhat.java-1.56.0-win32-x64\jre\21.0.12.1-win32-x86_64\bin\nio.dll
0x00007ff962f20000 - 0x00007ff962f30000 	C:\Users\Coding\.vscode\extensions\redhat.java-1.56.0-win32-x64\jre\21.0.12.1-win32-x86_64\bin\verify.dll
0x00007ff9d4590000 - 0x00007ff9d45b7000 	C:\Users\Coding\.gradle\native\660c5614fbf4a5f2a75b1949f50a0caf5cd603558e7d8a26e50b933a0cfb79d1\windows-amd64\native-platform.dll
0x00007ff9db600000 - 0x00007ff9db677000 	C:\Users\Coding\.gradle\native\0.2.8\x86_64-windows-gnu\gradle-fileevents.dll
0x00007ff968940000 - 0x00007ff96894a000 	C:\Users\Coding\.vscode\extensions\redhat.java-1.56.0-win32-x64\jre\21.0.12.1-win32-x86_64\bin\management.dll
0x00007ff968930000 - 0x00007ff96893c000 	C:\Users\Coding\.vscode\extensions\redhat.java-1.56.0-win32-x64\jre\21.0.12.1-win32-x86_64\bin\management_ext.dll
0x00007ff9e5400000 - 0x00007ff9e5408000 	C:\WINDOWS\System32\PSAPI.DLL
0x00007ff9e1710000 - 0x00007ff9e1743000 	C:\WINDOWS\SYSTEM32\IPHLPAPI.DLL
0x00007ff9e4ed0000 - 0x00007ff9e4eda000 	C:\WINDOWS\System32\NSI.dll
0x00007ff9689d0000 - 0x00007ff9689d9000 	C:\Users\Coding\.vscode\extensions\redhat.java-1.56.0-win32-x64\jre\21.0.12.1-win32-x86_64\bin\extnet.dll
0x00007ff9e2740000 - 0x00007ff9e275b000 	C:\WINDOWS\SYSTEM32\CRYPTSP.dll
0x00007ff9e1cc0000 - 0x00007ff9e1cf9000 	C:\WINDOWS\system32\rsaenh.dll
0x00007ff9e23b0000 - 0x00007ff9e23e4000 	C:\WINDOWS\SYSTEM32\USERENV.dll
0x00007ff9e2fe0000 - 0x00007ff9e300a000 	C:\WINDOWS\SYSTEM32\bcrypt.dll
0x00007ff9e2560000 - 0x00007ff9e256c000 	C:\WINDOWS\SYSTEM32\CRYPTBASE.dll
0x00007ff96a3d0000 - 0x00007ff96a3de000 	C:\Users\Coding\.vscode\extensions\redhat.java-1.56.0-win32-x64\jre\21.0.12.1-win32-x86_64\bin\sunmscapi.dll
0x00007ff9e3250000 - 0x00007ff9e33cf000 	C:\WINDOWS\System32\CRYPT32.dll
0x00007ff9e28b0000 - 0x00007ff9e28e0000 	C:\WINDOWS\SYSTEM32\ncrypt.dll
0x00007ff9e2860000 - 0x00007ff9e289f000 	C:\WINDOWS\SYSTEM32\NTASN1.dll
0x00007ff983db0000 - 0x00007ff983db8000 	C:\WINDOWS\system32\wshunix.dll

JVMTI agents:
C:\Users\Coding\.gradle\wrapper\dists\gradle-9.7.1-bin\1w1c7tv4s851m17nbqdsro2tv\gradle-9.7.1\lib\agents\gradle-instrumentation-agent-9.7.1.jar path:C:\Users\Coding\.vscode\extensions\redhat.java-1.56.0-win32-x64\jre\21.0.12.1-win32-x86_64\bin\instrument.dll, loaded, initialized, instrumentlib options:none

dbghelp: loaded successfully - version: 4.0.5 - missing functions: none
symbol engine: initialized successfully - sym options: 0x614 - pdb path: .;C:\Users\Coding\.vscode\extensions\redhat.java-1.56.0-win32-x64\jre\21.0.12.1-win32-x86_64\bin;C:\WINDOWS\SYSTEM32;C:\WINDOWS\WinSxS\amd64_microsoft.windows.common-controls_6595b64144ccf1df_6.0.26100.9549_none_3e0a0396e3330090;C:\Users\Coding\.vscode\extensions\redhat.java-1.56.0-win32-x64\jre\21.0.12.1-win32-x86_64\bin\server;C:\Users\Coding\.gradle\native\660c5614fbf4a5f2a75b1949f50a0caf5cd603558e7d8a26e50b933a0cfb79d1\windows-amd64;C:\Users\Coding\.gradle\native\0.2.8\x86_64-windows-gnu

VM Arguments:
jvm_args: --add-opens=java.base/java.lang=ALL-UNNAMED --add-opens=java.base/java.lang.invoke=ALL-UNNAMED --add-opens=java.base/java.util=ALL-UNNAMED --add-opens=java.prefs/java.util.prefs=ALL-UNNAMED --add-exports=jdk.compiler/com.sun.tools.javac.api=ALL-UNNAMED --add-exports=jdk.compiler/com.sun.tools.javac.util=ALL-UNNAMED --add-opens=java.base/java.nio.charset=ALL-UNNAMED --add-opens=java.base/java.net=ALL-UNNAMED --add-opens=java.base/java.util.concurrent=ALL-UNNAMED --add-opens=java.base/java.util.concurrent.atomic=ALL-UNNAMED --add-opens=java.xml/javax.xml.namespace=ALL-UNNAMED --add-opens=java.base/java.time=ALL-UNNAMED -Dfile.encoding=UTF-8 -Duser.country=KR -Duser.language=ko -Duser.variant -javaagent:C:\Users\Coding\.gradle\wrapper\dists\gradle-9.7.1-bin\1w1c7tv4s851m17nbqdsro2tv\gradle-9.7.1\lib\agents\gradle-instrumentation-agent-9.7.1.jar 
java_command: org.gradle.launcher.daemon.bootstrap.GradleDaemon 9.7.1
java_class_path (initial): C:\Users\Coding\.gradle\wrapper\dists\gradle-9.7.1-bin\1w1c7tv4s851m17nbqdsro2tv\gradle-9.7.1\lib\gradle-daemon-main-9.7.1.jar
Launcher Type: SUN_STANDARD

[Global flags]
     intx CICompilerCount                          = 4                                         {product} {ergonomic}
     uint ConcGCThreads                            = 3                                         {product} {ergonomic}
     uint G1ConcRefinementThreads                  = 10                                        {product} {ergonomic}
   size_t G1HeapRegionSize                         = 2097152                                   {product} {ergonomic}
    uintx GCDrainStackTargetSize                   = 64                                        {product} {ergonomic}
   size_t InitialHeapSize                          = 260046848                                 {product} {ergonomic}
   size_t MarkStackSize                            = 4194304                                   {product} {ergonomic}
   size_t MaxHeapSize                              = 4135583744                                {product} {ergonomic}
   size_t MaxNewSize                               = 2480930816                                {product} {ergonomic}
   size_t MinHeapDeltaBytes                        = 2097152                                   {product} {ergonomic}
   size_t MinHeapSize                              = 8388608                                   {product} {ergonomic}
    uintx NonNMethodCodeHeapSize                   = 5839372                                {pd product} {ergonomic}
    uintx NonProfiledCodeHeapSize                  = 122909434                              {pd product} {ergonomic}
    uintx ProfiledCodeHeapSize                     = 122909434                              {pd product} {ergonomic}
    uintx ReservedCodeCacheSize                    = 251658240                              {pd product} {ergonomic}
     bool SegmentedCodeCache                       = true                                      {product} {ergonomic}
   size_t SoftMaxHeapSize                          = 4135583744                             {manageable} {ergonomic}
     bool UseCompressedOops                        = true                           {product lp64_product} {ergonomic}
     bool UseG1GC                                  = true                                      {product} {ergonomic}
     bool UseLargePagesIndividualAllocation        = false                                  {pd product} {ergonomic}

Logging:
Log output configuration:
 #0: stdout all=warning uptime,level,tags foldmultilines=false
 #1: stderr all=off uptime,level,tags foldmultilines=false

Release file:
JAVA_VERSION="21.0.12.1" 
MODULES="java.base java.compiler java.datatransfer java.xml java.prefs java.desktop java.instrument java.logging java.management java.security.sasl java.naming java.rmi java.management.rmi java.net.http java.scripting java.security.jgss java.transaction.xa java.sql java.sql.rowset java.xml.crypto java.se java.smartcardio jdk.accessibility jdk.internal.jvmstat jdk.attach jdk.charsets jdk.internal.opt jdk.zipfs jdk.compiler jdk.crypto.ec jdk.crypto.cryptoki jdk.crypto.mscapi jdk.dynalink jdk.internal.ed jdk.editpad jdk.hotspot.agent jdk.httpserver jdk.internal.le jdk.internal.vm.ci jdk.internal.vm.compiler jdk.internal.vm.compiler.management jdk.jartool jdk.javadoc jdk.jcmd jdk.management jdk.management.agent jdk.jconsole jdk.jdeps jdk.jdwp.agent jdk.jdi jdk.jfr jdk.jshell jdk.jsobject jdk.jstatd jdk.localedata jdk.management.jfr jdk.naming.dns jdk.naming.rmi jdk.net jdk.nio.mapmode jdk.random jdk.sctp jdk.security.auth jdk.security.jgss jdk.unsupported jdk.unsupported.desktop jdk.xml.dom" 

Environment Variables:
JAVA_HOME=C:\Users\Coding\AppData\Local\Programs\Eclipse Adoptium\jdk-17.0.7.7-hotspot\
PATH=C:\app\Coding\product\21c\dbhomeXE\bin;c:\Users\Coding\AppData\Local\Programs\cursor\resources\app\bin;C:\oracle\app\oracle\product\19.0.0.0\db_1\bin;C:\WINDOWS\system32;C:\WINDOWS;C:\WINDOWS\System32\Wbem;C:\WINDOWS\System32\WindowsPowerShell\v1.0\;C:\WINDOWS\System32\OpenSSH\;C:\Program Files\Bandizip\;C:\Program Files\Git\cmd;C:\Users\Coding\AppData\Local\Programs\Python\Python313\Scripts\;C:\Users\Coding\AppData\Local\Programs\Python\Python313\;C:\Users\Coding\AppData\Local\Programs\Python\Launcher\;C:\Users\Coding\AppData\Local\Programs\Eclipse Adoptium\jdk-17.0.7.7-hotspot\bin;C:\Users\Coding\AppData\Local\Microsoft\WindowsApps;C:\Users\Coding\AppData\Roaming\npm;C:\Program Files\JetBrains\IntelliJ IDEA Community Edition 2024.2.0.2\bin;C:\Users\Coding\AppData\Local\Programs\cursor\resources\app\bin;c:\Users\Coding\AppData\Local\Programs\cursor\resources\app\bin;C:\Users\Coding\AppData\Local\nvm;C:\nvm4w\nodejs;C:\Program Files\cursor\resources\app\bin;C:\Program Files\GitHub CLI\;C:\Users\Coding\AppData\Local\Programs\Microsoft VS Code\bin;C:\Users\Coding\AppData\Local\nvm;C:\nvm4w\nodejs;C:\Users\Coding\AppData\Local\JetBrains\Toolbox\scripts
USERNAME=Coding
OS=Windows_NT
PROCESSOR_IDENTIFIER=AMD64 Family 25 Model 80 Stepping 0, AuthenticAMD
TMP=C:\Users\Coding\AppData\Local\Temp
TEMP=C:\Users\Coding\AppData\Local\Temp




Periodic native trim disabled

---------------  S Y S T E M  ---------------

OS:
 Windows 11 , 64 bit Build 26100 (10.0.26100.9549)
OS uptime: 0 days 1:35 hours
Hyper-V role detected

CPU: total 12 (initial active 12) (12 cores per cpu, 2 threads per core) family 25 model 80 stepping 0 microcode 0xa50000c, cx8, cmov, fxsr, ht, mmx, 3dnowpref, sse, sse2, sse3, ssse3, sse4a, sse4.1, sse4.2, popcnt, lzcnt, tsc, tscinvbit, avx, avx2, aes, erms, clmul, bmi1, bmi2, adx, sha, fma, vzeroupper, clflush, clflushopt, hv, rdtscp, rdpid, fsrm, f16c, cet_ss
Processor Information for the first 12 processors :
  Max Mhz: 2301, Current Mhz: 2301, Mhz Limit: 2301

Memory: 4k page, system-wide physical 15774M (285M free)
TotalPageFile size 64926M (AvailPageFile size 1734M)
current process WorkingSet (physical memory assigned to process): 224M, peak: 327M
current process commit charge ("private bytes"): 343M, peak: 460M

vm_info: OpenJDK 64-Bit Server VM (21.0.12.1+1-LTS) for windows-amd64 JRE (21.0.12.1+1-LTS), built on 2026-08-18T00:00:00Z by "admin" with MS VC++ 17.12 (VS2022)

END.
